
===========================================================================
 report_power
============================================================================
======================= Fastest Corner ===================================

Group                  Internal  Switching    Leakage      Total
                          Power      Power      Power      Power (Watts)
----------------------------------------------------------------
Sequential             8.53e-05   1.95e-05   2.31e-09   1.05e-04  22.7%
Combinational          1.71e-04   1.87e-04   1.33e-08   3.58e-04  77.3%
Macro                  0.00e+00   0.00e+00   0.00e+00   0.00e+00   0.0%
Pad                    0.00e+00   0.00e+00   0.00e+00   0.00e+00   0.0%
----------------------------------------------------------------
Total                  2.57e-04   2.06e-04   1.57e-08   4.63e-04 100.0%
                          55.4%      44.5%       0.0%

======================= Slowest Corner ===================================

Group                  Internal  Switching    Leakage      Total
                          Power      Power      Power      Power (Watts)
----------------------------------------------------------------
Sequential             5.76e-05   1.27e-05   2.27e-06   7.26e-05  22.4%
Combinational          1.23e-04   1.22e-04   6.43e-06   2.52e-04  77.6%
Macro                  0.00e+00   0.00e+00   0.00e+00   0.00e+00   0.0%
Pad                    0.00e+00   0.00e+00   0.00e+00   0.00e+00   0.0%
----------------------------------------------------------------
Total                  1.81e-04   1.35e-04   8.71e-06   3.25e-04 100.0%
                          55.7%      41.6%       2.7%

======================= Typical Corner ===================================

Group                  Internal  Switching    Leakage      Total
                          Power      Power      Power      Power (Watts)
----------------------------------------------------------------
Sequential             7.38e-05   1.63e-05   1.30e-09   9.01e-05  22.5%
Combinational          1.53e-04   1.57e-04   6.16e-09   3.10e-04  77.5%
Macro                  0.00e+00   0.00e+00   0.00e+00   0.00e+00   0.0%
Pad                    0.00e+00   0.00e+00   0.00e+00   0.00e+00   0.0%
----------------------------------------------------------------
Total                  2.27e-04   1.73e-04   7.46e-09   4.00e-04 100.0%
                          56.6%      43.4%       0.0%

