
===========================================================================
 report_power
============================================================================
======================= Fastest Corner ===================================

Group                  Internal  Switching    Leakage      Total
                          Power      Power      Power      Power (Watts)
----------------------------------------------------------------
Sequential             8.53e-05   2.18e-05   2.31e-09   1.07e-04  22.3%
Combinational          1.72e-04   2.01e-04   1.33e-08   3.73e-04  77.7%
Macro                  0.00e+00   0.00e+00   0.00e+00   0.00e+00   0.0%
Pad                    0.00e+00   0.00e+00   0.00e+00   0.00e+00   0.0%
----------------------------------------------------------------
Total                  2.57e-04   2.23e-04   1.57e-08   4.80e-04 100.0%
                          53.5%      46.5%       0.0%

======================= Slowest Corner ===================================

Group                  Internal  Switching    Leakage      Total
                          Power      Power      Power      Power (Watts)
----------------------------------------------------------------
Sequential             5.76e-05   1.42e-05   2.27e-06   7.41e-05  22.0%
Combinational          1.24e-04   1.32e-04   6.43e-06   2.62e-04  78.0%
Macro                  0.00e+00   0.00e+00   0.00e+00   0.00e+00   0.0%
Pad                    0.00e+00   0.00e+00   0.00e+00   0.00e+00   0.0%
----------------------------------------------------------------
Total                  1.81e-04   1.47e-04   8.71e-06   3.36e-04 100.0%
                          53.8%      43.6%       2.6%

======================= Typical Corner ===================================

Group                  Internal  Switching    Leakage      Total
                          Power      Power      Power      Power (Watts)
----------------------------------------------------------------
Sequential             7.37e-05   1.82e-05   1.30e-09   9.20e-05  22.2%
Combinational          1.53e-04   1.70e-04   6.16e-09   3.23e-04  77.8%
Macro                  0.00e+00   0.00e+00   0.00e+00   0.00e+00   0.0%
Pad                    0.00e+00   0.00e+00   0.00e+00   0.00e+00   0.0%
----------------------------------------------------------------
Total                  2.27e-04   1.88e-04   7.46e-09   4.15e-04 100.0%
                          54.7%      45.3%       0.0%

