
===========================================================================
 report_power
============================================================================
======================= Fastest Corner ===================================

Group                  Internal  Switching    Leakage      Total
                          Power      Power      Power      Power (Watts)
----------------------------------------------------------------
Sequential             8.53e-05   2.07e-05   2.31e-09   1.06e-04  22.4%
Combinational          1.71e-04   1.95e-04   1.33e-08   3.66e-04  77.6%
Macro                  0.00e+00   0.00e+00   0.00e+00   0.00e+00   0.0%
Pad                    0.00e+00   0.00e+00   0.00e+00   0.00e+00   0.0%
----------------------------------------------------------------
Total                  2.57e-04   2.15e-04   1.57e-08   4.72e-04 100.0%
                          54.4%      45.6%       0.0%

======================= Slowest Corner ===================================

Group                  Internal  Switching    Leakage      Total
                          Power      Power      Power      Power (Watts)
----------------------------------------------------------------
Sequential             5.76e-05   1.35e-05   2.27e-06   7.34e-05  22.2%
Combinational          1.23e-04   1.28e-04   6.43e-06   2.58e-04  77.8%
Macro                  0.00e+00   0.00e+00   0.00e+00   0.00e+00   0.0%
Pad                    0.00e+00   0.00e+00   0.00e+00   0.00e+00   0.0%
----------------------------------------------------------------
Total                  1.81e-04   1.41e-04   8.71e-06   3.31e-04 100.0%
                          54.7%      42.7%       2.6%

======================= Typical Corner ===================================

Group                  Internal  Switching    Leakage      Total
                          Power      Power      Power      Power (Watts)
----------------------------------------------------------------
Sequential             7.38e-05   1.74e-05   1.30e-09   9.11e-05  22.3%
Combinational          1.53e-04   1.64e-04   6.16e-09   3.17e-04  77.7%
Macro                  0.00e+00   0.00e+00   0.00e+00   0.00e+00   0.0%
Pad                    0.00e+00   0.00e+00   0.00e+00   0.00e+00   0.0%
----------------------------------------------------------------
Total                  2.27e-04   1.81e-04   7.46e-09   4.08e-04 100.0%
                          55.5%      44.5%       0.0%

