
===========================================================================
report_checks -unconstrained
===========================================================================
======================= Fastest Corner ===================================

Startpoint: i_rst_n (input port clocked by i_clk)
Endpoint: _2070_ (rising edge-triggered flip-flop clocked by i_clk)
Path Group: i_clk
Path Type: max
Corner: Fastest

Fanout     Cap    Slew   Delay    Time   Description
-----------------------------------------------------------------------------
                          0.00    0.00   clock i_clk (rise edge)
                          0.00    0.00   clock network delay (propagated)
                         20.00   20.00 ^ input external delay
                  0.00    0.00   20.00 ^ i_rst_n (in)
     1    0.00                           i_rst_n (net)
                  0.00    0.00   20.00 ^ input2/A (sky130_fd_sc_hd__dlymetal6s2s_1)
                  0.16    0.14   20.14 ^ input2/X (sky130_fd_sc_hd__dlymetal6s2s_1)
     5    0.02                           net2 (net)
                  0.16    0.00   20.14 ^ _1031_/B1_N (sky130_fd_sc_hd__a21boi_4)
                  0.15    0.15   20.29 ^ _1031_/Y (sky130_fd_sc_hd__a21boi_4)
     4    0.02                           _0434_ (net)
                  0.15    0.00   20.29 ^ _1034_/B1 (sky130_fd_sc_hd__o21a_4)
                  0.13    0.15   20.44 ^ _1034_/X (sky130_fd_sc_hd__o21a_4)
    10    0.05                           _0436_ (net)
                  0.13    0.00   20.44 ^ _1037_/B (sky130_fd_sc_hd__and2_1)
                  0.12    0.15   20.59 ^ _1037_/X (sky130_fd_sc_hd__and2_1)
     3    0.02                           _0439_ (net)
                  0.12    0.00   20.59 ^ _1047_/A2 (sky130_fd_sc_hd__o21ba_1)
                  0.03    0.08   20.67 ^ _1047_/X (sky130_fd_sc_hd__o21ba_1)
     1    0.00                           _0448_ (net)
                  0.03    0.00   20.67 ^ _1048_/A (sky130_fd_sc_hd__buf_2)
                  0.12    0.13   20.80 ^ _1048_/X (sky130_fd_sc_hd__buf_2)
     9    0.03                           _0051_ (net)
                  0.12    0.00   20.80 ^ _1058_/B (sky130_fd_sc_hd__nor2_1)
                  0.05    0.05   20.86 v _1058_/Y (sky130_fd_sc_hd__nor2_1)
     3    0.01                           _0456_ (net)
                  0.05    0.00   20.86 v _1060_/A (sky130_fd_sc_hd__or2b_1)
                  0.05    0.15   21.01 v _1060_/X (sky130_fd_sc_hd__or2b_1)
     3    0.01                           _0458_ (net)
                  0.05    0.00   21.01 v _1066_/B1 (sky130_fd_sc_hd__o211a_1)
                  0.03    0.08   21.09 v _1066_/X (sky130_fd_sc_hd__o211a_1)
     1    0.00                           _0462_ (net)
                  0.03    0.00   21.09 v _1070_/A (sky130_fd_sc_hd__or2_1)
                  0.04    0.14   21.23 v _1070_/X (sky130_fd_sc_hd__or2_1)
     1    0.01                           _0465_ (net)
                  0.04    0.00   21.23 v _1071_/A (sky130_fd_sc_hd__clkbuf_1)
                  0.02    0.06   21.29 v _1071_/X (sky130_fd_sc_hd__clkbuf_1)
     1    0.00                           _0003_ (net)
                  0.02    0.00   21.29 v _2070_/D (sky130_fd_sc_hd__dfxtp_1)
                                 21.29   data arrival time

                        100.00  100.00   clock i_clk (rise edge)
                          0.00  100.00   clock source latency
                  0.00    0.00  100.00 ^ i_clk (in)
     1    0.03                           i_clk (net)
                  0.00    0.00  100.00 ^ clkbuf_0_i_clk/A (sky130_fd_sc_hd__clkbuf_16)
                  0.11    0.14  100.14 ^ clkbuf_0_i_clk/X (sky130_fd_sc_hd__clkbuf_16)
    16    0.13                           clknet_0_i_clk (net)
                  0.11    0.00  100.14 ^ clkbuf_4_6_0_i_clk/A (sky130_fd_sc_hd__clkbuf_8)
                  0.06    0.12  100.26 ^ clkbuf_4_6_0_i_clk/X (sky130_fd_sc_hd__clkbuf_8)
    11    0.04                           clknet_4_6_0_i_clk (net)
                  0.06    0.00  100.26 ^ _2070_/CLK (sky130_fd_sc_hd__dfxtp_1)
                         -0.50   99.76   clock uncertainty
                          0.00   99.76   clock reconvergence pessimism
                         -0.06   99.70   library setup time
                                 99.70   data required time
-----------------------------------------------------------------------------
                                 99.70   data required time
                                -21.29   data arrival time
-----------------------------------------------------------------------------
                                 78.41   slack (MET)



======================= Slowest Corner ===================================

Startpoint: i_rst_n (input port clocked by i_clk)
Endpoint: _2070_ (rising edge-triggered flip-flop clocked by i_clk)
Path Group: i_clk
Path Type: max
Corner: Slowest

Fanout     Cap    Slew   Delay    Time   Description
-----------------------------------------------------------------------------
                          0.00    0.00   clock i_clk (rise edge)
                          0.00    0.00   clock network delay (propagated)
                         20.00   20.00 ^ input external delay
                  0.00    0.00   20.00 ^ i_rst_n (in)
     1    0.00                           i_rst_n (net)
                  0.00    0.00   20.00 ^ input2/A (sky130_fd_sc_hd__dlymetal6s2s_1)
                  0.31    0.30   20.30 ^ input2/X (sky130_fd_sc_hd__dlymetal6s2s_1)
     5    0.02                           net2 (net)
                  0.31    0.00   20.30 ^ _1031_/B1_N (sky130_fd_sc_hd__a21boi_4)
                  0.31    0.51   20.81 ^ _1031_/Y (sky130_fd_sc_hd__a21boi_4)
     4    0.02                           _0434_ (net)
                  0.31    0.00   20.82 ^ _1034_/B1 (sky130_fd_sc_hd__o21a_4)
                  0.27    0.49   21.30 ^ _1034_/X (sky130_fd_sc_hd__o21a_4)
    10    0.05                           _0436_ (net)
                  0.27    0.00   21.31 ^ _1037_/B (sky130_fd_sc_hd__and2_1)
                  0.26    0.44   21.74 ^ _1037_/X (sky130_fd_sc_hd__and2_1)
     3    0.02                           _0439_ (net)
                  0.26    0.00   21.74 ^ _1047_/A2 (sky130_fd_sc_hd__o21ba_1)
                  0.06    0.27   22.02 ^ _1047_/X (sky130_fd_sc_hd__o21ba_1)
     1    0.00                           _0448_ (net)
                  0.06    0.00   22.02 ^ _1048_/A (sky130_fd_sc_hd__buf_2)
                  0.25    0.33   22.35 ^ _1048_/X (sky130_fd_sc_hd__buf_2)
     9    0.03                           _0051_ (net)
                  0.25    0.00   22.35 ^ _1058_/B (sky130_fd_sc_hd__nor2_1)
                  0.11    0.19   22.54 v _1058_/Y (sky130_fd_sc_hd__nor2_1)
     3    0.01                           _0456_ (net)
                  0.11    0.00   22.54 v _1060_/A (sky130_fd_sc_hd__or2b_1)
                  0.14    0.55   23.09 v _1060_/X (sky130_fd_sc_hd__or2b_1)
     3    0.01                           _0458_ (net)
                  0.14    0.00   23.09 v _1066_/B1 (sky130_fd_sc_hd__o211a_1)
                  0.07    0.25   23.34 v _1066_/X (sky130_fd_sc_hd__o211a_1)
     1    0.00                           _0462_ (net)
                  0.07    0.00   23.34 v _1070_/A (sky130_fd_sc_hd__or2_1)
                  0.12    0.52   23.86 v _1070_/X (sky130_fd_sc_hd__or2_1)
     1    0.00                           _0465_ (net)
                  0.12    0.00   23.86 v _1071_/A (sky130_fd_sc_hd__clkbuf_1)
                  0.05    0.18   24.04 v _1071_/X (sky130_fd_sc_hd__clkbuf_1)
     1    0.00                           _0003_ (net)
                  0.05    0.00   24.04 v _2070_/D (sky130_fd_sc_hd__dfxtp_1)
                                 24.04   data arrival time

                        100.00  100.00   clock i_clk (rise edge)
                          0.00  100.00   clock source latency
                  0.00    0.00  100.00 ^ i_clk (in)
     1    0.03                           i_clk (net)
                  0.00    0.00  100.00 ^ clkbuf_0_i_clk/A (sky130_fd_sc_hd__clkbuf_16)
                  0.21    0.31  100.31 ^ clkbuf_0_i_clk/X (sky130_fd_sc_hd__clkbuf_16)
    16    0.13                           clknet_0_i_clk (net)
                  0.21    0.00  100.32 ^ clkbuf_4_6_0_i_clk/A (sky130_fd_sc_hd__clkbuf_8)
                  0.11    0.33  100.65 ^ clkbuf_4_6_0_i_clk/X (sky130_fd_sc_hd__clkbuf_8)
    11    0.03                           clknet_4_6_0_i_clk (net)
                  0.11    0.00  100.65 ^ _2070_/CLK (sky130_fd_sc_hd__dfxtp_1)
                         -0.50  100.15   clock uncertainty
                          0.00  100.15   clock reconvergence pessimism
                         -0.25   99.90   library setup time
                                 99.90   data required time
-----------------------------------------------------------------------------
                                 99.90   data required time
                                -24.04   data arrival time
-----------------------------------------------------------------------------
                                 75.87   slack (MET)



======================= Typical Corner ===================================

Startpoint: i_rst_n (input port clocked by i_clk)
Endpoint: _2070_ (rising edge-triggered flip-flop clocked by i_clk)
Path Group: i_clk
Path Type: max
Corner: Typical

Fanout     Cap    Slew   Delay    Time   Description
-----------------------------------------------------------------------------
                          0.00    0.00   clock i_clk (rise edge)
                          0.00    0.00   clock network delay (propagated)
                         20.00   20.00 ^ input external delay
                  0.00    0.00   20.00 ^ i_rst_n (in)
     1    0.00                           i_rst_n (net)
                  0.00    0.00   20.00 ^ input2/A (sky130_fd_sc_hd__dlymetal6s2s_1)
                  0.21    0.19   20.19 ^ input2/X (sky130_fd_sc_hd__dlymetal6s2s_1)
     5    0.02                           net2 (net)
                  0.21    0.00   20.19 ^ _1031_/B1_N (sky130_fd_sc_hd__a21boi_4)
                  0.20    0.28   20.47 ^ _1031_/Y (sky130_fd_sc_hd__a21boi_4)
     4    0.02                           _0434_ (net)
                  0.20    0.00   20.47 ^ _1034_/B1 (sky130_fd_sc_hd__o21a_4)
                  0.17    0.26   20.73 ^ _1034_/X (sky130_fd_sc_hd__o21a_4)
    10    0.05                           _0436_ (net)
                  0.17    0.00   20.73 ^ _1037_/B (sky130_fd_sc_hd__and2_1)
                  0.16    0.23   20.97 ^ _1037_/X (sky130_fd_sc_hd__and2_1)
     3    0.02                           _0439_ (net)
                  0.16    0.00   20.97 ^ _1047_/A2 (sky130_fd_sc_hd__o21ba_1)
                  0.04    0.13   21.10 ^ _1047_/X (sky130_fd_sc_hd__o21ba_1)
     1    0.00                           _0448_ (net)
                  0.04    0.00   21.10 ^ _1048_/A (sky130_fd_sc_hd__buf_2)
                  0.16    0.19   21.28 ^ _1048_/X (sky130_fd_sc_hd__buf_2)
     9    0.03                           _0051_ (net)
                  0.16    0.00   21.28 ^ _1058_/B (sky130_fd_sc_hd__nor2_1)
                  0.06    0.09   21.37 v _1058_/Y (sky130_fd_sc_hd__nor2_1)
     3    0.01                           _0456_ (net)
                  0.06    0.00   21.37 v _1060_/A (sky130_fd_sc_hd__or2b_1)
                  0.07    0.25   21.63 v _1060_/X (sky130_fd_sc_hd__or2b_1)
     3    0.01                           _0458_ (net)
                  0.07    0.00   21.63 v _1066_/B1 (sky130_fd_sc_hd__o211a_1)
                  0.04    0.13   21.75 v _1066_/X (sky130_fd_sc_hd__o211a_1)
     1    0.00                           _0462_ (net)
                  0.04    0.00   21.75 v _1070_/A (sky130_fd_sc_hd__or2_1)
                  0.06    0.23   21.99 v _1070_/X (sky130_fd_sc_hd__or2_1)
     1    0.00                           _0465_ (net)
                  0.06    0.00   21.99 v _1071_/A (sky130_fd_sc_hd__clkbuf_1)
                  0.02    0.09   22.08 v _1071_/X (sky130_fd_sc_hd__clkbuf_1)
     1    0.00                           _0003_ (net)
                  0.02    0.00   22.08 v _2070_/D (sky130_fd_sc_hd__dfxtp_1)
                                 22.08   data arrival time

                        100.00  100.00   clock i_clk (rise edge)
                          0.00  100.00   clock source latency
                  0.00    0.00  100.00 ^ i_clk (in)
     1    0.03                           i_clk (net)
                  0.00    0.00  100.00 ^ clkbuf_0_i_clk/A (sky130_fd_sc_hd__clkbuf_16)
                  0.14    0.19  100.19 ^ clkbuf_0_i_clk/X (sky130_fd_sc_hd__clkbuf_16)
    16    0.13                           clknet_0_i_clk (net)
                  0.14    0.00  100.19 ^ clkbuf_4_6_0_i_clk/A (sky130_fd_sc_hd__clkbuf_8)
                  0.07    0.18  100.38 ^ clkbuf_4_6_0_i_clk/X (sky130_fd_sc_hd__clkbuf_8)
    11    0.03                           clknet_4_6_0_i_clk (net)
                  0.07    0.00  100.38 ^ _2070_/CLK (sky130_fd_sc_hd__dfxtp_1)
                         -0.50   99.88   clock uncertainty
                          0.00   99.88   clock reconvergence pessimism
                         -0.09   99.78   library setup time
                                 99.78   data required time
-----------------------------------------------------------------------------
                                 99.78   data required time
                                -22.08   data arrival time
-----------------------------------------------------------------------------
                                 77.71   slack (MET)




===========================================================================
report_checks --slack_max -0.01
============================================================================
======================= Fastest Corner ===================================

No paths found.

======================= Slowest Corner ===================================

No paths found.

======================= Typical Corner ===================================

No paths found.


===========================================================================
 report_check_types -max_slew -max_cap -max_fanout -violators
============================================================================
======================= Fastest Corner ===================================


======================= Slowest Corner ===================================


======================= Typical Corner ===================================



===========================================================================
report_parasitic_annotation -report_unannotated
============================================================================
Found 0 unannotated drivers.
Found 0 partially unannotated drivers.

===========================================================================
max slew violation count 0
max fanout violation count 0
max cap violation count 0
============================================================================

===========================================================================
check_setup -verbose -unconstrained_endpoints -multiple_clock -no_clock -no_input_delay -loops -generated_clocks
===========================================================================
Warning: There are 3 input ports missing set_input_delay.
  i_mosi
  i_sck
  i_ss_n
