Instance name,  X location,  Y location,  Voltage 
FILLER_0_39_361, 165.46, 108.8, 1.79984
FILLER_0_36_358, 165.46, 103.36, 1.79984
FILLER_0_38_360, 165.46, 103.36, 1.79984
FILLER_0_34_356, 165.46, 97.92, 1.79984
_1421_, 165.46, 87.04, 1.79982
_1439_, 165.46, 87.04, 1.79982
_1440_, 165.46, 87.04, 1.79982
_1441_, 165.46, 87.04, 1.79982
_1465_, 165.46, 87.04, 1.79982
FILLER_0_30_354, 165.46, 87.04, 1.79982
FILLER_0_31_350, 165.46, 87.04, 1.79982
FILLER_0_31_362, 165.46, 87.04, 1.79982
FILLER_0_32_365, 165.46, 87.04, 1.79982
_1422_, 165.46, 81.6, 1.79983
_1468_, 165.46, 81.6, 1.79983
_2043_, 165.46, 81.6, 1.79983
hold163, 165.46, 81.6, 1.79983
FILLER_0_29_346, 165.46, 81.6, 1.79983
_1395_, 165.46, 76.16, 1.79983
_1407_, 165.46, 76.16, 1.79983
_1424_, 165.46, 76.16, 1.79983
_1427_, 165.46, 76.16, 1.79983
_1429_, 165.46, 76.16, 1.79983
_1430_, 165.46, 76.16, 1.79983
FILLER_0_27_362, 165.46, 76.16, 1.79983
FILLER_0_28_361, 165.46, 76.16, 1.79983
FILLER_0_28_365, 165.46, 76.16, 1.79983
_1364_, 165.46, 70.72, 1.79982
_1391_, 165.46, 70.72, 1.79982
_1393_, 165.46, 70.72, 1.79982
_1396_, 165.46, 70.72, 1.79982
_2038_, 165.46, 70.72, 1.79982
hold189, 165.46, 70.72, 1.79982
_1378_, 165.46, 65.28, 1.79983
_1394_, 165.46, 65.28, 1.79983
_1426_, 165.46, 65.28, 1.79983
_2036_, 165.46, 65.28, 1.79983
FILLER_0_24_365, 165.46, 65.28, 1.79983
_1337_, 165.46, 59.84, 1.79983
_1346_, 165.46, 59.84, 1.79983
_1365_, 165.46, 59.84, 1.79983
_1375_, 165.46, 59.84, 1.79983
hold221, 165.46, 59.84, 1.79983
FILLER_0_22_365, 165.46, 59.84, 1.79983
_1304_, 165.46, 54.4, 1.79985
_1603_, 165.46, 54.4, 1.79985
_1604_, 165.46, 54.4, 1.79985
hold141, 165.46, 54.4, 1.79985
hold142, 165.46, 54.4, 1.79985
FILLER_0_20_361, 165.46, 54.4, 1.79985
FILLER_0_20_365, 165.46, 54.4, 1.79985
_1312_, 165.46, 48.96, 1.79985
_2034_, 165.46, 48.96, 1.79985
FILLER_0_16_357, 165.46, 48.96, 1.79985
FILLER_0_17_356, 165.46, 48.96, 1.79985
FILLER_0_18_361, 165.46, 48.96, 1.79985
_1100_, 165.46, 43.52, 1.79985
_1111_, 165.46, 43.52, 1.79985
_1113_, 165.46, 43.52, 1.79985
FILLER_0_15_365, 165.46, 43.52, 1.79985
_1101_, 165.46, 38.08, 1.79984
_1124_, 165.46, 38.08, 1.79984
_1126_, 165.46, 38.08, 1.79984
_1158_, 165.46, 38.08, 1.79984
_1569_, 165.46, 38.08, 1.79984
FILLER_0_13_356, 165.46, 38.08, 1.79984
_1125_, 165.46, 32.64, 1.79984
_1127_, 165.46, 32.64, 1.79984
_1161_, 165.46, 32.64, 1.79984
_1573_, 165.46, 32.64, 1.79984
hold192, 165.46, 32.64, 1.79984
hold199, 165.46, 32.64, 1.79984
_1572_, 165.46, 27.2, 1.79985
_1574_, 165.46, 27.2, 1.79985
_2025_, 165.46, 27.2, 1.79985
_2057_, 165.46, 27.2, 1.79985
_1623_, 165.46, 21.76, 1.79985
hold69, 165.46, 21.76, 1.79985
hold200, 165.46, 21.76, 1.79985
_2083_, 165.46, 16.32, 1.79986
hold70, 165.46, 16.32, 1.79986
hold74, 165.46, 16.32, 1.79986
hold75, 165.46, 16.32, 1.79986
hold71, 165.46, 10.88, 1.79986
FILLER_0_2_357, 165.46, 10.88, 1.79986
FILLER_0_4_361, 165.46, 10.88, 1.79986
output6, 165.46, 5.44, 1.79986
FILLER_0_0_349, 165.46, 5.44, 1.79986
_1854_, 125.46, 108.8, 1.79984
_1871_, 125.46, 108.8, 1.79984
_2131_, 125.46, 108.8, 1.79984
hold184, 125.46, 108.8, 1.79984
_1851_, 125.46, 103.36, 1.79984
_1852_, 125.46, 103.36, 1.79984
_1858_, 125.46, 103.36, 1.79984
_1865_, 125.46, 103.36, 1.79984
_1866_, 125.46, 103.36, 1.79984
_1870_, 125.46, 103.36, 1.79984
FILLER_0_36_268, 125.46, 103.36, 1.79984
FILLER_0_37_273, 125.46, 103.36, 1.79984
FILLER_0_38_276, 125.46, 103.36, 1.79984
_1322_, 125.46, 97.92, 1.79984
_1772_, 125.46, 97.92, 1.79984
_1868_, 125.46, 97.92, 1.79984
_1869_, 125.46, 97.92, 1.79984
_1879_, 125.46, 97.92, 1.79984
_1888_, 125.46, 97.92, 1.79984
_2133_, 125.46, 97.92, 1.79984
hold81, 125.46, 97.92, 1.79984
hold146, 125.46, 97.92, 1.79984
_1875_, 125.46, 92.48, 1.79984
_1887_, 125.46, 92.48, 1.79984
_1889_, 125.46, 92.48, 1.79984
_1891_, 125.46, 92.48, 1.79984
hold145, 125.46, 92.48, 1.79984
hold210, 125.46, 92.48, 1.79984
FILLER_0_32_262, 125.46, 92.48, 1.79984
_1410_, 125.46, 87.04, 1.79983
_1480_, 125.46, 87.04, 1.79983
_1508_, 125.46, 87.04, 1.79983
_1510_, 125.46, 87.04, 1.79983
_2044_, 125.46, 87.04, 1.79983
hold213, 125.46, 87.04, 1.79983
FILLER_0_32_282, 125.46, 87.04, 1.79983
_1474_, 125.46, 81.6, 1.79983
_1475_, 125.46, 81.6, 1.79983
_1519_, 125.46, 81.6, 1.79983
_1520_, 125.46, 81.6, 1.79983
clkbuf_4_12_0_i_clk, 125.46, 81.6, 1.79983
hold212, 125.46, 81.6, 1.79983
FILLER_0_29_267, 125.46, 81.6, 1.79983
_1472_, 125.46, 76.16, 1.79984
_1473_, 125.46, 76.16, 1.79984
clkbuf_4_13_0_i_clk, 125.46, 76.16, 1.79984
hold181, 125.46, 76.16, 1.79984
FILLER_0_27_273, 125.46, 76.16, 1.79984
_1443_, 125.46, 70.72, 1.79983
_1444_, 125.46, 70.72, 1.79983
_1445_, 125.46, 70.72, 1.79983
_1446_, 125.46, 70.72, 1.79983
_1459_, 125.46, 70.72, 1.79983
_1489_, 125.46, 70.72, 1.79983
FILLER_0_24_271, 125.46, 70.72, 1.79983
FILLER_0_25_273, 125.46, 70.72, 1.79983
FILLER_0_26_280, 125.46, 70.72, 1.79983
_1298_, 125.46, 65.28, 1.79984
_1385_, 125.46, 65.28, 1.79984
_1397_, 125.46, 65.28, 1.79984
_1435_, 125.46, 65.28, 1.79984
FILLER_0_22_265, 125.46, 65.28, 1.79984
FILLER_0_24_279, 125.46, 65.28, 1.79984
_1019_, 125.46, 59.84, 1.79984
_1303_, 125.46, 59.84, 1.79984
_1350_, 125.46, 59.84, 1.79984
_1369_, 125.46, 59.84, 1.79984
_1386_, 125.46, 59.84, 1.79984
FILLER_0_20_271, 125.46, 59.84, 1.79984
_1015_, 125.46, 54.4, 1.79985
_1020_, 125.46, 54.4, 1.79985
_1110_, 125.46, 54.4, 1.79985
_1134_, 125.46, 54.4, 1.79985
_1170_, 125.46, 54.4, 1.79985
_1302_, 125.46, 54.4, 1.79985
FILLER_0_19_277, 125.46, 54.4, 1.79985
FILLER_0_19_281, 125.46, 54.4, 1.79985
_1021_, 125.46, 48.96, 1.79986
_1122_, 125.46, 48.96, 1.79986
FILLER_0_17_281, 125.46, 48.96, 1.79986
_1098_, 125.46, 43.52, 1.79986
_1176_, 125.46, 43.52, 1.79986
_1181_, 125.46, 43.52, 1.79986
FILLER_0_15_270, 125.46, 43.52, 1.79986
FILLER_0_15_281, 125.46, 43.52, 1.79986
_1143_, 125.46, 38.08, 1.79986
_1146_, 125.46, 38.08, 1.79986
_1171_, 125.46, 38.08, 1.79986
_1189_, 125.46, 38.08, 1.79986
_1190_, 125.46, 38.08, 1.79986
FILLER_0_13_274, 125.46, 38.08, 1.79986
_1191_, 125.46, 32.64, 1.79985
_1198_, 125.46, 32.64, 1.79985
_1199_, 125.46, 32.64, 1.79985
_1667_, 125.46, 32.64, 1.79985
hold127, 125.46, 32.64, 1.79985
FILLER_0_12_282, 125.46, 32.64, 1.79985
_1192_, 125.46, 27.2, 1.79986
_1583_, 125.46, 27.2, 1.79986
_1584_, 125.46, 27.2, 1.79986
_1585_, 125.46, 27.2, 1.79986
_1665_, 125.46, 27.2, 1.79986
_1671_, 125.46, 27.2, 1.79986
hold49, 125.46, 27.2, 1.79986
hold50, 125.46, 27.2, 1.79986
_1672_, 125.46, 21.76, 1.79986
_1942_, 125.46, 21.76, 1.79986
_2101_, 125.46, 21.76, 1.79986
_2102_, 125.46, 21.76, 1.79986
hold39, 125.46, 21.76, 1.79986
hold40, 125.46, 21.76, 1.79986
_1668_, 125.46, 16.32, 1.79986
_1669_, 125.46, 16.32, 1.79986
_1670_, 125.46, 16.32, 1.79986
_1970_, 125.46, 16.32, 1.79986
_2099_, 125.46, 16.32, 1.79986
_2100_, 125.46, 16.32, 1.79986
FILLER_0_5_258, 125.46, 16.32, 1.79986
_1666_, 125.46, 10.88, 1.79987
_1957_, 125.46, 10.88, 1.79987
_1962_, 125.46, 10.88, 1.79987
hold11, 125.46, 10.88, 1.79987
hold12, 125.46, 10.88, 1.79987
hold16, 125.46, 10.88, 1.79987
_1955_, 125.46, 5.44, 1.79987
_1959_, 125.46, 5.44, 1.79987
_1963_, 125.46, 5.44, 1.79987
_1967_, 125.46, 5.44, 1.79987
_1968_, 125.46, 5.44, 1.79987
_1971_, 125.46, 5.44, 1.79987
_2155_, 125.46, 5.44, 1.79987
_2156_, 125.46, 5.44, 1.79987
hold107, 125.46, 5.44, 1.79987
_1831_, 85.46, 108.8, 1.79985
_2128_, 85.46, 108.8, 1.79985
hold166, 85.46, 108.8, 1.79985
FILLER_0_38_182, 85.46, 108.8, 1.79985
_1814_, 85.46, 103.36, 1.79985
_1815_, 85.46, 103.36, 1.79985
_1829_, 85.46, 103.36, 1.79985
_1830_, 85.46, 103.36, 1.79985
_1832_, 85.46, 103.36, 1.79985
_1921_, 85.46, 103.36, 1.79985
hold92, 85.46, 103.36, 1.79985
hold160, 85.46, 103.36, 1.79985
_1920_, 85.46, 97.92, 1.79985
_1922_, 85.46, 97.92, 1.79985
_2146_, 85.46, 97.92, 1.79985
_2147_, 85.46, 97.92, 1.79985
hold91, 85.46, 97.92, 1.79985
hold169, 85.46, 97.92, 1.79985
FILLER_0_34_181, 85.46, 97.92, 1.79985
FILLER_0_36_188, 85.46, 97.92, 1.79985
_1822_, 85.46, 92.48, 1.79985
_1823_, 85.46, 92.48, 1.79985
_1828_, 85.46, 92.48, 1.79985
_1833_, 85.46, 92.48, 1.79985
_1835_, 85.46, 92.48, 1.79985
_1923_, 85.46, 92.48, 1.79985
FILLER_0_33_185, 85.46, 92.48, 1.79985
_1231_, 85.46, 87.04, 1.79985
_1846_, 85.46, 87.04, 1.79985
_2033_, 85.46, 87.04, 1.79985
FILLER_0_31_185, 85.46, 87.04, 1.79985
FILLER_0_31_195, 85.46, 87.04, 1.79985
FILLER_0_32_187, 85.46, 87.04, 1.79985
_1534_, 85.46, 81.6, 1.79985
_1535_, 85.46, 81.6, 1.79985
_1555_, 85.46, 81.6, 1.79985
_1556_, 85.46, 81.6, 1.79985
_2048_, 85.46, 81.6, 1.79985
_2049_, 85.46, 81.6, 1.79985
hold209, 85.46, 81.6, 1.79985
FILLER_0_29_191, 85.46, 81.6, 1.79985
FILLER_0_30_190, 85.46, 81.6, 1.79985
_1522_, 85.46, 76.16, 1.79985
_1530_, 85.46, 76.16, 1.79985
_1543_, 85.46, 76.16, 1.79985
_1547_, 85.46, 76.16, 1.79985
_1551_, 85.46, 76.16, 1.79985
_1552_, 85.46, 76.16, 1.79985
_1553_, 85.46, 76.16, 1.79985
_1554_, 85.46, 76.16, 1.79985
_1559_, 85.46, 76.16, 1.79985
_1514_, 85.46, 70.72, 1.79986
_1524_, 85.46, 70.72, 1.79986
_1529_, 85.46, 70.72, 1.79986
_1541_, 85.46, 70.72, 1.79986
_1542_, 85.46, 70.72, 1.79986
_1545_, 85.46, 70.72, 1.79986
_1561_, 85.46, 70.72, 1.79986
FILLER_0_24_179, 85.46, 70.72, 1.79986
_1132_, 85.46, 65.28, 1.79987
_1217_, 85.46, 65.28, 1.79987
_1525_, 85.46, 65.28, 1.79987
_1526_, 85.46, 65.28, 1.79987
_1527_, 85.46, 65.28, 1.79987
_1537_, 85.46, 65.28, 1.79987
_1539_, 85.46, 65.28, 1.79987
FILLER_0_22_182, 85.46, 65.28, 1.79987
FILLER_0_23_176, 85.46, 65.28, 1.79987
FILLER_0_23_199, 85.46, 65.28, 1.79987
FILLER_0_24_187, 85.46, 65.28, 1.79987
FILLER_0_24_197, 85.46, 65.28, 1.79987
_1130_, 85.46, 59.84, 1.79988
_1131_, 85.46, 59.84, 1.79988
_1139_, 85.46, 59.84, 1.79988
_1368_, 85.46, 59.84, 1.79988
_1415_, 85.46, 59.84, 1.79988
_1536_, 85.46, 59.84, 1.79988
hold232, 85.46, 59.84, 1.79988
_1121_, 85.46, 54.4, 1.79988
_1136_, 85.46, 54.4, 1.79988
_1367_, 85.46, 54.4, 1.79988
_1382_, 85.46, 54.4, 1.79988
clkbuf_0_i_clk, 85.46, 54.4, 1.79988
FILLER_0_20_189, 85.46, 54.4, 1.79988
FILLER_0_20_197, 85.46, 54.4, 1.79988
_1109_, 85.46, 48.96, 1.7999
_1174_, 85.46, 48.96, 1.7999
FILLER_0_17_177, 85.46, 48.96, 1.7999
FILLER_0_17_195, 85.46, 48.96, 1.7999
FILLER_0_18_193, 85.46, 48.96, 1.7999
FILLER_0_18_197, 85.46, 48.96, 1.7999
_1120_, 85.46, 43.52, 1.7999
_1179_, 85.46, 43.52, 1.7999
_1180_, 85.46, 43.52, 1.7999
_1182_, 85.46, 43.52, 1.7999
_1209_, 85.46, 43.52, 1.7999
_1210_, 85.46, 43.52, 1.7999
FILLER_0_15_183, 85.46, 43.52, 1.7999
FILLER_0_16_197, 85.46, 43.52, 1.7999
_1016_, 85.46, 38.08, 1.79988
_1183_, 85.46, 38.08, 1.79988
_1186_, 85.46, 38.08, 1.79988
_1227_, 85.46, 38.08, 1.79988
_1333_, 85.46, 38.08, 1.79988
FILLER_0_12_178, 85.46, 38.08, 1.79988
FILLER_0_14_189, 85.46, 38.08, 1.79988
FILLER_0_14_197, 85.46, 38.08, 1.79988
_1187_, 85.46, 32.64, 1.79988
_1200_, 85.46, 32.64, 1.79988
_1201_, 85.46, 32.64, 1.79988
_1202_, 85.46, 32.64, 1.79988
_1203_, 85.46, 32.64, 1.79988
_1586_, 85.46, 32.64, 1.79988
_1587_, 85.46, 32.64, 1.79988
_1609_, 85.46, 32.64, 1.79988
_1641_, 85.46, 32.64, 1.79988
_1204_, 85.46, 27.2, 1.79988
_1612_, 85.46, 27.2, 1.79988
_1639_, 85.46, 27.2, 1.79988
_1643_, 85.46, 27.2, 1.79988
_1645_, 85.46, 27.2, 1.79988
_1673_, 85.46, 27.2, 1.79988
hold73, 85.46, 27.2, 1.79988
FILLER_0_10_197, 85.46, 27.2, 1.79988
_1644_, 85.46, 21.76, 1.79988
_2090_, 85.46, 21.76, 1.79988
_2092_, 85.46, 21.76, 1.79988
hold61, 85.46, 21.76, 1.79988
hold76, 85.46, 21.76, 1.79988
_1640_, 85.46, 16.32, 1.79988
_1676_, 85.46, 16.32, 1.79988
hold14, 85.46, 16.32, 1.79988
hold22, 85.46, 16.32, 1.79988
hold56, 85.46, 16.32, 1.79988
hold62, 85.46, 16.32, 1.79988
_1674_, 85.46, 10.88, 1.79988
_1978_, 85.46, 10.88, 1.79988
_2103_, 85.46, 10.88, 1.79988
_2104_, 85.46, 10.88, 1.79988
hold15, 85.46, 10.88, 1.79988
hold23, 85.46, 10.88, 1.79988
_1973_, 85.46, 5.44, 1.79988
_1975_, 85.46, 5.44, 1.79988
_1977_, 85.46, 5.44, 1.79988
_1979_, 85.46, 5.44, 1.79988
_2158_, 85.46, 5.44, 1.79988
hold115, 85.46, 5.44, 1.79988
hold116, 85.46, 5.44, 1.79988
hold117, 85.46, 5.44, 1.79988
FILLER_0_0_193, 85.46, 5.44, 1.79988
_1798_, 45.46, 108.8, 1.79986
_2125_, 45.46, 108.8, 1.79986
hold158, 45.46, 108.8, 1.79986
FILLER_0_38_85, 45.46, 108.8, 1.79986
FILLER_0_38_93, 45.46, 108.8, 1.79986
_1778_, 45.46, 103.36, 1.79985
_1779_, 45.46, 103.36, 1.79985
_1792_, 45.46, 103.36, 1.79985
_1793_, 45.46, 103.36, 1.79985
_1797_, 45.46, 103.36, 1.79985
hold157, 45.46, 103.36, 1.79985
_1765_, 45.46, 97.92, 1.79985
_1780_, 45.46, 97.92, 1.79985
_1786_, 45.46, 97.92, 1.79985
_1795_, 45.46, 97.92, 1.79985
_1913_, 45.46, 97.92, 1.79985
_2143_, 45.46, 97.92, 1.79985
FILLER_0_35_93, 45.46, 97.92, 1.79985
FILLER_0_35_101, 45.46, 97.92, 1.79985
FILLER_0_35_109, 45.46, 97.92, 1.79985
FILLER_0_36_110, 45.46, 97.92, 1.79985
_1025_, 45.46, 92.48, 1.79985
_1763_, 45.46, 92.48, 1.79985
_1764_, 45.46, 92.48, 1.79985
_1914_, 45.46, 92.48, 1.79985
FILLER_0_32_85, 45.46, 92.48, 1.79985
FILLER_0_33_93, 45.46, 92.48, 1.79985
FILLER_0_33_105, 45.46, 92.48, 1.79985
FILLER_0_34_106, 45.46, 92.48, 1.79985
_1775_, 45.46, 87.04, 1.79985
_2173_, 45.46, 87.04, 1.79985
FILLER_0_31_103, 45.46, 87.04, 1.79985
FILLER_0_32_110, 45.46, 87.04, 1.79985
_1058_, 45.46, 81.6, 1.79985
_2017_, 45.46, 81.6, 1.79985
_2068_, 45.46, 81.6, 1.79985
_2071_, 45.46, 81.6, 1.79985
FILLER_0_29_102, 45.46, 81.6, 1.79985
_1059_, 45.46, 76.16, 1.79985
_1063_, 45.46, 76.16, 1.79985
_1071_, 45.46, 76.16, 1.79985
_1723_, 45.46, 76.16, 1.79985
_1724_, 45.46, 76.16, 1.79985
_2019_, 45.46, 76.16, 1.79985
_2070_, 45.46, 76.16, 1.79985
FILLER_0_27_103, 45.46, 76.16, 1.79985
_1056_, 45.46, 70.72, 1.79986
_1083_, 45.46, 70.72, 1.79986
_1719_, 45.46, 70.72, 1.79986
_2118_, 45.46, 70.72, 1.79986
hold47, 45.46, 70.72, 1.79986
FILLER_0_25_84, 45.46, 70.72, 1.79986
FILLER_0_25_99, 45.46, 70.72, 1.79986
FILLER_0_26_99, 45.46, 70.72, 1.79986
_1045_, 45.46, 65.28, 1.79987
_1345_, 45.46, 65.28, 1.79987
_2078_, 45.46, 65.28, 1.79987
hold48, 45.46, 65.28, 1.79987
hold216, 45.46, 65.28, 1.79987
FILLER_0_23_94, 45.46, 65.28, 1.79987
FILLER_0_23_107, 45.46, 65.28, 1.79987
_1044_, 45.46, 59.84, 1.79987
_1290_, 45.46, 59.84, 1.79987
hold214, 45.46, 59.84, 1.79987
hold215, 45.46, 59.84, 1.79987
hold228, 45.46, 59.84, 1.79987
hold230, 45.46, 59.84, 1.79987
FILLER_0_20_93, 45.46, 59.84, 1.79987
FILLER_0_22_109, 45.46, 59.84, 1.79987
_1291_, 45.46, 54.4, 1.79988
_1292_, 45.46, 54.4, 1.79988
_1294_, 45.46, 54.4, 1.79988
_1605_, 45.46, 54.4, 1.79988
_1606_, 45.46, 54.4, 1.79988
FILLER_0_19_105, 45.46, 54.4, 1.79988
_1270_, 45.46, 48.96, 1.79988
_1271_, 45.46, 48.96, 1.79988
_1278_, 45.46, 48.96, 1.79988
_1281_, 45.46, 48.96, 1.79988
_1282_, 45.46, 48.96, 1.79988
_1283_, 45.46, 48.96, 1.79988
_1284_, 45.46, 48.96, 1.79988
_1286_, 45.46, 48.96, 1.79988
_1293_, 45.46, 48.96, 1.79988
FILLER_0_16_94, 45.46, 48.96, 1.79988
FILLER_0_17_105, 45.46, 48.96, 1.79988
_1246_, 45.46, 43.52, 1.79988
_1255_, 45.46, 43.52, 1.79988
_1256_, 45.46, 43.52, 1.79988
_1257_, 45.46, 43.52, 1.79988
_1261_, 45.46, 43.52, 1.79988
_1273_, 45.46, 43.52, 1.79988
_1277_, 45.46, 43.52, 1.79988
FILLER_0_15_97, 45.46, 43.52, 1.79988
FILLER_0_16_105, 45.46, 43.52, 1.79988
_1247_, 45.46, 38.08, 1.79987
_1262_, 45.46, 38.08, 1.79987
_1263_, 45.46, 38.08, 1.79987
_1598_, 45.46, 38.08, 1.79987
_1599_, 45.46, 38.08, 1.79987
_1600_, 45.46, 38.08, 1.79987
_1685_, 45.46, 38.08, 1.79987
hold137, 45.46, 38.08, 1.79987
FILLER_0_13_101, 45.46, 38.08, 1.79987
FILLER_0_14_102, 45.46, 38.08, 1.79987
_1653_, 45.46, 32.64, 1.79987
_1681_, 45.46, 32.64, 1.79987
_2064_, 45.46, 32.64, 1.79987
hold24, 45.46, 32.64, 1.79987
hold136, 45.46, 32.64, 1.79987
FILLER_0_12_99, 45.46, 32.64, 1.79987
_1650_, 45.46, 27.2, 1.79987
_1960_, 45.46, 27.2, 1.79987
_2108_, 45.46, 27.2, 1.79987
clkbuf_4_2_0_i_clk, 45.46, 27.2, 1.79987
clkbuf_4_3_0_i_clk, 45.46, 27.2, 1.79987
FILLER_0_9_109, 45.46, 27.2, 1.79987
FILLER_0_10_98, 45.46, 27.2, 1.79987
_1684_, 45.46, 21.76, 1.79988
_1994_, 45.46, 21.76, 1.79988
_1998_, 45.46, 21.76, 1.79988
_2107_, 45.46, 21.76, 1.79988
hold20, 45.46, 21.76, 1.79988
FILLER_0_6_85, 45.46, 21.76, 1.79988
FILLER_0_7_106, 45.46, 21.76, 1.79988
_1682_, 45.46, 16.32, 1.79988
_1988_, 45.46, 16.32, 1.79988
_1995_, 45.46, 16.32, 1.79988
hold118, 45.46, 16.32, 1.79988
hold120, 45.46, 16.32, 1.79988
_1662_, 45.46, 10.88, 1.79988
_1939_, 45.46, 10.88, 1.79988
_1996_, 45.46, 10.88, 1.79988
_2162_, 45.46, 10.88, 1.79988
hold21, 45.46, 10.88, 1.79988
hold109, 45.46, 10.88, 1.79988
hold220, 45.46, 10.88, 1.79988
_1989_, 45.46, 5.44, 1.79988
_1991_, 45.46, 5.44, 1.79988
_1992_, 45.46, 5.44, 1.79988
FILLER_0_0_109, 45.46, 5.44, 1.79988
FILLER_0_1_107, 45.46, 5.44, 1.79988
_1894_, 5.46, 97.92, 1.79986
_1908_, 5.46, 97.92, 1.79986
_1910_, 5.46, 97.92, 1.79986
FILLER_0_36_23, 5.46, 97.92, 1.79986
_1909_, 5.46, 92.48, 1.79986
_2141_, 5.46, 92.48, 1.79986
hold58, 5.46, 92.48, 1.79986
hold86, 5.46, 92.48, 1.79986
_1696_, 5.46, 87.04, 1.79986
_1762_, 5.46, 87.04, 1.79986
_1905_, 5.46, 87.04, 1.79986
_1906_, 5.46, 87.04, 1.79986
hold111, 5.46, 87.04, 1.79986
_1902_, 5.46, 81.6, 1.79986
_1903_, 5.46, 81.6, 1.79986
_1904_, 5.46, 81.6, 1.79986
hold57, 5.46, 81.6, 1.79986
_2120_, 5.46, 76.16, 1.79986
_2137_, 5.46, 76.16, 1.79986
hold85, 5.46, 76.16, 1.79986
FILLER_0_28_24, 5.46, 76.16, 1.79986
_1900_, 5.46, 70.72, 1.79986
_2119_, 5.46, 70.72, 1.79986
hold126, 5.46, 70.72, 1.79986
_1730_, 5.46, 65.28, 1.79987
_1898_, 5.46, 65.28, 1.79987
_2136_, 5.46, 65.28, 1.79987
hold138, 5.46, 65.28, 1.79987
_1896_, 5.46, 59.84, 1.79987
_2135_, 5.46, 59.84, 1.79987
_1030_, 5.46, 54.4, 1.79988
_1032_, 5.46, 54.4, 1.79988
_1033_, 5.46, 54.4, 1.79988
_1080_, 5.46, 54.4, 1.79988
_1567_, 5.46, 54.4, 1.79988
_1607_, 5.46, 54.4, 1.79988
_2012_, 5.46, 54.4, 1.79988
ANTENNA_1, 5.46, 54.4, 1.79988
_1566_, 5.46, 48.96, 1.79988
_2014_, 5.46, 48.96, 1.79988
_2023_, 5.46, 48.96, 1.79988
_2171_, 5.46, 48.96, 1.79988
hold38, 5.46, 48.96, 1.79988
_1012_, 5.46, 43.52, 1.79987
_1702_, 5.46, 43.52, 1.79987
_1706_, 5.46, 43.52, 1.79987
_1707_, 5.46, 43.52, 1.79987
_2022_, 5.46, 43.52, 1.79987
_1703_, 5.46, 38.08, 1.79987
hold4, 5.46, 38.08, 1.79987
hold88, 5.46, 38.08, 1.79987
hold237, 5.46, 38.08, 1.79987
_1698_, 5.46, 32.64, 1.79988
_1701_, 5.46, 32.64, 1.79988
hold3, 5.46, 32.64, 1.79988
hold83, 5.46, 32.64, 1.79988
hold167, 5.46, 32.64, 1.79988
hold168, 5.46, 32.64, 1.79988
_1697_, 5.46, 27.2, 1.79988
_1700_, 5.46, 27.2, 1.79988
_1893_, 5.46, 27.2, 1.79988
_2010_, 5.46, 27.2, 1.79988
FILLER_0_9_20, 5.46, 27.2, 1.79988
_2000_, 5.46, 21.76, 1.79988
_2172_, 5.46, 21.76, 1.79988
FILLER_0_8_13, 5.46, 21.76, 1.79988
_1565_, 5.46, 16.32, 1.79988
_2007_, 5.46, 16.32, 1.79988
_2008_, 5.46, 16.32, 1.79988
hold63, 5.46, 16.32, 1.79988
FILLER_0_5_11, 5.46, 16.32, 1.79988
FILLER_0_6_15, 5.46, 16.32, 1.79988
_2006_, 5.46, 10.88, 1.79988
FILLER_0_4_21, 5.46, 10.88, 1.79988
FILLER_0_0_18, 5.46, 5.44, 1.79988
PHY_76, 0.46, 108.8, 1.79986
PHY_78, 0.46, 108.8, 1.79986
PHY_77, 179.4, 108.8, 1.79984
PHY_79, 179.4, 108.8, 1.79984
FILLER_0_39_53, 18.793, 108.8, 1.79986
FILLER_0_39_81, 32.126, 108.8, 1.79986
_1805_, 58.793, 108.8, 1.79985
_1808_, 58.793, 108.8, 1.79985
_2126_, 58.793, 108.8, 1.79985
input4, 58.793, 108.8, 1.79985
FILLER_0_38_123, 58.793, 108.8, 1.79985
FILLER_0_39_113, 58.793, 108.8, 1.79985
FILLER_0_39_122, 58.793, 108.8, 1.79985
_1817_, 72.126, 108.8, 1.79985
_1820_, 72.126, 108.8, 1.79985
_2127_, 72.126, 108.8, 1.79985
hold235, 72.126, 108.8, 1.79985
FILLER_0_38_155, 72.126, 108.8, 1.79985
_1824_, 98.793, 108.8, 1.79984
_1845_, 98.793, 108.8, 1.79984
_2129_, 98.793, 108.8, 1.79984
hold140, 98.793, 108.8, 1.79984
hold159, 98.793, 108.8, 1.79984
_1836_, 112.126, 108.8, 1.79984
_1838_, 112.126, 108.8, 1.79984
_1856_, 112.126, 108.8, 1.79984
_2130_, 112.126, 108.8, 1.79984
hold139, 112.126, 108.8, 1.79984
_1878_, 138.793, 108.8, 1.79984
_2132_, 138.793, 108.8, 1.79984
hold183, 138.793, 108.8, 1.79984
hold186, 138.793, 108.8, 1.79984
FILLER_0_38_288, 138.793, 108.8, 1.79984
output5, 152.126, 108.8, 1.79984
FILLER_0_39_377, 172.43, 108.8, 1.79984
PHY_72, 0.46, 103.36, 1.79986
PHY_74, 0.46, 103.36, 1.79986
PHY_73, 179.4, 103.36, 1.79984
PHY_75, 179.4, 103.36, 1.79984
_1785_, 18.793, 103.36, 1.79986
_1895_, 18.793, 103.36, 1.79986
FILLER_0_36_29, 18.793, 103.36, 1.79986
_1784_, 32.126, 103.36, 1.79985
_2124_, 32.126, 103.36, 1.79985
hold187, 32.126, 103.36, 1.79985
FILLER_0_38_77, 32.126, 103.36, 1.79985
_1790_, 58.793, 103.36, 1.79985
_1791_, 58.793, 103.36, 1.79985
_1794_, 58.793, 103.36, 1.79985
_1796_, 58.793, 103.36, 1.79985
_1804_, 58.793, 103.36, 1.79985
_1806_, 58.793, 103.36, 1.79985
_1807_, 58.793, 103.36, 1.79985
_1809_, 58.793, 103.36, 1.79985
hold180, 58.793, 103.36, 1.79985
FILLER_0_38_131, 58.793, 103.36, 1.79985
_1802_, 72.126, 103.36, 1.79985
_1803_, 72.126, 103.36, 1.79985
_1816_, 72.126, 103.36, 1.79985
_1818_, 72.126, 103.36, 1.79985
_1819_, 72.126, 103.36, 1.79985
_1821_, 72.126, 103.36, 1.79985
_1827_, 72.126, 103.36, 1.79985
hold95, 72.126, 103.36, 1.79985
FILLER_0_36_149, 72.126, 103.36, 1.79985
FILLER_0_38_166, 72.126, 103.36, 1.79985
_1825_, 98.793, 103.36, 1.79984
_1826_, 98.793, 103.36, 1.79984
_1839_, 98.793, 103.36, 1.79984
_1841_, 98.793, 103.36, 1.79984
_1843_, 98.793, 103.36, 1.79984
_1844_, 98.793, 103.36, 1.79984
hold53, 98.793, 103.36, 1.79984
FILLER_0_36_206, 98.793, 103.36, 1.79984
FILLER_0_37_202, 98.793, 103.36, 1.79984
FILLER_0_38_219, 98.793, 103.36, 1.79984
_1837_, 112.126, 103.36, 1.79984
_1849_, 112.126, 103.36, 1.79984
_1850_, 112.126, 103.36, 1.79984
_1853_, 112.126, 103.36, 1.79984
_1855_, 112.126, 103.36, 1.79984
_1857_, 112.126, 103.36, 1.79984
_1926_, 112.126, 103.36, 1.79984
hold80, 112.126, 103.36, 1.79984
hold153, 112.126, 103.36, 1.79984
FILLER_0_38_245, 112.126, 103.36, 1.79984
_1863_, 138.793, 103.36, 1.79984
_1867_, 138.793, 103.36, 1.79984
_1873_, 138.793, 103.36, 1.79984
_1876_, 138.793, 103.36, 1.79984
_1877_, 138.793, 103.36, 1.79984
hold185, 138.793, 103.36, 1.79984
FILLER_0_36_293, 138.793, 103.36, 1.79984
FILLER_0_37_292, 138.793, 103.36, 1.79984
FILLER_0_37_328, 152.126, 103.36, 1.79984
FILLER_0_38_377, 172.43, 103.36, 1.79984
PHY_68, 0.46, 97.92, 1.79986
PHY_70, 0.46, 97.92, 1.79986
hold87, 0.46, 97.92, 1.79986
FILLER_0_35_3, 0.46, 97.92, 1.79986
PHY_69, 179.4, 97.92, 1.79984
PHY_71, 179.4, 97.92, 1.79984
_1774_, 18.793, 97.92, 1.79985
_1911_, 18.793, 97.92, 1.79985
_1912_, 18.793, 97.92, 1.79985
_2142_, 18.793, 97.92, 1.79985
hold90, 18.793, 97.92, 1.79985
hold148, 18.793, 97.92, 1.79985
FILLER_0_35_49, 18.793, 97.92, 1.79985
_1773_, 32.126, 97.92, 1.79985
_1781_, 32.126, 97.92, 1.79985
_1782_, 32.126, 97.92, 1.79985
_1783_, 32.126, 97.92, 1.79985
_2123_, 32.126, 97.92, 1.79985
hold103, 32.126, 97.92, 1.79985
_1788_, 58.793, 97.92, 1.79985
_1789_, 58.793, 97.92, 1.79985
_1801_, 58.793, 97.92, 1.79985
_1917_, 58.793, 97.92, 1.79985
_2144_, 58.793, 97.92, 1.79985
hold78, 58.793, 97.92, 1.79985
hold79, 58.793, 97.92, 1.79985
FILLER_0_34_125, 58.793, 97.92, 1.79985
_1318_, 72.126, 97.92, 1.79985
_1321_, 72.126, 97.92, 1.79985
_1813_, 72.126, 97.92, 1.79985
_1918_, 72.126, 97.92, 1.79985
_1919_, 72.126, 97.92, 1.79985
hold96, 72.126, 97.92, 1.79985
FILLER_0_34_147, 72.126, 97.92, 1.79985
_1317_, 98.793, 97.92, 1.79985
_1840_, 98.793, 97.92, 1.79985
_1924_, 98.793, 97.92, 1.79985
_2148_, 98.793, 97.92, 1.79985
hold54, 98.793, 97.92, 1.79985
hold170, 98.793, 97.92, 1.79985
FILLER_0_35_221, 98.793, 97.92, 1.79985
_1379_, 112.126, 97.92, 1.79984
_1927_, 112.126, 97.92, 1.79984
_2149_, 112.126, 97.92, 1.79984
hold133, 112.126, 97.92, 1.79984
FILLER_0_36_248, 112.126, 97.92, 1.79984
_1862_, 138.793, 97.92, 1.79984
_1864_, 138.793, 97.92, 1.79984
_1872_, 138.793, 97.92, 1.79984
_1874_, 138.793, 97.92, 1.79984
_1880_, 138.793, 97.92, 1.79984
_1882_, 138.793, 97.92, 1.79984
_1884_, 138.793, 97.92, 1.79984
_1885_, 138.793, 97.92, 1.79984
_1886_, 138.793, 97.92, 1.79984
_1890_, 138.793, 97.92, 1.79984
hold204, 152.126, 97.92, 1.79984
FILLER_0_34_318, 152.126, 97.92, 1.79984
FILLER_0_36_377, 172.43, 97.92, 1.79984
_1907_, 0.46, 92.48, 1.79986
PHY_64, 0.46, 92.48, 1.79986
PHY_66, 0.46, 92.48, 1.79986
FILLER_0_33_3, 0.46, 92.48, 1.79986
PHY_65, 179.4, 92.48, 1.79983
PHY_67, 179.4, 92.48, 1.79983
_1319_, 18.793, 92.48, 1.79985
_1745_, 18.793, 92.48, 1.79985
_1770_, 18.793, 92.48, 1.79985
_1771_, 18.793, 92.48, 1.79985
_2122_, 18.793, 92.48, 1.79985
hold89, 18.793, 92.48, 1.79985
hold161, 18.793, 92.48, 1.79985
_1755_, 32.126, 92.48, 1.79985
_1766_, 32.126, 92.48, 1.79985
_1767_, 32.126, 92.48, 1.79985
_1768_, 32.126, 92.48, 1.79985
_1769_, 32.126, 92.48, 1.79985
hold147, 32.126, 92.48, 1.79985
FILLER_0_33_77, 32.126, 92.48, 1.79985
_1777_, 58.793, 92.48, 1.79984
_1799_, 58.793, 92.48, 1.79984
_1800_, 58.793, 92.48, 1.79984
_1915_, 58.793, 92.48, 1.79984
_2020_, 58.793, 92.48, 1.79984
_2175_, 58.793, 92.48, 1.79984
_2176_, 58.793, 92.48, 1.79984
FILLER_0_33_129, 58.793, 92.48, 1.79984
FILLER_0_34_134, 58.793, 92.48, 1.79984
_1316_, 72.126, 92.48, 1.79985
_1776_, 72.126, 92.48, 1.79985
_1787_, 72.126, 92.48, 1.79985
_1810_, 72.126, 92.48, 1.79985
_1812_, 72.126, 92.48, 1.79985
_2145_, 72.126, 92.48, 1.79985
FILLER_0_32_154, 72.126, 92.48, 1.79985
FILLER_0_33_155, 72.126, 92.48, 1.79985
_1834_, 98.793, 92.48, 1.79985
_1842_, 98.793, 92.48, 1.79985
_1847_, 98.793, 92.48, 1.79985
_1848_, 98.793, 92.48, 1.79985
_1859_, 98.793, 92.48, 1.79985
_1925_, 98.793, 92.48, 1.79985
FILLER_0_32_205, 98.793, 92.48, 1.79985
FILLER_0_33_201, 98.793, 92.48, 1.79985
FILLER_0_33_220, 98.793, 92.48, 1.79985
FILLER_0_33_225, 98.793, 92.48, 1.79985
_1323_, 112.126, 92.48, 1.79984
_1928_, 112.126, 92.48, 1.79984
_1929_, 112.126, 92.48, 1.79984
_2150_, 112.126, 92.48, 1.79984
hold132, 112.126, 92.48, 1.79984
hold225, 112.126, 92.48, 1.79984
hold233, 112.126, 92.48, 1.79984
_1434_, 138.793, 92.48, 1.79983
_1437_, 138.793, 92.48, 1.79983
_1456_, 138.793, 92.48, 1.79983
_1477_, 138.793, 92.48, 1.79983
_1860_, 138.793, 92.48, 1.79983
_1861_, 138.793, 92.48, 1.79983
_1881_, 138.793, 92.48, 1.79983
_1883_, 138.793, 92.48, 1.79983
_2042_, 138.793, 92.48, 1.79983
FILLER_0_33_293, 138.793, 92.48, 1.79983
FILLER_0_33_306, 138.793, 92.48, 1.79983
FILLER_0_34_312, 138.793, 92.48, 1.79983
_1450_, 152.126, 92.48, 1.79983
_1453_, 152.126, 92.48, 1.79983
_1454_, 152.126, 92.48, 1.79983
_1455_, 152.126, 92.48, 1.79983
FILLER_0_33_329, 152.126, 92.48, 1.79983
hold174, 172.43, 92.48, 1.79983
FILLER_0_34_377, 172.43, 92.48, 1.79983
_2140_, 0.46, 87.04, 1.79986
PHY_60, 0.46, 87.04, 1.79986
PHY_62, 0.46, 87.04, 1.79986
FILLER_0_31_3, 0.46, 87.04, 1.79986
PHY_61, 179.4, 87.04, 1.79982
PHY_63, 179.4, 87.04, 1.79982
hold173, 179.4, 87.04, 1.79982
_1750_, 18.793, 87.04, 1.79985
_1758_, 18.793, 87.04, 1.79985
_1759_, 18.793, 87.04, 1.79985
_1760_, 18.793, 87.04, 1.79985
_1761_, 18.793, 87.04, 1.79985
_2121_, 18.793, 87.04, 1.79985
hold152, 18.793, 87.04, 1.79985
_1747_, 32.126, 87.04, 1.79984
_1753_, 32.126, 87.04, 1.79984
_1754_, 32.126, 87.04, 1.79984
_1756_, 32.126, 87.04, 1.79984
_1757_, 32.126, 87.04, 1.79984
_1892_, 32.126, 87.04, 1.79984
clkbuf_4_5_0_i_clk, 32.126, 87.04, 1.79984
FILLER_0_31_71, 32.126, 87.04, 1.79984
FILLER_0_31_81, 32.126, 87.04, 1.79984
FILLER_0_32_79, 32.126, 87.04, 1.79984
_1077_, 58.793, 87.04, 1.79984
_2021_, 58.793, 87.04, 1.79984
_2072_, 58.793, 87.04, 1.79984
_2174_, 58.793, 87.04, 1.79984
FILLER_0_30_113, 58.793, 87.04, 1.79984
FILLER_0_31_129, 58.793, 87.04, 1.79984
FILLER_0_32_132, 58.793, 87.04, 1.79984
_1076_, 72.126, 87.04, 1.79984
_1602_, 72.126, 87.04, 1.79984
_1811_, 72.126, 87.04, 1.79984
_2065_, 72.126, 87.04, 1.79984
_2066_, 72.126, 87.04, 1.79984
FILLER_0_30_149, 72.126, 87.04, 1.79984
_1142_, 98.793, 87.04, 1.79984
_1498_, 98.793, 87.04, 1.79984
_1499_, 98.793, 87.04, 1.79984
_2045_, 98.793, 87.04, 1.79984
FILLER_0_31_211, 98.793, 87.04, 1.79984
FILLER_0_32_214, 98.793, 87.04, 1.79984
FILLER_0_32_222, 98.793, 87.04, 1.79984
_1324_, 112.126, 87.04, 1.79983
_1326_, 112.126, 87.04, 1.79983
_1340_, 112.126, 87.04, 1.79983
_1495_, 112.126, 87.04, 1.79983
_2046_, 112.126, 87.04, 1.79983
_1116_, 138.793, 87.04, 1.79982
_1151_, 138.793, 87.04, 1.79982
_1362_, 138.793, 87.04, 1.79982
_1431_, 138.793, 87.04, 1.79982
_1436_, 138.793, 87.04, 1.79982
_1478_, 138.793, 87.04, 1.79982
_1479_, 138.793, 87.04, 1.79982
_1482_, 138.793, 87.04, 1.79982
_1483_, 138.793, 87.04, 1.79982
FILLER_0_31_305, 138.793, 87.04, 1.79982
_1438_, 152.126, 87.04, 1.79981
_1447_, 152.126, 87.04, 1.79981
_1449_, 152.126, 87.04, 1.79981
_1451_, 152.126, 87.04, 1.79981
_1452_, 152.126, 87.04, 1.79981
_1464_, 152.126, 87.04, 1.79981
_1484_, 152.126, 87.04, 1.79981
_1485_, 152.126, 87.04, 1.79981
FILLER_0_30_329, 152.126, 87.04, 1.79981
_2041_, 172.43, 87.04, 1.79982
hold156, 172.43, 87.04, 1.79982
FILLER_0_32_381, 172.43, 87.04, 1.79982
_2139_, 0.46, 81.6, 1.79986
PHY_56, 0.46, 81.6, 1.79986
PHY_58, 0.46, 81.6, 1.79986
input2, 0.46, 81.6, 1.79986
PHY_57, 179.4, 81.6, 1.79982
PHY_59, 179.4, 81.6, 1.79982
_1741_, 18.793, 81.6, 1.79985
_1748_, 18.793, 81.6, 1.79985
_1751_, 18.793, 81.6, 1.79985
_1752_, 18.793, 81.6, 1.79985
hold7, 18.793, 81.6, 1.79985
hold151, 18.793, 81.6, 1.79985
_1734_, 32.126, 81.6, 1.79984
_1743_, 32.126, 81.6, 1.79984
_1744_, 32.126, 81.6, 1.79984
_1746_, 32.126, 81.6, 1.79984
_2134_, 32.126, 81.6, 1.79984
clkbuf_4_4_0_i_clk, 32.126, 81.6, 1.79984
FILLER_0_29_78, 32.126, 81.6, 1.79984
FILLER_0_30_80, 32.126, 81.6, 1.79984
_1061_, 58.793, 81.6, 1.79984
_1062_, 58.793, 81.6, 1.79984
_1066_, 58.793, 81.6, 1.79984
_1069_, 58.793, 81.6, 1.79984
_1075_, 58.793, 81.6, 1.79984
_1601_, 58.793, 81.6, 1.79984
_2016_, 58.793, 81.6, 1.79984
clkbuf_4_7_0_i_clk, 58.793, 81.6, 1.79984
FILLER_0_30_130, 58.793, 81.6, 1.79984
_1072_, 72.126, 81.6, 1.79984
_1073_, 72.126, 81.6, 1.79984
_1074_, 72.126, 81.6, 1.79984
_1295_, 72.126, 81.6, 1.79984
_1690_, 72.126, 81.6, 1.79984
_2018_, 72.126, 81.6, 1.79984
_2111_, 72.126, 81.6, 1.79984
FILLER_0_29_160, 72.126, 81.6, 1.79984
FILLER_0_30_169, 72.126, 81.6, 1.79984
_1175_, 98.793, 81.6, 1.79984
_1497_, 98.793, 81.6, 1.79984
_1531_, 98.793, 81.6, 1.79984
_1532_, 98.793, 81.6, 1.79984
_1533_, 98.793, 81.6, 1.79984
_1550_, 98.793, 81.6, 1.79984
hold211, 98.793, 81.6, 1.79984
FILLER_0_29_211, 98.793, 81.6, 1.79984
FILLER_0_30_222, 98.793, 81.6, 1.79984
_1325_, 112.126, 81.6, 1.79983
_1494_, 112.126, 81.6, 1.79983
_1496_, 112.126, 81.6, 1.79983
_1506_, 112.126, 81.6, 1.79983
_1507_, 112.126, 81.6, 1.79983
_1509_, 112.126, 81.6, 1.79983
_1517_, 112.126, 81.6, 1.79983
FILLER_0_28_232, 112.126, 81.6, 1.79983
FILLER_0_29_235, 112.126, 81.6, 1.79983
_1363_, 138.793, 81.6, 1.79982
_1462_, 138.793, 81.6, 1.79982
_1463_, 138.793, 81.6, 1.79982
_1469_, 138.793, 81.6, 1.79982
_1476_, 138.793, 81.6, 1.79982
_1481_, 138.793, 81.6, 1.79982
FILLER_0_30_314, 138.793, 81.6, 1.79982
_1409_, 152.126, 81.6, 1.79982
_1448_, 152.126, 81.6, 1.79982
_1466_, 152.126, 81.6, 1.79982
_1467_, 152.126, 81.6, 1.79982
_2039_, 152.126, 81.6, 1.79982
FILLER_0_29_337, 152.126, 81.6, 1.79982
_1420_, 172.43, 81.6, 1.79982
_2040_, 172.43, 81.6, 1.79982
hold162, 172.43, 81.6, 1.79982
FILLER_0_30_378, 172.43, 81.6, 1.79982
_2138_, 0.46, 76.16, 1.79986
PHY_52, 0.46, 76.16, 1.79986
PHY_54, 0.46, 76.16, 1.79986
FILLER_0_28_3, 0.46, 76.16, 1.79986
PHY_53, 179.4, 76.16, 1.79982
PHY_55, 179.4, 76.16, 1.79982
_1320_, 18.793, 76.16, 1.79985
_1737_, 18.793, 76.16, 1.79985
_1739_, 18.793, 76.16, 1.79985
_1749_, 18.793, 76.16, 1.79985
hold6, 18.793, 76.16, 1.79985
hold178, 18.793, 76.16, 1.79985
FILLER_0_27_37, 18.793, 76.16, 1.79985
_1104_, 32.126, 76.16, 1.79985
_1732_, 32.126, 76.16, 1.79985
_1733_, 32.126, 76.16, 1.79985
_1735_, 32.126, 76.16, 1.79985
_1736_, 32.126, 76.16, 1.79985
_1738_, 32.126, 76.16, 1.79985
_1740_, 32.126, 76.16, 1.79985
_1742_, 32.126, 76.16, 1.79985
hold5, 32.126, 76.16, 1.79985
FILLER_0_27_81, 32.126, 76.16, 1.79985
_1046_, 58.793, 76.16, 1.79984
_1052_, 58.793, 76.16, 1.79984
_1054_, 58.793, 76.16, 1.79984
_1055_, 58.793, 76.16, 1.79984
_1057_, 58.793, 76.16, 1.79984
_1060_, 58.793, 76.16, 1.79984
_1064_, 58.793, 76.16, 1.79984
_1070_, 58.793, 76.16, 1.79984
clkbuf_4_6_0_i_clk, 58.793, 76.16, 1.79984
FILLER_0_27_127, 58.793, 76.16, 1.79984
_1053_, 72.126, 76.16, 1.79985
_2077_, 72.126, 76.16, 1.79985
FILLER_0_26_149, 72.126, 76.16, 1.79985
FILLER_0_27_158, 72.126, 76.16, 1.79985
FILLER_0_27_169, 72.126, 76.16, 1.79985
FILLER_0_28_168, 72.126, 76.16, 1.79985
_1515_, 98.793, 76.16, 1.79984
_1521_, 98.793, 76.16, 1.79984
_1523_, 98.793, 76.16, 1.79984
_1544_, 98.793, 76.16, 1.79984
_1546_, 98.793, 76.16, 1.79984
_1548_, 98.793, 76.16, 1.79984
_1549_, 98.793, 76.16, 1.79984
FILLER_0_27_209, 98.793, 76.16, 1.79984
FILLER_0_27_221, 98.793, 76.16, 1.79984
FILLER_0_27_225, 98.793, 76.16, 1.79984
_1493_, 112.126, 76.16, 1.79983
_1501_, 112.126, 76.16, 1.79983
_1503_, 112.126, 76.16, 1.79983
_1504_, 112.126, 76.16, 1.79983
_1505_, 112.126, 76.16, 1.79983
_1516_, 112.126, 76.16, 1.79983
_1518_, 112.126, 76.16, 1.79983
hold182, 112.126, 76.16, 1.79983
FILLER_0_26_241, 112.126, 76.16, 1.79983
FILLER_0_28_253, 112.126, 76.16, 1.79983
_1405_, 138.793, 76.16, 1.79983
_1411_, 138.793, 76.16, 1.79983
_1412_, 138.793, 76.16, 1.79983
_1433_, 138.793, 76.16, 1.79983
_1461_, 138.793, 76.16, 1.79983
_1470_, 138.793, 76.16, 1.79983
FILLER_0_26_299, 138.793, 76.16, 1.79983
FILLER_0_28_309, 138.793, 76.16, 1.79983
_1402_, 152.126, 76.16, 1.79982
_1403_, 152.126, 76.16, 1.79982
_1406_, 152.126, 76.16, 1.79982
_1408_, 152.126, 76.16, 1.79982
_1413_, 152.126, 76.16, 1.79982
hold224, 152.126, 76.16, 1.79982
FILLER_0_26_322, 152.126, 76.16, 1.79982
FILLER_0_27_344, 152.126, 76.16, 1.79982
FILLER_0_28_341, 152.126, 76.16, 1.79982
_1419_, 172.43, 76.16, 1.79982
_1423_, 172.43, 76.16, 1.79982
hold155, 172.43, 76.16, 1.79982
hold195, 172.43, 76.16, 1.79982
_1901_, 0.46, 70.72, 1.79986
PHY_48, 0.46, 70.72, 1.79986
PHY_50, 0.46, 70.72, 1.79986
FILLER_0_26_3, 0.46, 70.72, 1.79986
PHY_49, 179.4, 70.72, 1.79982
PHY_51, 179.4, 70.72, 1.79982
FILLER_0_25_383, 179.4, 70.72, 1.79982
_1725_, 18.793, 70.72, 1.79986
_1726_, 18.793, 70.72, 1.79986
_1728_, 18.793, 70.72, 1.79986
_1729_, 18.793, 70.72, 1.79986
_1731_, 18.793, 70.72, 1.79986
hold179, 18.793, 70.72, 1.79986
FILLER_0_25_52, 18.793, 70.72, 1.79986
_1078_, 32.126, 70.72, 1.79986
_1709_, 32.126, 70.72, 1.79986
_1713_, 32.126, 70.72, 1.79986
_1714_, 32.126, 70.72, 1.79986
_1715_, 32.126, 70.72, 1.79986
_1716_, 32.126, 70.72, 1.79986
_1717_, 32.126, 70.72, 1.79986
_1718_, 32.126, 70.72, 1.79986
_1722_, 32.126, 70.72, 1.79986
_1727_, 32.126, 70.72, 1.79986
_1051_, 58.793, 70.72, 1.79986
_1065_, 58.793, 70.72, 1.79986
_1067_, 58.793, 70.72, 1.79986
_1068_, 58.793, 70.72, 1.79986
_2067_, 58.793, 70.72, 1.79986
FILLER_0_24_119, 58.793, 70.72, 1.79986
FILLER_0_25_129, 58.793, 70.72, 1.79986
FILLER_0_26_130, 58.793, 70.72, 1.79986
_1560_, 72.126, 70.72, 1.79986
_2069_, 72.126, 70.72, 1.79986
FILLER_0_25_159, 72.126, 70.72, 1.79986
_1502_, 98.793, 70.72, 1.79985
_1513_, 98.793, 70.72, 1.79985
_1528_, 98.793, 70.72, 1.79985
_1538_, 98.793, 70.72, 1.79985
FILLER_0_25_219, 98.793, 70.72, 1.79985
FILLER_0_26_223, 98.793, 70.72, 1.79985
_1018_, 112.126, 70.72, 1.79984
_1457_, 112.126, 70.72, 1.79984
_1488_, 112.126, 70.72, 1.79984
_1490_, 112.126, 70.72, 1.79984
_1491_, 112.126, 70.72, 1.79984
_1492_, 112.126, 70.72, 1.79984
_2047_, 112.126, 70.72, 1.79984
FILLER_0_25_256, 112.126, 70.72, 1.79984
_1398_, 138.793, 70.72, 1.79981
_1399_, 138.793, 70.72, 1.79981
_1400_, 138.793, 70.72, 1.79981
_1404_, 138.793, 70.72, 1.79981
_1414_, 138.793, 70.72, 1.79981
_1418_, 138.793, 70.72, 1.79981
_1432_, 138.793, 70.72, 1.79981
_1460_, 138.793, 70.72, 1.79981
_1389_, 152.126, 70.72, 1.79981
_1392_, 152.126, 70.72, 1.79981
_1425_, 152.126, 70.72, 1.79981
clkbuf_4_14_0_i_clk, 152.126, 70.72, 1.79981
clkbuf_4_15_0_i_clk, 152.126, 70.72, 1.79981
FILLER_0_25_321, 152.126, 70.72, 1.79981
hold125, 172.43, 70.72, 1.79982
hold194, 172.43, 70.72, 1.79982
_1899_, 0.46, 65.28, 1.79987
PHY_44, 0.46, 65.28, 1.79987
PHY_46, 0.46, 65.28, 1.79987
hold8, 0.46, 65.28, 1.79987
PHY_45, 179.4, 65.28, 1.79983
PHY_47, 179.4, 65.28, 1.79983
_1708_, 18.793, 65.28, 1.79987
_1710_, 18.793, 65.28, 1.79987
_2117_, 18.793, 65.28, 1.79987
hold2, 18.793, 65.28, 1.79987
FILLER_0_22_29, 18.793, 65.28, 1.79987
_1024_, 32.126, 65.28, 1.79987
_1342_, 32.126, 65.28, 1.79987
_1711_, 32.126, 65.28, 1.79987
_1720_, 32.126, 65.28, 1.79987
_1721_, 32.126, 65.28, 1.79987
hold1, 32.126, 65.28, 1.79987
hold226, 32.126, 65.28, 1.79987
hold229, 32.126, 65.28, 1.79987
FILLER_0_22_67, 32.126, 65.28, 1.79987
FILLER_0_24_81, 32.126, 65.28, 1.79987
_1037_, 58.793, 65.28, 1.79986
_1040_, 58.793, 65.28, 1.79986
_1047_, 58.793, 65.28, 1.79986
_1048_, 58.793, 65.28, 1.79986
_1049_, 58.793, 65.28, 1.79986
_1050_, 58.793, 65.28, 1.79986
_2075_, 58.793, 65.28, 1.79986
_2076_, 58.793, 65.28, 1.79986
_1540_, 72.126, 65.28, 1.79987
_1558_, 72.126, 65.28, 1.79987
FILLER_0_22_153, 72.126, 65.28, 1.79987
_1486_, 98.793, 65.28, 1.79986
_1487_, 98.793, 65.28, 1.79986
_1500_, 98.793, 65.28, 1.79986
_1511_, 98.793, 65.28, 1.79986
_1512_, 98.793, 65.28, 1.79986
FILLER_0_22_206, 98.793, 65.28, 1.79986
FILLER_0_23_211, 98.793, 65.28, 1.79986
FILLER_0_23_220, 98.793, 65.28, 1.79986
FILLER_0_24_218, 98.793, 65.28, 1.79986
FILLER_0_24_226, 98.793, 65.28, 1.79986
_1300_, 112.126, 65.28, 1.79985
_1401_, 112.126, 65.28, 1.79985
_1458_, 112.126, 65.28, 1.79985
_1471_, 112.126, 65.28, 1.79985
FILLER_0_22_237, 112.126, 65.28, 1.79985
FILLER_0_23_233, 112.126, 65.28, 1.79985
FILLER_0_23_255, 112.126, 65.28, 1.79985
FILLER_0_24_247, 112.126, 65.28, 1.79985
_1086_, 138.793, 65.28, 1.79983
_1103_, 138.793, 65.28, 1.79983
_1370_, 138.793, 65.28, 1.79983
_1381_, 138.793, 65.28, 1.79983
_1387_, 138.793, 65.28, 1.79983
_1388_, 138.793, 65.28, 1.79983
_1371_, 152.126, 65.28, 1.79982
_1372_, 152.126, 65.28, 1.79982
_1373_, 152.126, 65.28, 1.79982
_1390_, 152.126, 65.28, 1.79982
_2037_, 152.126, 65.28, 1.79982
hold188, 152.126, 65.28, 1.79982
FILLER_0_23_337, 152.126, 65.28, 1.79982
FILLER_0_24_330, 152.126, 65.28, 1.79982
_1359_, 172.43, 65.28, 1.79983
hold124, 172.43, 65.28, 1.79983
FILLER_0_23_381, 172.43, 65.28, 1.79983
FILLER_0_24_380, 172.43, 65.28, 1.79983
_2055_, 0.46, 59.84, 1.79987
PHY_40, 0.46, 59.84, 1.79987
PHY_42, 0.46, 59.84, 1.79987
hold9, 0.46, 59.84, 1.79987
PHY_41, 179.4, 59.84, 1.79983
PHY_43, 179.4, 59.84, 1.79983
FILLER_0_21_383, 179.4, 59.84, 1.79983
_1027_, 18.793, 59.84, 1.79987
_1028_, 18.793, 59.84, 1.79987
_1031_, 18.793, 59.84, 1.79987
_1712_, 18.793, 59.84, 1.79987
_2051_, 18.793, 59.84, 1.79987
_1034_, 32.126, 59.84, 1.79987
_1038_, 32.126, 59.84, 1.79987
_1079_, 32.126, 59.84, 1.79987
_1082_, 32.126, 59.84, 1.79987
_1084_, 32.126, 59.84, 1.79987
_2052_, 32.126, 59.84, 1.79987
hold234, 32.126, 59.84, 1.79987
_1035_, 58.793, 59.84, 1.79987
_1036_, 58.793, 59.84, 1.79987
_1039_, 58.793, 59.84, 1.79987
_1041_, 58.793, 59.84, 1.79987
_1042_, 58.793, 59.84, 1.79987
_1043_, 58.793, 59.84, 1.79987
_2032_, 58.793, 59.84, 1.79987
_2074_, 58.793, 59.84, 1.79987
hold227, 58.793, 59.84, 1.79987
hold231, 58.793, 59.84, 1.79987
_1144_, 72.126, 59.84, 1.79987
_1289_, 72.126, 59.84, 1.79987
_1557_, 72.126, 59.84, 1.79987
_1563_, 72.126, 59.84, 1.79987
_2050_, 72.126, 59.84, 1.79987
FILLER_0_20_150, 72.126, 59.84, 1.79987
FILLER_0_22_160, 72.126, 59.84, 1.79987
_1091_, 98.793, 59.84, 1.79986
_1092_, 98.793, 59.84, 1.79986
_1354_, 98.793, 59.84, 1.79986
_1383_, 98.793, 59.84, 1.79986
_1417_, 98.793, 59.84, 1.79986
FILLER_0_21_206, 98.793, 59.84, 1.79986
FILLER_0_22_226, 98.793, 59.84, 1.79986
_1335_, 112.126, 59.84, 1.79985
_1355_, 112.126, 59.84, 1.79985
_1442_, 112.126, 59.84, 1.79985
FILLER_0_20_230, 112.126, 59.84, 1.79985
FILLER_0_21_243, 112.126, 59.84, 1.79985
FILLER_0_21_255, 112.126, 59.84, 1.79985
FILLER_0_22_248, 112.126, 59.84, 1.79985
FILLER_0_22_253, 112.126, 59.84, 1.79985
_1305_, 138.793, 59.84, 1.79983
_1311_, 138.793, 59.84, 1.79983
_1347_, 138.793, 59.84, 1.79983
_1356_, 138.793, 59.84, 1.79983
_1366_, 138.793, 59.84, 1.79983
_1380_, 138.793, 59.84, 1.79983
FILLER_0_20_287, 138.793, 59.84, 1.79983
FILLER_0_22_305, 138.793, 59.84, 1.79983
FILLER_0_22_309, 138.793, 59.84, 1.79983
_1330_, 152.126, 59.84, 1.79982
_1336_, 152.126, 59.84, 1.79982
_1341_, 152.126, 59.84, 1.79982
_1374_, 152.126, 59.84, 1.79982
_1376_, 152.126, 59.84, 1.79982
_1377_, 152.126, 59.84, 1.79982
FILLER_0_20_321, 152.126, 59.84, 1.79982
FILLER_0_21_340, 152.126, 59.84, 1.79982
_1339_, 172.43, 59.84, 1.79983
_1358_, 172.43, 59.84, 1.79983
_1360_, 172.43, 59.84, 1.79983
_1361_, 172.43, 59.84, 1.79983
_1428_, 172.43, 59.84, 1.79983
FILLER_0_21_374, 172.43, 59.84, 1.79983
_1897_, 0.46, 54.4, 1.79988
_2013_, 0.46, 54.4, 1.79988
PHY_36, 0.46, 54.4, 1.79988
PHY_38, 0.46, 54.4, 1.79988
PHY_37, 179.4, 54.4, 1.79984
PHY_39, 179.4, 54.4, 1.79984
FILLER_0_18_382, 179.4, 54.4, 1.79984
_1023_, 18.793, 54.4, 1.79988
_2053_, 18.793, 54.4, 1.79988
_2177_, 18.793, 54.4, 1.79988
hold104, 18.793, 54.4, 1.79988
hold105, 18.793, 54.4, 1.79988
hold222, 18.793, 54.4, 1.79988
hold223, 18.793, 54.4, 1.79988
_1029_, 32.126, 54.4, 1.79988
_1085_, 32.126, 54.4, 1.79988
_1608_, 32.126, 54.4, 1.79988
_2031_, 32.126, 54.4, 1.79988
hold144, 32.126, 54.4, 1.79988
FILLER_0_19_73, 32.126, 54.4, 1.79988
_1022_, 58.793, 54.4, 1.79988
_1288_, 58.793, 54.4, 1.79988
FILLER_0_18_122, 58.793, 54.4, 1.79988
FILLER_0_19_113, 58.793, 54.4, 1.79988
FILLER_0_20_141, 58.793, 54.4, 1.79988
_1137_, 72.126, 54.4, 1.79988
_1172_, 72.126, 54.4, 1.79988
_1216_, 72.126, 54.4, 1.79988
_1218_, 72.126, 54.4, 1.79988
_1264_, 72.126, 54.4, 1.79988
_1562_, 72.126, 54.4, 1.79988
FILLER_0_19_156, 72.126, 54.4, 1.79988
FILLER_0_19_169, 72.126, 54.4, 1.79988
FILLER_0_20_168, 72.126, 54.4, 1.79988
_1017_, 98.793, 54.4, 1.79986
_1309_, 98.793, 54.4, 1.79986
_1352_, 98.793, 54.4, 1.79986
_1416_, 98.793, 54.4, 1.79986
_1087_, 112.126, 54.4, 1.79985
_1108_, 112.126, 54.4, 1.79985
_1310_, 112.126, 54.4, 1.79985
_1384_, 112.126, 54.4, 1.79985
_1129_, 138.793, 54.4, 1.79985
_1343_, 152.126, 54.4, 1.79985
_1344_, 152.126, 54.4, 1.79985
_2035_, 152.126, 54.4, 1.79985
_1313_, 172.43, 54.4, 1.79984
_1327_, 172.43, 54.4, 1.79984
_1329_, 172.43, 54.4, 1.79984
_1338_, 172.43, 54.4, 1.79984
_1357_, 172.43, 54.4, 1.79984
FILLER_0_19_379, 172.43, 54.4, 1.79984
_2170_, 0.46, 48.96, 1.79988
PHY_32, 0.46, 48.96, 1.79988
PHY_34, 0.46, 48.96, 1.79988
FILLER_0_17_3, 0.46, 48.96, 1.79988
PHY_33, 179.4, 48.96, 1.79985
PHY_35, 179.4, 48.96, 1.79985
_1013_, 18.793, 48.96, 1.79988
_1026_, 18.793, 48.96, 1.79988
_1691_, 18.793, 48.96, 1.79988
_1692_, 18.793, 48.96, 1.79988
_1694_, 18.793, 48.96, 1.79988
_2112_, 18.793, 48.96, 1.79988
hold106, 18.793, 48.96, 1.79988
_1081_, 32.126, 48.96, 1.79988
_1269_, 32.126, 48.96, 1.79988
_1285_, 32.126, 48.96, 1.79988
_1287_, 32.126, 48.96, 1.79988
hold134, 32.126, 48.96, 1.79988
hold143, 32.126, 48.96, 1.79988
FILLER_0_17_61, 32.126, 48.96, 1.79988
_1177_, 58.793, 48.96, 1.79988
_1178_, 58.793, 48.96, 1.79988
_1253_, 58.793, 48.96, 1.79988
_1254_, 58.793, 48.96, 1.79988
_1265_, 58.793, 48.96, 1.79988
_1266_, 58.793, 48.96, 1.79988
_1268_, 58.793, 48.96, 1.79988
_1279_, 58.793, 48.96, 1.79988
_1280_, 58.793, 48.96, 1.79988
FILLER_0_16_125, 58.793, 48.96, 1.79988
FILLER_0_17_113, 58.793, 48.96, 1.79988
FILLER_0_17_136, 58.793, 48.96, 1.79988
_1133_, 72.126, 48.96, 1.79989
_1173_, 72.126, 48.96, 1.79989
_1233_, 72.126, 48.96, 1.79989
_1244_, 72.126, 48.96, 1.79989
_1252_, 72.126, 48.96, 1.79989
FILLER_0_16_150, 72.126, 48.96, 1.79989
FILLER_0_17_145, 72.126, 48.96, 1.79989
FILLER_0_18_157, 72.126, 48.96, 1.79989
_1093_, 98.793, 48.96, 1.79988
_1297_, 98.793, 48.96, 1.79988
_1334_, 98.793, 48.96, 1.79988
_1351_, 98.793, 48.96, 1.79988
FILLER_0_17_221, 98.793, 48.96, 1.79988
FILLER_0_18_219, 98.793, 48.96, 1.79988
_1014_, 112.126, 48.96, 1.79986
_1094_, 112.126, 48.96, 1.79986
_1138_, 112.126, 48.96, 1.79986
_1140_, 112.126, 48.96, 1.79986
_1096_, 138.793, 48.96, 1.79985
_1099_, 138.793, 48.96, 1.79985
_1105_, 138.793, 48.96, 1.79985
_1107_, 138.793, 48.96, 1.79985
_1128_, 138.793, 48.96, 1.79985
FILLER_0_18_303, 138.793, 48.96, 1.79985
_1106_, 152.126, 48.96, 1.79985
_2073_, 152.126, 48.96, 1.79985
FILLER_0_17_328, 152.126, 48.96, 1.79985
FILLER_0_17_337, 152.126, 48.96, 1.79985
_1314_, 172.43, 48.96, 1.79985
_1315_, 172.43, 48.96, 1.79985
_1328_, 172.43, 48.96, 1.79985
hold154, 172.43, 48.96, 1.79985
FILLER_0_16_373, 172.43, 48.96, 1.79985
_2015_, 0.46, 43.52, 1.79987
PHY_28, 0.46, 43.52, 1.79987
PHY_30, 0.46, 43.52, 1.79987
FILLER_0_15_3, 0.46, 43.52, 1.79987
PHY_29, 179.4, 43.52, 1.79985
PHY_31, 179.4, 43.52, 1.79985
_1705_, 18.793, 43.52, 1.79986
_2028_, 18.793, 43.52, 1.79986
_2030_, 18.793, 43.52, 1.79986
clkbuf_4_1_0_i_clk, 18.793, 43.52, 1.79986
hold135, 18.793, 43.52, 1.79986
hold193, 18.793, 43.52, 1.79986
hold217, 18.793, 43.52, 1.79986
_1242_, 32.126, 43.52, 1.79987
_1243_, 32.126, 43.52, 1.79987
_1272_, 32.126, 43.52, 1.79987
_1274_, 32.126, 43.52, 1.79987
_1693_, 32.126, 43.52, 1.79987
hold149, 32.126, 43.52, 1.79987
hold150, 32.126, 43.52, 1.79987
FILLER_0_14_68, 32.126, 43.52, 1.79987
FILLER_0_15_60, 32.126, 43.52, 1.79987
FILLER_0_16_80, 32.126, 43.52, 1.79987
_1219_, 58.793, 43.52, 1.79988
_1222_, 58.793, 43.52, 1.79988
_1235_, 58.793, 43.52, 1.79988
_1236_, 58.793, 43.52, 1.79988
_1237_, 58.793, 43.52, 1.79988
_1245_, 58.793, 43.52, 1.79988
_1267_, 58.793, 43.52, 1.79988
FILLER_0_14_118, 58.793, 43.52, 1.79988
FILLER_0_14_125, 58.793, 43.52, 1.79988
FILLER_0_15_113, 58.793, 43.52, 1.79988
FILLER_0_15_137, 58.793, 43.52, 1.79988
_1207_, 72.126, 43.52, 1.79988
_1208_, 72.126, 43.52, 1.79988
_1212_, 72.126, 43.52, 1.79988
_1220_, 72.126, 43.52, 1.79988
_1232_, 72.126, 43.52, 1.79988
_1234_, 72.126, 43.52, 1.79988
FILLER_0_15_144, 72.126, 43.52, 1.79988
FILLER_0_15_165, 72.126, 43.52, 1.79988
FILLER_0_15_169, 72.126, 43.52, 1.79988
_1088_, 98.793, 43.52, 1.79988
_1089_, 98.793, 43.52, 1.79988
_1353_, 98.793, 43.52, 1.79988
FILLER_0_14_205, 98.793, 43.52, 1.79988
FILLER_0_15_219, 98.793, 43.52, 1.79988
FILLER_0_15_225, 98.793, 43.52, 1.79988
_1090_, 112.126, 43.52, 1.79987
_1145_, 112.126, 43.52, 1.79987
_1306_, 112.126, 43.52, 1.79987
FILLER_0_16_244, 112.126, 43.52, 1.79987
_1097_, 138.793, 43.52, 1.79985
_1118_, 138.793, 43.52, 1.79985
_1119_, 138.793, 43.52, 1.79985
_1135_, 138.793, 43.52, 1.79985
_1149_, 138.793, 43.52, 1.79985
FILLER_0_15_290, 138.793, 43.52, 1.79985
FILLER_0_16_309, 138.793, 43.52, 1.79985
_1095_, 152.126, 43.52, 1.79984
_1123_, 152.126, 43.52, 1.79984
_1155_, 152.126, 43.52, 1.79984
_1156_, 152.126, 43.52, 1.79984
FILLER_0_14_316, 152.126, 43.52, 1.79984
_2024_, 172.43, 43.52, 1.79985
hold236, 172.43, 43.52, 1.79985
_2116_, 0.46, 38.08, 1.79987
PHY_24, 0.46, 38.08, 1.79987
PHY_26, 0.46, 38.08, 1.79987
FILLER_0_13_3, 0.46, 38.08, 1.79987
_1570_, 179.4, 38.08, 1.79984
PHY_25, 179.4, 38.08, 1.79984
PHY_27, 179.4, 38.08, 1.79984
_1704_, 18.793, 38.08, 1.79986
_1934_, 18.793, 38.08, 1.79986
_2115_, 18.793, 38.08, 1.79986
clkbuf_4_0_0_i_clk, 18.793, 38.08, 1.79986
hold218, 18.793, 38.08, 1.79986
_1239_, 32.126, 38.08, 1.79986
_1240_, 32.126, 38.08, 1.79986
_1241_, 32.126, 38.08, 1.79986
_1248_, 32.126, 38.08, 1.79986
_1250_, 32.126, 38.08, 1.79986
_1258_, 32.126, 38.08, 1.79986
_1259_, 32.126, 38.08, 1.79986
_1260_, 32.126, 38.08, 1.79986
_1275_, 32.126, 38.08, 1.79986
_1276_, 32.126, 38.08, 1.79986
_1221_, 58.793, 38.08, 1.79986
_1223_, 58.793, 38.08, 1.79986
_1224_, 58.793, 38.08, 1.79986
_1228_, 58.793, 38.08, 1.79986
_1229_, 58.793, 38.08, 1.79986
_1230_, 58.793, 38.08, 1.79986
_1594_, 58.793, 38.08, 1.79986
FILLER_0_13_133, 58.793, 38.08, 1.79986
_1184_, 72.126, 38.08, 1.79987
_1211_, 72.126, 38.08, 1.79987
_1214_, 72.126, 38.08, 1.79987
_1215_, 72.126, 38.08, 1.79987
_1651_, 72.126, 38.08, 1.79987
FILLER_0_13_158, 72.126, 38.08, 1.79987
FILLER_0_14_163, 72.126, 38.08, 1.79987
_1296_, 98.793, 38.08, 1.79987
_1299_, 98.793, 38.08, 1.79987
_1308_, 98.793, 38.08, 1.79987
FILLER_0_12_203, 98.793, 38.08, 1.79987
FILLER_0_13_216, 98.793, 38.08, 1.79987
_1307_, 112.126, 38.08, 1.79986
_1331_, 112.126, 38.08, 1.79986
FILLER_0_14_247, 112.126, 38.08, 1.79986
FILLER_0_14_253, 112.126, 38.08, 1.79986
_1141_, 138.793, 38.08, 1.79984
_1147_, 138.793, 38.08, 1.79984
_1148_, 138.793, 38.08, 1.79984
_1152_, 138.793, 38.08, 1.79984
_1153_, 138.793, 38.08, 1.79984
_1188_, 138.793, 38.08, 1.79984
FILLER_0_12_297, 138.793, 38.08, 1.79984
FILLER_0_13_293, 138.793, 38.08, 1.79984
_1117_, 152.126, 38.08, 1.79983
_1150_, 152.126, 38.08, 1.79983
_1154_, 152.126, 38.08, 1.79983
_1157_, 152.126, 38.08, 1.79983
_1159_, 152.126, 38.08, 1.79983
_1162_, 152.126, 38.08, 1.79983
_1163_, 152.126, 38.08, 1.79983
_1196_, 152.126, 38.08, 1.79983
_1578_, 152.126, 38.08, 1.79983
FILLER_0_13_320, 152.126, 38.08, 1.79983
FILLER_0_14_335, 152.126, 38.08, 1.79983
_1112_, 172.43, 38.08, 1.79984
_1114_, 172.43, 38.08, 1.79984
_1115_, 172.43, 38.08, 1.79984
_1568_, 172.43, 38.08, 1.79984
_1571_, 172.43, 38.08, 1.79984
hold196, 172.43, 38.08, 1.79984
_2113_, 0.46, 32.64, 1.79987
PHY_20, 0.46, 32.64, 1.79987
PHY_22, 0.46, 32.64, 1.79987
FILLER_0_11_3, 0.46, 32.64, 1.79987
PHY_21, 179.4, 32.64, 1.79984
PHY_23, 179.4, 32.64, 1.79984
_1249_, 18.793, 32.64, 1.79987
_1689_, 18.793, 32.64, 1.79987
_1695_, 18.793, 32.64, 1.79987
_2114_, 18.793, 32.64, 1.79987
hold82, 18.793, 32.64, 1.79987
hold84, 18.793, 32.64, 1.79987
FILLER_0_11_42, 18.793, 32.64, 1.79987
_1238_, 32.126, 32.64, 1.79987
_1251_, 32.126, 32.64, 1.79987
_1687_, 32.126, 32.64, 1.79987
_2029_, 32.126, 32.64, 1.79987
hold177, 32.126, 32.64, 1.79987
hold207, 32.126, 32.64, 1.79987
FILLER_0_11_83, 32.126, 32.64, 1.79987
FILLER_0_12_73, 32.126, 32.64, 1.79987
FILLER_0_12_81, 32.126, 32.64, 1.79987
_1226_, 58.793, 32.64, 1.79986
_1589_, 58.793, 32.64, 1.79986
_1590_, 58.793, 32.64, 1.79986
_1592_, 58.793, 32.64, 1.79986
_1593_, 58.793, 32.64, 1.79986
_1595_, 58.793, 32.64, 1.79986
_1596_, 58.793, 32.64, 1.79986
_1597_, 58.793, 32.64, 1.79986
_1679_, 58.793, 32.64, 1.79986
hold29, 58.793, 32.64, 1.79986
hold203, 58.793, 32.64, 1.79986
FILLER_0_10_113, 58.793, 32.64, 1.79986
FILLER_0_12_137, 58.793, 32.64, 1.79986
_1185_, 72.126, 32.64, 1.79986
_1205_, 72.126, 32.64, 1.79986
_1206_, 72.126, 32.64, 1.79986
_1213_, 72.126, 32.64, 1.79986
_1225_, 72.126, 32.64, 1.79986
_1591_, 72.126, 32.64, 1.79986
_2027_, 72.126, 32.64, 1.79986
hold172, 72.126, 32.64, 1.79986
hold190, 72.126, 32.64, 1.79986
_1332_, 98.793, 32.64, 1.79986
_1349_, 98.793, 32.64, 1.79986
_1588_, 98.793, 32.64, 1.79986
hold175, 98.793, 32.64, 1.79986
FILLER_0_10_208, 98.793, 32.64, 1.79986
FILLER_0_11_204, 98.793, 32.64, 1.79986
FILLER_0_11_220, 98.793, 32.64, 1.79986
FILLER_0_12_224, 98.793, 32.64, 1.79986
_1301_, 112.126, 32.64, 1.79985
_1348_, 112.126, 32.64, 1.79985
_1657_, 112.126, 32.64, 1.79985
_1659_, 112.126, 32.64, 1.79985
_1661_, 112.126, 32.64, 1.79985
FILLER_0_11_246, 112.126, 32.64, 1.79985
_1165_, 138.793, 32.64, 1.79984
_1166_, 138.793, 32.64, 1.79984
_1168_, 138.793, 32.64, 1.79984
_1169_, 138.793, 32.64, 1.79984
_1193_, 138.793, 32.64, 1.79984
_1194_, 138.793, 32.64, 1.79984
_1195_, 138.793, 32.64, 1.79984
hold197, 138.793, 32.64, 1.79984
FILLER_0_12_305, 138.793, 32.64, 1.79984
_1160_, 152.126, 32.64, 1.79983
_1167_, 152.126, 32.64, 1.79983
_1197_, 152.126, 32.64, 1.79983
_1575_, 152.126, 32.64, 1.79983
_1576_, 152.126, 32.64, 1.79983
_1579_, 152.126, 32.64, 1.79983
_1580_, 152.126, 32.64, 1.79983
_1617_, 152.126, 32.64, 1.79983
hold202, 152.126, 32.64, 1.79983
_2056_, 172.43, 32.64, 1.79984
hold99, 172.43, 32.64, 1.79984
hold100, 172.43, 32.64, 1.79984
hold131, 172.43, 32.64, 1.79984
FILLER_0_11_376, 172.43, 32.64, 1.79984
_2011_, 0.46, 27.2, 1.79988
_2169_, 0.46, 27.2, 1.79988
PHY_16, 0.46, 27.2, 1.79988
PHY_18, 0.46, 27.2, 1.79988
PHY_17, 179.4, 27.2, 1.79985
PHY_19, 179.4, 27.2, 1.79985
_1688_, 18.793, 27.2, 1.79987
_1699_, 18.793, 27.2, 1.79987
_1930_, 18.793, 27.2, 1.79987
_1931_, 18.793, 27.2, 1.79987
_2110_, 18.793, 27.2, 1.79987
hold176, 18.793, 27.2, 1.79987
hold208, 18.793, 27.2, 1.79987
_1683_, 32.126, 27.2, 1.79987
_2002_, 32.126, 27.2, 1.79987
_2109_, 32.126, 27.2, 1.79987
hold18, 32.126, 27.2, 1.79987
hold19, 32.126, 27.2, 1.79987
hold25, 32.126, 27.2, 1.79987
_1680_, 58.793, 27.2, 1.79987
_2062_, 58.793, 27.2, 1.79987
_2063_, 58.793, 27.2, 1.79987
hold191, 58.793, 27.2, 1.79987
FILLER_0_8_116, 58.793, 27.2, 1.79987
_1611_, 72.126, 27.2, 1.79988
_1654_, 72.126, 27.2, 1.79988
_1675_, 72.126, 27.2, 1.79988
hold32, 72.126, 27.2, 1.79988
hold33, 72.126, 27.2, 1.79988
hold72, 72.126, 27.2, 1.79988
hold171, 72.126, 27.2, 1.79988
FILLER_0_9_152, 72.126, 27.2, 1.79988
_1613_, 98.793, 27.2, 1.79987
_2061_, 98.793, 27.2, 1.79987
hold67, 98.793, 27.2, 1.79987
hold77, 98.793, 27.2, 1.79987
_1610_, 112.126, 27.2, 1.79986
_2060_, 112.126, 27.2, 1.79986
_2096_, 112.126, 27.2, 1.79986
hold45, 112.126, 27.2, 1.79986
hold46, 112.126, 27.2, 1.79986
hold128, 112.126, 27.2, 1.79986
FILLER_0_9_233, 112.126, 27.2, 1.79986
FILLER_0_9_253, 112.126, 27.2, 1.79986
FILLER_0_10_247, 112.126, 27.2, 1.79986
_1582_, 138.793, 27.2, 1.79984
_2026_, 138.793, 27.2, 1.79984
_2059_, 138.793, 27.2, 1.79984
hold17, 138.793, 27.2, 1.79984
hold198, 138.793, 27.2, 1.79984
_1164_, 152.126, 27.2, 1.79984
_1577_, 152.126, 27.2, 1.79984
_1581_, 152.126, 27.2, 1.79984
_2058_, 152.126, 27.2, 1.79984
hold37, 152.126, 27.2, 1.79984
hold201, 152.126, 27.2, 1.79984
hold130, 172.43, 27.2, 1.79985
_2054_, 0.46, 21.76, 1.79987
PHY_12, 0.46, 21.76, 1.79987
PHY_14, 0.46, 21.76, 1.79987
FILLER_0_8_3, 0.46, 21.76, 1.79987
PHY_13, 179.4, 21.76, 1.79985
PHY_15, 179.4, 21.76, 1.79985
_1649_, 18.793, 21.76, 1.79987
_1935_, 18.793, 21.76, 1.79987
_2094_, 18.793, 21.76, 1.79987
_2168_, 18.793, 21.76, 1.79987
hold122, 18.793, 21.76, 1.79987
_1647_, 32.126, 21.76, 1.79987
_1652_, 32.126, 21.76, 1.79987
_1686_, 32.126, 21.76, 1.79987
_2164_, 32.126, 21.76, 1.79987
hold205, 32.126, 21.76, 1.79987
FILLER_0_6_64, 32.126, 21.76, 1.79987
_1656_, 58.793, 21.76, 1.79987
_1677_, 58.793, 21.76, 1.79987
_1938_, 58.793, 21.76, 1.79987
_1990_, 58.793, 21.76, 1.79987
_2095_, 58.793, 21.76, 1.79987
_2106_, 58.793, 21.76, 1.79987
hold28, 58.793, 21.76, 1.79987
FILLER_0_7_113, 58.793, 21.76, 1.79987
FILLER_0_7_133, 58.793, 21.76, 1.79987
_1634_, 72.126, 21.76, 1.79988
_1646_, 72.126, 21.76, 1.79988
_1655_, 72.126, 21.76, 1.79988
_1936_, 72.126, 21.76, 1.79988
_1941_, 72.126, 21.76, 1.79988
_2093_, 72.126, 21.76, 1.79988
FILLER_0_6_153, 72.126, 21.76, 1.79988
_1615_, 98.793, 21.76, 1.79986
_1616_, 98.793, 21.76, 1.79986
_1635_, 98.793, 21.76, 1.79986
_1637_, 98.793, 21.76, 1.79986
_2079_, 98.793, 21.76, 1.79986
hold66, 98.793, 21.76, 1.79986
FILLER_0_6_210, 98.793, 21.76, 1.79986
_1658_, 112.126, 21.76, 1.79985
_2097_, 112.126, 21.76, 1.79985
clkbuf_4_8_0_i_clk, 112.126, 21.76, 1.79985
clkbuf_4_9_0_i_clk, 112.126, 21.76, 1.79985
hold30, 112.126, 21.76, 1.79985
_1629_, 138.793, 21.76, 1.79985
_1630_, 138.793, 21.76, 1.79985
_2086_, 138.793, 21.76, 1.79985
clkbuf_4_10_0_i_clk, 138.793, 21.76, 1.79985
hold36, 138.793, 21.76, 1.79985
_1618_, 152.126, 21.76, 1.79985
_1620_, 152.126, 21.76, 1.79985
_2080_, 152.126, 21.76, 1.79985
hold68, 152.126, 21.76, 1.79985
FILLER_0_6_323, 152.126, 21.76, 1.79985
FILLER_0_7_324, 152.126, 21.76, 1.79985
FILLER_0_7_337, 152.126, 21.76, 1.79985
_1102_, 172.43, 21.76, 1.79985
FILLER_0_7_377, 172.43, 21.76, 1.79985
FILLER_0_8_378, 172.43, 21.76, 1.79985
PHY_8, 0.46, 16.32, 1.79988
PHY_10, 0.46, 16.32, 1.79988
FILLER_0_5_3, 0.46, 16.32, 1.79988
PHY_9, 179.4, 16.32, 1.79986
PHY_11, 179.4, 16.32, 1.79986
_1564_, 18.793, 16.32, 1.79988
_1648_, 18.793, 16.32, 1.79988
_1932_, 18.793, 16.32, 1.79988
_1945_, 18.793, 16.32, 1.79988
_2009_, 18.793, 16.32, 1.79988
_2165_, 18.793, 16.32, 1.79988
hold206, 18.793, 16.32, 1.79988
_1997_, 32.126, 16.32, 1.79988
_1999_, 32.126, 16.32, 1.79988
_2001_, 32.126, 16.32, 1.79988
_2003_, 32.126, 16.32, 1.79988
hold123, 32.126, 16.32, 1.79988
FILLER_0_5_83, 32.126, 16.32, 1.79988
_1916_, 58.793, 16.32, 1.79988
_1986_, 58.793, 16.32, 1.79988
_2151_, 58.793, 16.32, 1.79988
hold34, 58.793, 16.32, 1.79988
hold35, 58.793, 16.32, 1.79988
hold41, 58.793, 16.32, 1.79988
FILLER_0_6_136, 58.793, 16.32, 1.79988
FILLER_0_6_141, 58.793, 16.32, 1.79988
_1638_, 72.126, 16.32, 1.79988
_1642_, 72.126, 16.32, 1.79988
_1678_, 72.126, 16.32, 1.79988
_1937_, 72.126, 16.32, 1.79988
_1982_, 72.126, 16.32, 1.79988
_2089_, 72.126, 16.32, 1.79988
_2091_, 72.126, 16.32, 1.79988
hold55, 72.126, 16.32, 1.79988
_1631_, 98.793, 16.32, 1.79987
_1633_, 98.793, 16.32, 1.79987
_1636_, 98.793, 16.32, 1.79987
_1660_, 98.793, 16.32, 1.79987
_2087_, 98.793, 16.32, 1.79987
hold43, 98.793, 16.32, 1.79987
_1663_, 112.126, 16.32, 1.79987
_1949_, 112.126, 16.32, 1.79987
hold31, 112.126, 16.32, 1.79987
hold44, 112.126, 16.32, 1.79987
hold59, 112.126, 16.32, 1.79987
_1621_, 138.793, 16.32, 1.79985
_1628_, 138.793, 16.32, 1.79985
_1966_, 138.793, 16.32, 1.79985
_2085_, 138.793, 16.32, 1.79985
clkbuf_4_11_0_i_clk, 138.793, 16.32, 1.79985
hold26, 138.793, 16.32, 1.79985
FILLER_0_6_309, 138.793, 16.32, 1.79985
_1619_, 152.126, 16.32, 1.79985
_1624_, 152.126, 16.32, 1.79985
_2081_, 152.126, 16.32, 1.79985
_2082_, 152.126, 16.32, 1.79985
hold27, 152.126, 16.32, 1.79985
FILLER_0_4_325, 152.126, 16.32, 1.79985
FILLER_0_5_323, 152.126, 16.32, 1.79985
FILLER_0_5_381, 172.43, 16.32, 1.79986
FILLER_0_6_377, 172.43, 16.32, 1.79986
_2167_, 0.46, 10.88, 1.79988
PHY_4, 0.46, 10.88, 1.79988
PHY_6, 0.46, 10.88, 1.79988
FILLER_0_3_3, 0.46, 10.88, 1.79988
PHY_5, 179.4, 10.88, 1.79986
PHY_7, 179.4, 10.88, 1.79986
_1614_, 18.793, 10.88, 1.79987
_1933_, 18.793, 10.88, 1.79987
hold165, 18.793, 10.88, 1.79987
FILLER_0_3_47, 18.793, 10.88, 1.79987
_2005_, 32.126, 10.88, 1.79987
_2163_, 32.126, 10.88, 1.79987
_2166_, 32.126, 10.88, 1.79987
hold121, 32.126, 10.88, 1.79987
hold164, 32.126, 10.88, 1.79987
FILLER_0_2_64, 32.126, 10.88, 1.79987
_1632_, 58.793, 10.88, 1.79987
_1984_, 58.793, 10.88, 1.79987
_1987_, 58.793, 10.88, 1.79987
_2105_, 58.793, 10.88, 1.79987
_2161_, 58.793, 10.88, 1.79987
hold119, 58.793, 10.88, 1.79987
hold219, 58.793, 10.88, 1.79987
_2160_, 72.126, 10.88, 1.79988
hold42, 72.126, 10.88, 1.79988
FILLER_0_3_156, 72.126, 10.88, 1.79988
_1944_, 98.793, 10.88, 1.79987
_1948_, 98.793, 10.88, 1.79987
_1974_, 98.793, 10.88, 1.79987
_2088_, 98.793, 10.88, 1.79987
hold60, 98.793, 10.88, 1.79987
FILLER_0_3_221, 98.793, 10.88, 1.79987
FILLER_0_3_225, 98.793, 10.88, 1.79987
_1953_, 112.126, 10.88, 1.79987
_1954_, 112.126, 10.88, 1.79987
_1972_, 112.126, 10.88, 1.79987
_2098_, 112.126, 10.88, 1.79987
FILLER_0_4_247, 112.126, 10.88, 1.79987
FILLER_0_4_253, 112.126, 10.88, 1.79987
_1626_, 138.793, 10.88, 1.79986
_1627_, 138.793, 10.88, 1.79986
_1969_, 138.793, 10.88, 1.79986
_2084_, 138.793, 10.88, 1.79986
_2157_, 138.793, 10.88, 1.79986
hold10, 138.793, 10.88, 1.79986
_1622_, 152.126, 10.88, 1.79986
_1625_, 152.126, 10.88, 1.79986
hold51, 152.126, 10.88, 1.79986
hold52, 152.126, 10.88, 1.79986
hold64, 152.126, 10.88, 1.79986
FILLER_0_3_333, 152.126, 10.88, 1.79986
FILLER_0_3_377, 172.43, 10.88, 1.79986
FILLER_0_4_377, 172.43, 10.88, 1.79986
PHY_0, 0.46, 5.44, 1.79988
PHY_2, 0.46, 5.44, 1.79988
input3, 0.46, 5.44, 1.79988
PHY_1, 179.4, 5.44, 1.79986
PHY_3, 179.4, 5.44, 1.79986
FILLER_0_0_53, 18.793, 5.44, 1.79988
FILLER_0_1_51, 18.793, 5.44, 1.79988
FILLER_0_2_53, 18.793, 5.44, 1.79988
_1993_, 32.126, 5.44, 1.79988
_2004_, 32.126, 5.44, 1.79988
hold110, 32.126, 5.44, 1.79988
FILLER_0_0_81, 32.126, 5.44, 1.79988
FILLER_0_1_76, 32.126, 5.44, 1.79988
_1664_, 58.793, 5.44, 1.79988
_1940_, 58.793, 5.44, 1.79988
_1943_, 58.793, 5.44, 1.79988
_1946_, 58.793, 5.44, 1.79988
_1985_, 58.793, 5.44, 1.79988
hold112, 58.793, 5.44, 1.79988
hold113, 58.793, 5.44, 1.79988
FILLER_0_0_125, 58.793, 5.44, 1.79988
FILLER_0_0_136, 58.793, 5.44, 1.79988
FILLER_0_1_117, 58.793, 5.44, 1.79988
_1976_, 72.126, 5.44, 1.79988
_1980_, 72.126, 5.44, 1.79988
_1981_, 72.126, 5.44, 1.79988
_1983_, 72.126, 5.44, 1.79988
_2159_, 72.126, 5.44, 1.79988
input1, 72.126, 5.44, 1.79988
hold114, 72.126, 5.44, 1.79988
FILLER_0_0_147, 72.126, 5.44, 1.79988
FILLER_0_1_142, 72.126, 5.44, 1.79988
FILLER_0_2_164, 72.126, 5.44, 1.79988
_1950_, 98.793, 5.44, 1.79987
_1952_, 98.793, 5.44, 1.79987
_2152_, 98.793, 5.44, 1.79987
_2153_, 98.793, 5.44, 1.79987
hold101, 98.793, 5.44, 1.79987
hold102, 98.793, 5.44, 1.79987
FILLER_0_0_213, 98.793, 5.44, 1.79987
_1947_, 112.126, 5.44, 1.79987
_1951_, 112.126, 5.44, 1.79987
_1956_, 112.126, 5.44, 1.79987
_1958_, 112.126, 5.44, 1.79987
_2154_, 112.126, 5.44, 1.79987
hold13, 112.126, 5.44, 1.79987
FILLER_0_0_249, 112.126, 5.44, 1.79987
FILLER_0_2_248, 112.126, 5.44, 1.79987
FILLER_0_2_253, 112.126, 5.44, 1.79987
_1961_, 138.793, 5.44, 1.79986
_1964_, 138.793, 5.44, 1.79986
_1965_, 138.793, 5.44, 1.79986
hold97, 138.793, 5.44, 1.79986
hold98, 138.793, 5.44, 1.79986
hold108, 138.793, 5.44, 1.79986
hold129, 138.793, 5.44, 1.79986
hold65, 152.126, 5.44, 1.79986
hold93, 152.126, 5.44, 1.79986
hold94, 152.126, 5.44, 1.79986
FILLER_0_0_325, 152.126, 5.44, 1.79986
FILLER_0_0_333, 152.126, 5.44, 1.79986
FILLER_0_1_331, 152.126, 5.44, 1.79986
FILLER_0_2_333, 152.126, 5.44, 1.79986
FILLER_0_0_377, 172.43, 5.44, 1.79986
FILLER_0_2_377, 172.43, 5.44, 1.79986

