Instance name,  X location,  Y location,  Voltage 
FILLER_0_39_361, 168.76, 111.52, 0.000150721
FILLER_0_38_360, 168.76, 106.08, 0.000151992
FILLER_0_38_377, 168.76, 106.08, 0.000151992
FILLER_0_39_377, 168.76, 106.08, 0.000151992
FILLER_0_36_358, 168.76, 100.64, 0.000152223
FILLER_0_36_377, 168.76, 100.64, 0.000152223
FILLER_0_34_356, 168.76, 95.2, 0.000151606
FILLER_0_34_377, 168.76, 95.2, 0.000151606
_1439_, 168.76, 89.76, 0.000160181
hold174, 168.76, 89.76, 0.000160181
FILLER_0_31_362, 168.76, 89.76, 0.000160181
FILLER_0_32_365, 168.76, 89.76, 0.000160181
_1422_, 168.76, 84.32, 0.000165968
_1440_, 168.76, 84.32, 0.000165968
_1441_, 168.76, 84.32, 0.000165968
_2041_, 168.76, 84.32, 0.000165968
hold156, 168.76, 84.32, 0.000165968
FILLER_0_30_354, 168.76, 84.32, 0.000165968
_1395_, 168.76, 78.88, 0.000167859
_1420_, 168.76, 78.88, 0.000167859
_1430_, 168.76, 78.88, 0.000167859
_2040_, 168.76, 78.88, 0.000167859
hold162, 168.76, 78.88, 0.000167859
hold163, 168.76, 78.88, 0.000167859
FILLER_0_27_362, 168.76, 78.88, 0.000167859
FILLER_0_28_361, 168.76, 78.88, 0.000167859
FILLER_0_28_365, 168.76, 78.88, 0.000167859
_1364_, 168.76, 73.44, 0.000168971
_1391_, 168.76, 73.44, 0.000168971
_1396_, 168.76, 73.44, 0.000168971
_1419_, 168.76, 73.44, 0.000168971
_1427_, 168.76, 73.44, 0.000168971
_1429_, 168.76, 73.44, 0.000168971
hold195, 168.76, 73.44, 0.000168971
_1394_, 168.76, 68, 0.000164981
_1426_, 168.76, 68, 0.000164981
_2036_, 168.76, 68, 0.000164981
_2038_, 168.76, 68, 0.000164981
hold124, 168.76, 68, 0.000164981
hold125, 168.76, 68, 0.000164981
hold189, 168.76, 68, 0.000164981
FILLER_0_24_365, 168.76, 68, 0.000164981
_1337_, 168.76, 62.56, 0.000160422
_1346_, 168.76, 62.56, 0.000160422
_1359_, 168.76, 62.56, 0.000160422
_1360_, 168.76, 62.56, 0.000160422
_1365_, 168.76, 62.56, 0.000160422
FILLER_0_22_365, 168.76, 62.56, 0.000160422
_1339_, 168.76, 57.12, 0.000152581
_1357_, 168.76, 57.12, 0.000152581
_1361_, 168.76, 57.12, 0.000152581
_1428_, 168.76, 57.12, 0.000152581
_1604_, 168.76, 57.12, 0.000152581
hold142, 168.76, 57.12, 0.000152581
hold221, 168.76, 57.12, 0.000152581
FILLER_0_20_361, 168.76, 57.12, 0.000152581
FILLER_0_20_365, 168.76, 57.12, 0.000152581
FILLER_0_21_374, 168.76, 57.12, 0.000152581
_1304_, 168.76, 51.68, 0.00014529
_1312_, 168.76, 51.68, 0.00014529
_1313_, 168.76, 51.68, 0.00014529
_1314_, 168.76, 51.68, 0.00014529
_1327_, 168.76, 51.68, 0.00014529
_1329_, 168.76, 51.68, 0.00014529
_1603_, 168.76, 51.68, 0.00014529
_2034_, 168.76, 51.68, 0.00014529
FILLER_0_17_356, 168.76, 51.68, 0.00014529
FILLER_0_18_361, 168.76, 51.68, 0.00014529
_1100_, 168.76, 46.24, 0.00014312
_1328_, 168.76, 46.24, 0.00014312
FILLER_0_15_365, 168.76, 46.24, 0.00014312
FILLER_0_16_357, 168.76, 46.24, 0.00014312
FILLER_0_16_373, 168.76, 46.24, 0.00014312
_1101_, 168.76, 40.8, 0.000154277
_1113_, 168.76, 40.8, 0.000154277
_1158_, 168.76, 40.8, 0.000154277
_1568_, 168.76, 40.8, 0.000154277
_1569_, 168.76, 40.8, 0.000154277
_2024_, 168.76, 40.8, 0.000154277
hold196, 168.76, 40.8, 0.000154277
FILLER_0_13_356, 168.76, 40.8, 0.000154277
_1114_, 168.76, 35.36, 0.000155397
_1125_, 168.76, 35.36, 0.000155397
_1126_, 168.76, 35.36, 0.000155397
_1127_, 168.76, 35.36, 0.000155397
_1571_, 168.76, 35.36, 0.000155397
_1573_, 168.76, 35.36, 0.000155397
hold131, 168.76, 35.36, 0.000155397
_1572_, 168.76, 29.92, 0.000157555
_1574_, 168.76, 29.92, 0.000157555
_2025_, 168.76, 29.92, 0.000157555
_2056_, 168.76, 29.92, 0.000157555
hold100, 168.76, 29.92, 0.000157555
hold199, 168.76, 29.92, 0.000157555
FILLER_0_11_376, 168.76, 29.92, 0.000157555
_1102_, 168.76, 24.48, 0.00014744
hold69, 168.76, 24.48, 0.00014744
hold200, 168.76, 24.48, 0.00014744
_1623_, 168.76, 19.04, 0.000145511
hold70, 168.76, 19.04, 0.000145511
hold75, 168.76, 19.04, 0.000145511
FILLER_0_6_377, 168.76, 19.04, 0.000145511
FILLER_0_7_377, 168.76, 19.04, 0.000145511
FILLER_0_4_361, 168.76, 13.6, 0.000141026
FILLER_0_4_377, 168.76, 13.6, 0.000141026
FILLER_0_2_357, 168.76, 8.16, 0.00013896
FILLER_0_2_377, 168.76, 8.16, 0.00013896
FILLER_0_3_377, 168.76, 8.16, 0.00013896
output6, 168.76, 2.72, 0.00013897
FILLER_0_0_377, 168.76, 2.72, 0.00013897
_1871_, 128.76, 111.52, 0.000146485
hold184, 128.76, 111.52, 0.000146485
_1865_, 128.76, 106.08, 0.000152229
_1870_, 128.76, 106.08, 0.000152229
_2131_, 128.76, 106.08, 0.000152229
_2132_, 128.76, 106.08, 0.000152229
FILLER_0_37_273, 128.76, 106.08, 0.000152229
FILLER_0_38_276, 128.76, 106.08, 0.000152229
FILLER_0_38_288, 128.76, 106.08, 0.000152229
_1322_, 128.76, 100.64, 0.000151116
_1772_, 128.76, 100.64, 0.000151116
_1851_, 128.76, 100.64, 0.000151116
_1866_, 128.76, 100.64, 0.000151116
_1867_, 128.76, 100.64, 0.000151116
_1868_, 128.76, 100.64, 0.000151116
_1869_, 128.76, 100.64, 0.000151116
_1879_, 128.76, 100.64, 0.000151116
_1888_, 128.76, 100.64, 0.000151116
FILLER_0_36_268, 128.76, 100.64, 0.000151116
FILLER_0_36_293, 128.76, 100.64, 0.000151116
FILLER_0_37_292, 128.76, 100.64, 0.000151116
_1884_, 128.76, 95.2, 0.000148571
_1886_, 128.76, 95.2, 0.000148571
_1887_, 128.76, 95.2, 0.000148571
_1890_, 128.76, 95.2, 0.000148571
hold145, 128.76, 95.2, 0.000148571
hold146, 128.76, 95.2, 0.000148571
_1410_, 128.76, 89.76, 0.000154542
_1434_, 128.76, 89.76, 0.000154542
_1477_, 128.76, 89.76, 0.000154542
_1875_, 128.76, 89.76, 0.000154542
_1889_, 128.76, 89.76, 0.000154542
_1891_, 128.76, 89.76, 0.000154542
FILLER_0_32_282, 128.76, 89.76, 0.000154542
FILLER_0_33_293, 128.76, 89.76, 0.000154542
_1362_, 128.76, 84.32, 0.000160036
_1474_, 128.76, 84.32, 0.000160036
_1478_, 128.76, 84.32, 0.000160036
_1479_, 128.76, 84.32, 0.000160036
_1480_, 128.76, 84.32, 0.000160036
hold212, 128.76, 84.32, 0.000160036
hold213, 128.76, 84.32, 0.000160036
FILLER_0_29_267, 128.76, 84.32, 0.000160036
_1363_, 128.76, 78.88, 0.000158627
_1462_, 128.76, 78.88, 0.000158627
_1473_, 128.76, 78.88, 0.000158627
_1475_, 128.76, 78.88, 0.000158627
_1476_, 128.76, 78.88, 0.000158627
_1519_, 128.76, 78.88, 0.000158627
clkbuf_4_12_0_i_clk, 128.76, 78.88, 0.000158627
FILLER_0_27_273, 128.76, 78.88, 0.000158627
_1445_, 128.76, 73.44, 0.000159114
_1459_, 128.76, 73.44, 0.000159114
_1461_, 128.76, 73.44, 0.000159114
_1470_, 128.76, 73.44, 0.000159114
_1472_, 128.76, 73.44, 0.000159114
hold181, 128.76, 73.44, 0.000159114
FILLER_0_25_273, 128.76, 73.44, 0.000159114
FILLER_0_26_280, 128.76, 73.44, 0.000159114
_1385_, 128.76, 68, 0.000153545
_1398_, 128.76, 68, 0.000153545
_1399_, 128.76, 68, 0.000153545
_1444_, 128.76, 68, 0.000153545
_1446_, 128.76, 68, 0.000153545
_1460_, 128.76, 68, 0.000153545
FILLER_0_24_271, 128.76, 68, 0.000153545
FILLER_0_24_279, 128.76, 68, 0.000153545
_1019_, 128.76, 62.56, 0.00015054
_1086_, 128.76, 62.56, 0.00015054
_1103_, 128.76, 62.56, 0.00015054
_1298_, 128.76, 62.56, 0.00015054
_1386_, 128.76, 62.56, 0.00015054
_1397_, 128.76, 62.56, 0.00015054
FILLER_0_22_265, 128.76, 62.56, 0.00015054
_1020_, 128.76, 57.12, 0.000141977
_1302_, 128.76, 57.12, 0.000141977
_1303_, 128.76, 57.12, 0.000141977
_1305_, 128.76, 57.12, 0.000141977
FILLER_0_19_277, 128.76, 57.12, 0.000141977
FILLER_0_20_271, 128.76, 57.12, 0.000141977
FILLER_0_20_287, 128.76, 57.12, 0.000141977
_1021_, 128.76, 51.68, 0.000134291
_1110_, 128.76, 51.68, 0.000134291
_1134_, 128.76, 51.68, 0.000134291
FILLER_0_19_281, 128.76, 51.68, 0.000134291
_1096_, 128.76, 46.24, 0.000134648
_1105_, 128.76, 46.24, 0.000134648
_1122_, 128.76, 46.24, 0.000134648
FILLER_0_15_270, 128.76, 46.24, 0.000134648
FILLER_0_17_281, 128.76, 46.24, 0.000134648
_1098_, 128.76, 40.8, 0.000141877
_1135_, 128.76, 40.8, 0.000141877
_1143_, 128.76, 40.8, 0.000141877
_1171_, 128.76, 40.8, 0.000141877
_1189_, 128.76, 40.8, 0.000141877
_1190_, 128.76, 40.8, 0.000141877
FILLER_0_13_274, 128.76, 40.8, 0.000141877
FILLER_0_15_281, 128.76, 40.8, 0.000141877
FILLER_0_15_290, 128.76, 40.8, 0.000141877
_1141_, 128.76, 35.36, 0.000144867
_1146_, 128.76, 35.36, 0.000144867
_1147_, 128.76, 35.36, 0.000144867
_1191_, 128.76, 35.36, 0.000144867
_1198_, 128.76, 35.36, 0.000144867
_1667_, 128.76, 35.36, 0.000144867
FILLER_0_12_282, 128.76, 35.36, 0.000144867
FILLER_0_13_293, 128.76, 35.36, 0.000144867
_1168_, 128.76, 29.92, 0.000152052
_1169_, 128.76, 29.92, 0.000152052
_1192_, 128.76, 29.92, 0.000152052
_1199_, 128.76, 29.92, 0.000152052
_1584_, 128.76, 29.92, 0.000152052
hold49, 128.76, 29.92, 0.000152052
hold127, 128.76, 29.92, 0.000152052
_1582_, 128.76, 24.48, 0.000145051
_1583_, 128.76, 24.48, 0.000145051
_1671_, 128.76, 24.48, 0.000145051
_1672_, 128.76, 24.48, 0.000145051
hold39, 128.76, 24.48, 0.000145051
hold40, 128.76, 24.48, 0.000145051
hold50, 128.76, 24.48, 0.000145051
_1630_, 128.76, 19.04, 0.000141098
_1668_, 128.76, 19.04, 0.000141098
_1669_, 128.76, 19.04, 0.000141098
_1970_, 128.76, 19.04, 0.000141098
_2102_, 128.76, 19.04, 0.000141098
_1957_, 128.76, 13.6, 0.000137231
_1962_, 128.76, 13.6, 0.000137231
_2085_, 128.76, 13.6, 0.000137231
_2100_, 128.76, 13.6, 0.000137231
hold12, 128.76, 13.6, 0.000137231
_1963_, 128.76, 8.16, 0.00013505
_1968_, 128.76, 8.16, 0.00013505
_1971_, 128.76, 8.16, 0.00013505
_2157_, 128.76, 8.16, 0.00013505
hold10, 128.76, 8.16, 0.00013505
hold11, 128.76, 8.16, 0.00013505
hold16, 128.76, 8.16, 0.00013505
_1955_, 128.76, 2.72, 0.00013518
_1959_, 128.76, 2.72, 0.00013518
_1967_, 128.76, 2.72, 0.00013518
_2156_, 128.76, 2.72, 0.00013518
hold129, 128.76, 2.72, 0.00013518
_1831_, 88.76, 111.52, 0.000137163
_1814_, 88.76, 106.08, 0.0001461
_1815_, 88.76, 106.08, 0.0001461
_1829_, 88.76, 106.08, 0.0001461
_1832_, 88.76, 106.08, 0.0001461
_2128_, 88.76, 106.08, 0.0001461
hold159, 88.76, 106.08, 0.0001461
hold160, 88.76, 106.08, 0.0001461
FILLER_0_38_182, 88.76, 106.08, 0.0001461
_1826_, 88.76, 100.64, 0.000141362
_1830_, 88.76, 100.64, 0.000141362
_1922_, 88.76, 100.64, 0.000141362
_2146_, 88.76, 100.64, 0.000141362
hold92, 88.76, 100.64, 0.000141362
hold169, 88.76, 100.64, 0.000141362
FILLER_0_36_188, 88.76, 100.64, 0.000141362
FILLER_0_36_206, 88.76, 100.64, 0.000141362
FILLER_0_37_202, 88.76, 100.64, 0.000141362
_1317_, 88.76, 95.2, 0.000140036
_1823_, 88.76, 95.2, 0.000140036
_1828_, 88.76, 95.2, 0.000140036
_1923_, 88.76, 95.2, 0.000140036
_2147_, 88.76, 95.2, 0.000140036
FILLER_0_33_185, 88.76, 95.2, 0.000140036
FILLER_0_34_181, 88.76, 95.2, 0.000140036
_1231_, 88.76, 89.76, 0.000140614
_1833_, 88.76, 89.76, 0.000140614
_1834_, 88.76, 89.76, 0.000140614
_1835_, 88.76, 89.76, 0.000140614
_1846_, 88.76, 89.76, 0.000140614
FILLER_0_31_185, 88.76, 89.76, 0.000140614
FILLER_0_32_187, 88.76, 89.76, 0.000140614
FILLER_0_32_205, 88.76, 89.76, 0.000140614
FILLER_0_33_201, 88.76, 89.76, 0.000140614
_1142_, 88.76, 84.32, 0.000143139
_1535_, 88.76, 84.32, 0.000143139
_2048_, 88.76, 84.32, 0.000143139
FILLER_0_29_191, 88.76, 84.32, 0.000143139
FILLER_0_30_190, 88.76, 84.32, 0.000143139
FILLER_0_31_195, 88.76, 84.32, 0.000143139
_1522_, 88.76, 78.88, 0.000138066
_1532_, 88.76, 78.88, 0.000138066
_1533_, 88.76, 78.88, 0.000138066
_1534_, 88.76, 78.88, 0.000138066
_1547_, 88.76, 78.88, 0.000138066
_1551_, 88.76, 78.88, 0.000138066
_1554_, 88.76, 78.88, 0.000138066
hold209, 88.76, 78.88, 0.000138066
_1521_, 88.76, 73.44, 0.000135277
_1524_, 88.76, 73.44, 0.000135277
_1529_, 88.76, 73.44, 0.000135277
_1530_, 88.76, 73.44, 0.000135277
_1541_, 88.76, 73.44, 0.000135277
_1544_, 88.76, 73.44, 0.000135277
_1545_, 88.76, 73.44, 0.000135277
_1546_, 88.76, 73.44, 0.000135277
_1514_, 88.76, 68, 0.000124077
_1527_, 88.76, 68, 0.000124077
_1528_, 88.76, 68, 0.000124077
_1537_, 88.76, 68, 0.000124077
_1539_, 88.76, 68, 0.000124077
FILLER_0_24_179, 88.76, 68, 0.000124077
FILLER_0_24_187, 88.76, 68, 0.000124077
FILLER_0_24_197, 88.76, 68, 0.000124077
_1130_, 88.76, 62.56, 0.000119584
_1132_, 88.76, 62.56, 0.000119584
_1368_, 88.76, 62.56, 0.000119584
_1512_, 88.76, 62.56, 0.000119584
_1525_, 88.76, 62.56, 0.000119584
_1526_, 88.76, 62.56, 0.000119584
_1536_, 88.76, 62.56, 0.000119584
FILLER_0_22_182, 88.76, 62.56, 0.000119584
FILLER_0_22_206, 88.76, 62.56, 0.000119584
FILLER_0_23_199, 88.76, 62.56, 0.000119584
_1139_, 88.76, 57.12, 0.000108982
_1354_, 88.76, 57.12, 0.000108982
_1367_, 88.76, 57.12, 0.000108982
_1382_, 88.76, 57.12, 0.000108982
_1415_, 88.76, 57.12, 0.000108982
FILLER_0_20_189, 88.76, 57.12, 0.000108982
FILLER_0_20_197, 88.76, 57.12, 0.000108982
FILLER_0_21_206, 88.76, 57.12, 0.000108982
_1174_, 88.76, 51.68, 0.000108768
_1309_, 88.76, 51.68, 0.000108768
clkbuf_0_i_clk, 88.76, 51.68, 0.000108768
FILLER_0_18_193, 88.76, 51.68, 0.000108768
FILLER_0_18_197, 88.76, 51.68, 0.000108768
_1120_, 88.76, 46.24, 0.000107821
_1209_, 88.76, 46.24, 0.000107821
_1297_, 88.76, 46.24, 0.000107821
_1334_, 88.76, 46.24, 0.000107821
FILLER_0_15_183, 88.76, 46.24, 0.000107821
FILLER_0_16_197, 88.76, 46.24, 0.000107821
FILLER_0_17_195, 88.76, 46.24, 0.000107821
_1180_, 88.76, 40.8, 0.00011055
_1186_, 88.76, 40.8, 0.00011055
FILLER_0_14_189, 88.76, 40.8, 0.00011055
FILLER_0_14_197, 88.76, 40.8, 0.00011055
FILLER_0_14_205, 88.76, 40.8, 0.00011055
_1016_, 88.76, 35.36, 0.00012871
_1187_, 88.76, 35.36, 0.00012871
_1200_, 88.76, 35.36, 0.00012871
_1201_, 88.76, 35.36, 0.00012871
_1296_, 88.76, 35.36, 0.00012871
_1333_, 88.76, 35.36, 0.00012871
_1586_, 88.76, 35.36, 0.00012871
_1641_, 88.76, 35.36, 0.00012871
FILLER_0_12_178, 88.76, 35.36, 0.00012871
FILLER_0_12_203, 88.76, 35.36, 0.00012871
_1587_, 88.76, 29.92, 0.000126785
_1588_, 88.76, 29.92, 0.000126785
_1609_, 88.76, 29.92, 0.000126785
_1639_, 88.76, 29.92, 0.000126785
_1645_, 88.76, 29.92, 0.000126785
_1673_, 88.76, 29.92, 0.000126785
FILLER_0_10_197, 88.76, 29.92, 0.000126785
FILLER_0_11_204, 88.76, 29.92, 0.000126785
_1613_, 88.76, 24.48, 0.000124334
_1643_, 88.76, 24.48, 0.000124334
_1644_, 88.76, 24.48, 0.000124334
_2061_, 88.76, 24.48, 0.000124334
_2092_, 88.76, 24.48, 0.000124334
hold61, 88.76, 24.48, 0.000124334
hold73, 88.76, 24.48, 0.000124334
_1635_, 88.76, 19.04, 0.000123535
_1637_, 88.76, 19.04, 0.000123535
_1640_, 88.76, 19.04, 0.000123535
_2090_, 88.76, 19.04, 0.000123535
hold56, 88.76, 19.04, 0.000123535
hold62, 88.76, 19.04, 0.000123535
hold76, 88.76, 19.04, 0.000123535
_1633_, 88.76, 13.6, 0.000125126
_1674_, 88.76, 13.6, 0.000125126
_2087_, 88.76, 13.6, 0.000125126
_2103_, 88.76, 13.6, 0.000125126
hold14, 88.76, 13.6, 0.000125126
hold15, 88.76, 13.6, 0.000125126
hold22, 88.76, 13.6, 0.000125126
_1948_, 88.76, 8.16, 0.000124315
_1973_, 88.76, 8.16, 0.000124315
_1974_, 88.76, 8.16, 0.000124315
_1975_, 88.76, 8.16, 0.000124315
_1978_, 88.76, 8.16, 0.000124315
hold115, 88.76, 8.16, 0.000124315
hold117, 88.76, 8.16, 0.000124315
_1977_, 88.76, 2.72, 0.000125737
_2152_, 88.76, 2.72, 0.000125737
_2158_, 88.76, 2.72, 0.000125737
hold116, 88.76, 2.72, 0.000125737
FILLER_0_0_193, 88.76, 2.72, 0.000125737
_1798_, 48.76, 111.52, 0.000137698
hold158, 48.76, 111.52, 0.000137698
_1793_, 48.76, 106.08, 0.000143302
_1797_, 48.76, 106.08, 0.000143302
_2125_, 48.76, 106.08, 0.000143302
input4, 48.76, 106.08, 0.000143302
hold157, 48.76, 106.08, 0.000143302
FILLER_0_38_93, 48.76, 106.08, 0.000143302
FILLER_0_39_113, 48.76, 106.08, 0.000143302
_1786_, 48.76, 100.64, 0.00014393
_1790_, 48.76, 100.64, 0.00014393
_1792_, 48.76, 100.64, 0.00014393
_1794_, 48.76, 100.64, 0.00014393
_1795_, 48.76, 100.64, 0.00014393
_1796_, 48.76, 100.64, 0.00014393
_1806_, 48.76, 100.64, 0.00014393
_1913_, 48.76, 100.64, 0.00014393
FILLER_0_35_93, 48.76, 100.64, 0.00014393
FILLER_0_35_101, 48.76, 100.64, 0.00014393
FILLER_0_36_110, 48.76, 100.64, 0.00014393
_1025_, 48.76, 95.2, 0.000141589
_1788_, 48.76, 95.2, 0.000141589
hold78, 48.76, 95.2, 0.000141589
FILLER_0_33_93, 48.76, 95.2, 0.000141589
FILLER_0_33_105, 48.76, 95.2, 0.000141589
FILLER_0_34_106, 48.76, 95.2, 0.000141589
FILLER_0_35_109, 48.76, 95.2, 0.000141589
_1764_, 48.76, 89.76, 0.000145642
_1775_, 48.76, 89.76, 0.000145642
_2020_, 48.76, 89.76, 0.000145642
_2175_, 48.76, 89.76, 0.000145642
_2176_, 48.76, 89.76, 0.000145642
FILLER_0_31_103, 48.76, 89.76, 0.000145642
FILLER_0_32_110, 48.76, 89.76, 0.000145642
_2017_, 48.76, 84.32, 0.000148306
_2021_, 48.76, 84.32, 0.000148306
_2072_, 48.76, 84.32, 0.000148306
FILLER_0_29_102, 48.76, 84.32, 0.000148306
FILLER_0_30_113, 48.76, 84.32, 0.000148306
_1058_, 48.76, 78.88, 0.000145255
_1061_, 48.76, 78.88, 0.000145255
_1062_, 48.76, 78.88, 0.000145255
_1063_, 48.76, 78.88, 0.000145255
_1066_, 48.76, 78.88, 0.000145255
_2019_, 48.76, 78.88, 0.000145255
FILLER_0_27_103, 48.76, 78.88, 0.000145255
_1046_, 48.76, 73.44, 0.000139405
_1052_, 48.76, 73.44, 0.000139405
_1056_, 48.76, 73.44, 0.000139405
_1059_, 48.76, 73.44, 0.000139405
_1060_, 48.76, 73.44, 0.000139405
_1070_, 48.76, 73.44, 0.000139405
_1083_, 48.76, 73.44, 0.000139405
_1723_, 48.76, 73.44, 0.000139405
hold47, 48.76, 73.44, 0.000139405
FILLER_0_25_99, 48.76, 73.44, 0.000139405
FILLER_0_26_99, 48.76, 73.44, 0.000139405
_1045_, 48.76, 68, 0.00013205
_1345_, 48.76, 68, 0.00013205
_2067_, 48.76, 68, 0.00013205
hold48, 48.76, 68, 0.00013205
FILLER_0_23_94, 48.76, 68, 0.00013205
FILLER_0_24_119, 48.76, 68, 0.00013205
_1044_, 48.76, 62.56, 0.000126782
_1047_, 48.76, 62.56, 0.000126782
_1048_, 48.76, 62.56, 0.000126782
_1290_, 48.76, 62.56, 0.000126782
hold214, 48.76, 62.56, 0.000126782
FILLER_0_22_109, 48.76, 62.56, 0.000126782
FILLER_0_23_107, 48.76, 62.56, 0.000126782
_1041_, 48.76, 57.12, 0.000119969
_1043_, 48.76, 57.12, 0.000119969
_1291_, 48.76, 57.12, 0.000119969
_1292_, 48.76, 57.12, 0.000119969
_1294_, 48.76, 57.12, 0.000119969
hold227, 48.76, 57.12, 0.000119969
hold230, 48.76, 57.12, 0.000119969
FILLER_0_19_105, 48.76, 57.12, 0.000119969
FILLER_0_20_93, 48.76, 57.12, 0.000119969
_1281_, 48.76, 51.68, 0.000117318
_1282_, 48.76, 51.68, 0.000117318
_1283_, 48.76, 51.68, 0.000117318
_1284_, 48.76, 51.68, 0.000117318
_1286_, 48.76, 51.68, 0.000117318
_1288_, 48.76, 51.68, 0.000117318
_1293_, 48.76, 51.68, 0.000117318
_1605_, 48.76, 51.68, 0.000117318
FILLER_0_17_105, 48.76, 51.68, 0.000117318
FILLER_0_19_113, 48.76, 51.68, 0.000117318
_1246_, 48.76, 46.24, 0.000122741
_1255_, 48.76, 46.24, 0.000122741
_1256_, 48.76, 46.24, 0.000122741
_1257_, 48.76, 46.24, 0.000122741
_1268_, 48.76, 46.24, 0.000122741
_1270_, 48.76, 46.24, 0.000122741
_1280_, 48.76, 46.24, 0.000122741
FILLER_0_15_97, 48.76, 46.24, 0.000122741
FILLER_0_16_94, 48.76, 46.24, 0.000122741
FILLER_0_16_105, 48.76, 46.24, 0.000122741
FILLER_0_17_113, 48.76, 46.24, 0.000122741
_1236_, 48.76, 40.8, 0.000126461
_1247_, 48.76, 40.8, 0.000126461
_1261_, 48.76, 40.8, 0.000126461
_1262_, 48.76, 40.8, 0.000126461
_1599_, 48.76, 40.8, 0.000126461
_1685_, 48.76, 40.8, 0.000126461
FILLER_0_13_101, 48.76, 40.8, 0.000126461
FILLER_0_14_102, 48.76, 40.8, 0.000126461
FILLER_0_14_118, 48.76, 40.8, 0.000126461
FILLER_0_15_113, 48.76, 40.8, 0.000126461
_1224_, 48.76, 35.36, 0.000141394
_1229_, 48.76, 35.36, 0.000141394
_1230_, 48.76, 35.36, 0.000141394
_1594_, 48.76, 35.36, 0.000141394
_1681_, 48.76, 35.36, 0.000141394
hold24, 48.76, 35.36, 0.000141394
hold136, 48.76, 35.36, 0.000141394
hold137, 48.76, 35.36, 0.000141394
FILLER_0_12_99, 48.76, 35.36, 0.000141394
_1595_, 48.76, 29.92, 0.000138455
_1596_, 48.76, 29.92, 0.000138455
clkbuf_4_2_0_i_clk, 48.76, 29.92, 0.000138455
clkbuf_4_3_0_i_clk, 48.76, 29.92, 0.000138455
hold29, 48.76, 29.92, 0.000138455
FILLER_0_10_98, 48.76, 29.92, 0.000138455
FILLER_0_10_113, 48.76, 29.92, 0.000138455
_1680_, 48.76, 24.48, 0.000128707
_1684_, 48.76, 24.48, 0.000128707
_1994_, 48.76, 24.48, 0.000128707
_2063_, 48.76, 24.48, 0.000128707
_2108_, 48.76, 24.48, 0.000128707
FILLER_0_8_116, 48.76, 24.48, 0.000128707
FILLER_0_9_109, 48.76, 24.48, 0.000128707
_1682_, 48.76, 19.04, 0.000127941
_1988_, 48.76, 19.04, 0.000127941
_1990_, 48.76, 19.04, 0.000127941
_2106_, 48.76, 19.04, 0.000127941
_2107_, 48.76, 19.04, 0.000127941
FILLER_0_7_106, 48.76, 19.04, 0.000127941
FILLER_0_7_113, 48.76, 19.04, 0.000127941
_1916_, 48.76, 13.6, 0.000127812
_1939_, 48.76, 13.6, 0.000127812
_1996_, 48.76, 13.6, 0.000127812
_2162_, 48.76, 13.6, 0.000127812
hold21, 48.76, 13.6, 0.000127812
hold35, 48.76, 13.6, 0.000127812
hold118, 48.76, 13.6, 0.000127812
hold220, 48.76, 13.6, 0.000127812
_1989_, 48.76, 8.16, 0.000127552
_1991_, 48.76, 8.16, 0.000127552
_2161_, 48.76, 8.16, 0.000127552
hold109, 48.76, 8.16, 0.000127552
hold119, 48.76, 8.16, 0.000127552
_1946_, 48.76, 2.72, 0.000125424
FILLER_0_0_109, 48.76, 2.72, 0.000125424
FILLER_0_1_107, 48.76, 2.72, 0.000125424
FILLER_0_1_117, 48.76, 2.72, 0.000125424
_1910_, 8.76, 100.64, 0.000140185
FILLER_0_36_23, 8.76, 100.64, 0.000140185
FILLER_0_36_29, 8.76, 100.64, 0.000140185
_1894_, 8.76, 95.2, 0.000140591
_1908_, 8.76, 95.2, 0.000140591
_1911_, 8.76, 95.2, 0.000140591
_1912_, 8.76, 95.2, 0.000140591
_2141_, 8.76, 95.2, 0.000140591
hold86, 8.76, 95.2, 0.000140591
_1696_, 8.76, 89.76, 0.000143667
_1762_, 8.76, 89.76, 0.000143667
_1909_, 8.76, 89.76, 0.000143667
_2122_, 8.76, 89.76, 0.000143667
hold89, 8.76, 89.76, 0.000143667
hold111, 8.76, 89.76, 0.000143667
_1761_, 8.76, 84.32, 0.000145604
_1904_, 8.76, 84.32, 0.000145604
_1906_, 8.76, 84.32, 0.000145604
_2121_, 8.76, 84.32, 0.000145604
hold57, 8.76, 84.32, 0.000145604
_1751_, 8.76, 78.88, 0.000141943
_1902_, 8.76, 78.88, 0.000141943
hold7, 8.76, 78.88, 0.000141943
hold85, 8.76, 78.88, 0.000141943
FILLER_0_28_24, 8.76, 78.88, 0.000141943
_1320_, 8.76, 73.44, 0.000139291
_1900_, 8.76, 73.44, 0.000139291
_2120_, 8.76, 73.44, 0.000139291
hold126, 8.76, 73.44, 0.000139291
_1730_, 8.76, 68, 0.000133392
_1898_, 8.76, 68, 0.000133392
_2119_, 8.76, 68, 0.000133392
_2136_, 8.76, 68, 0.000133392
hold138, 8.76, 68, 0.000133392
hold179, 8.76, 68, 0.000133392
_2135_, 8.76, 62.56, 0.000127999
FILLER_0_22_29, 8.76, 62.56, 0.000127999
_1031_, 8.76, 57.12, 0.000125349
_1032_, 8.76, 57.12, 0.000125349
_1080_, 8.76, 57.12, 0.000125349
_1607_, 8.76, 57.12, 0.000125349
_1896_, 8.76, 57.12, 0.000125349
_2012_, 8.76, 57.12, 0.000125349
_2051_, 8.76, 57.12, 0.000125349
ANTENNA_1, 8.76, 57.12, 0.000125349
_1030_, 8.76, 51.68, 0.000122922
_1033_, 8.76, 51.68, 0.000122922
_2014_, 8.76, 51.68, 0.000122922
_2177_, 8.76, 51.68, 0.000122922
hold38, 8.76, 51.68, 0.000122922
hold104, 8.76, 51.68, 0.000122922
hold105, 8.76, 51.68, 0.000122922
_1566_, 8.76, 46.24, 0.00012715
_1691_, 8.76, 46.24, 0.00012715
_1692_, 8.76, 46.24, 0.00012715
_1694_, 8.76, 46.24, 0.00012715
_1702_, 8.76, 46.24, 0.00012715
_1707_, 8.76, 46.24, 0.00012715
_2022_, 8.76, 46.24, 0.00012715
_2023_, 8.76, 46.24, 0.00012715
_1706_, 8.76, 40.8, 0.000129522
hold4, 8.76, 40.8, 0.000129522
hold193, 8.76, 40.8, 0.000129522
hold217, 8.76, 40.8, 0.000129522
hold237, 8.76, 40.8, 0.000129522
_1701_, 8.76, 35.36, 0.000136039
_1704_, 8.76, 35.36, 0.000136039
_2115_, 8.76, 35.36, 0.000136039
hold3, 8.76, 35.36, 0.000136039
hold83, 8.76, 35.36, 0.000136039
hold88, 8.76, 35.36, 0.000136039
hold167, 8.76, 35.36, 0.000136039
_1695_, 8.76, 29.92, 0.000131528
_1697_, 8.76, 29.92, 0.000131528
_1700_, 8.76, 29.92, 0.000131528
_2114_, 8.76, 29.92, 0.000131528
_1688_, 8.76, 24.48, 0.0001287
_1893_, 8.76, 24.48, 0.0001287
_2000_, 8.76, 24.48, 0.0001287
hold176, 8.76, 24.48, 0.0001287
FILLER_0_8_13, 8.76, 24.48, 0.0001287
FILLER_0_9_20, 8.76, 24.48, 0.0001287
_1565_, 8.76, 19.04, 0.000129989
_2008_, 8.76, 19.04, 0.000129989
_2168_, 8.76, 19.04, 0.000129989
_2172_, 8.76, 19.04, 0.000129989
FILLER_0_5_11, 8.76, 19.04, 0.000129989
FILLER_0_6_15, 8.76, 19.04, 0.000129989
_1564_, 8.76, 13.6, 0.00012794
_2009_, 8.76, 13.6, 0.00012794
hold63, 8.76, 13.6, 0.00012794
FILLER_0_4_21, 8.76, 13.6, 0.00012794
FILLER_0_0_18, 8.76, 2.72, 0.000125675
PHY_78, 0.46, 111.52, 0.000136978
PHY_79, 179.4, 111.52, 0.000150721
_1808_, 62.093, 111.52, 0.000137719
FILLER_0_39_122, 62.093, 111.52, 0.000137719
_1820_, 75.426, 111.52, 0.000137541
_1845_, 102.093, 111.52, 0.000140715
hold140, 102.093, 111.52, 0.000140715
_1856_, 115.426, 111.52, 0.0001437
_1878_, 142.093, 111.52, 0.000148363
hold183, 142.093, 111.52, 0.000148363
PHY_74, 0.46, 106.08, 0.000138187
PHY_76, 0.46, 106.08, 0.000138187
PHY_75, 179.4, 106.08, 0.000151992
PHY_77, 179.4, 106.08, 0.000151992
FILLER_0_39_53, 22.093, 106.08, 0.000140055
hold187, 35.426, 106.08, 0.000141922
FILLER_0_38_77, 35.426, 106.08, 0.000141922
FILLER_0_38_85, 35.426, 106.08, 0.000141922
FILLER_0_39_81, 35.426, 106.08, 0.000141922
_1804_, 62.093, 106.08, 0.000148899
_1805_, 62.093, 106.08, 0.000148899
_1807_, 62.093, 106.08, 0.000148899
_1809_, 62.093, 106.08, 0.000148899
_2126_, 62.093, 106.08, 0.000148899
hold235, 62.093, 106.08, 0.000148899
FILLER_0_38_123, 62.093, 106.08, 0.000148899
FILLER_0_38_131, 62.093, 106.08, 0.000148899
_1817_, 75.426, 106.08, 0.000150655
_1818_, 75.426, 106.08, 0.000150655
_1821_, 75.426, 106.08, 0.000150655
_1827_, 75.426, 106.08, 0.000150655
_2127_, 75.426, 106.08, 0.000150655
hold166, 75.426, 106.08, 0.000150655
FILLER_0_38_155, 75.426, 106.08, 0.000150655
FILLER_0_38_166, 75.426, 106.08, 0.000150655
_1824_, 102.093, 106.08, 0.000153151
_1825_, 102.093, 106.08, 0.000153151
_1836_, 102.093, 106.08, 0.000153151
_1839_, 102.093, 106.08, 0.000153151
_1844_, 102.093, 106.08, 0.000153151
_2129_, 102.093, 106.08, 0.000153151
hold139, 102.093, 106.08, 0.000153151
FILLER_0_38_219, 102.093, 106.08, 0.000153151
_1838_, 115.426, 106.08, 0.00015447
_1854_, 115.426, 106.08, 0.00015447
_1855_, 115.426, 106.08, 0.00015447
_1857_, 115.426, 106.08, 0.00015447
_2130_, 115.426, 106.08, 0.00015447
hold153, 115.426, 106.08, 0.00015447
FILLER_0_38_245, 115.426, 106.08, 0.00015447
_1876_, 142.093, 106.08, 0.000152876
_1877_, 142.093, 106.08, 0.000152876
output5, 142.093, 106.08, 0.000152876
hold185, 142.093, 106.08, 0.000152876
hold186, 142.093, 106.08, 0.000152876
FILLER_0_37_328, 155.426, 106.08, 0.000152434
PHY_70, 0.46, 100.64, 0.00014021
PHY_72, 0.46, 100.64, 0.00014021
hold87, 0.46, 100.64, 0.00014021
PHY_71, 179.4, 100.64, 0.000152223
PHY_73, 179.4, 100.64, 0.000152223
_1784_, 22.093, 100.64, 0.000144777
_1785_, 22.093, 100.64, 0.000144777
_1895_, 22.093, 100.64, 0.000144777
_2124_, 22.093, 100.64, 0.000144777
_2142_, 22.093, 100.64, 0.000144777
hold148, 22.093, 100.64, 0.000144777
_1778_, 35.426, 100.64, 0.000145226
_1779_, 35.426, 100.64, 0.000145226
_1781_, 35.426, 100.64, 0.000145226
_1783_, 35.426, 100.64, 0.000145226
hold103, 35.426, 100.64, 0.000145226
_1791_, 62.093, 100.64, 0.00014669
_1801_, 62.093, 100.64, 0.00014669
_1802_, 62.093, 100.64, 0.00014669
_1803_, 62.093, 100.64, 0.00014669
_1816_, 62.093, 100.64, 0.00014669
_1917_, 62.093, 100.64, 0.00014669
_2144_, 62.093, 100.64, 0.00014669
hold79, 62.093, 100.64, 0.00014669
hold180, 62.093, 100.64, 0.00014669
_1318_, 75.426, 100.64, 0.000144425
_1813_, 75.426, 100.64, 0.000144425
_1819_, 75.426, 100.64, 0.000144425
_1919_, 75.426, 100.64, 0.000144425
_1921_, 75.426, 100.64, 0.000144425
hold95, 75.426, 100.64, 0.000144425
hold96, 75.426, 100.64, 0.000144425
FILLER_0_36_149, 75.426, 100.64, 0.000144425
_1837_, 102.093, 100.64, 0.000147131
_1840_, 102.093, 100.64, 0.000147131
_1841_, 102.093, 100.64, 0.000147131
_1843_, 102.093, 100.64, 0.000147131
_1926_, 102.093, 100.64, 0.000147131
hold53, 102.093, 100.64, 0.000147131
hold54, 102.093, 100.64, 0.000147131
hold170, 102.093, 100.64, 0.000147131
_1379_, 115.426, 100.64, 0.000151066
_1849_, 115.426, 100.64, 0.000151066
_1850_, 115.426, 100.64, 0.000151066
_1852_, 115.426, 100.64, 0.000151066
_1853_, 115.426, 100.64, 0.000151066
_1858_, 115.426, 100.64, 0.000151066
_2149_, 115.426, 100.64, 0.000151066
hold80, 115.426, 100.64, 0.000151066
FILLER_0_36_248, 115.426, 100.64, 0.000151066
_1862_, 142.093, 100.64, 0.000153633
_1863_, 142.093, 100.64, 0.000153633
_1864_, 142.093, 100.64, 0.000153633
_1872_, 142.093, 100.64, 0.000153633
_1873_, 142.093, 100.64, 0.000153633
_1874_, 142.093, 100.64, 0.000153633
_1880_, 142.093, 100.64, 0.000153633
_1885_, 142.093, 100.64, 0.000153633
_1907_, 0.46, 95.2, 0.000140608
PHY_66, 0.46, 95.2, 0.000140608
PHY_68, 0.46, 95.2, 0.000140608
FILLER_0_35_3, 0.46, 95.2, 0.000140608
PHY_67, 179.4, 95.2, 0.000151606
PHY_69, 179.4, 95.2, 0.000151606
_1319_, 22.093, 95.2, 0.000144546
_1771_, 22.093, 95.2, 0.000144546
_1773_, 22.093, 95.2, 0.000144546
_1774_, 22.093, 95.2, 0.000144546
_2123_, 22.093, 95.2, 0.000144546
hold90, 22.093, 95.2, 0.000144546
hold161, 22.093, 95.2, 0.000144546
FILLER_0_35_49, 22.093, 95.2, 0.000144546
_1765_, 35.426, 95.2, 0.000145643
_1766_, 35.426, 95.2, 0.000145643
_1780_, 35.426, 95.2, 0.000145643
_1782_, 35.426, 95.2, 0.000145643
_2143_, 35.426, 95.2, 0.000145643
hold147, 35.426, 95.2, 0.000145643
_1789_, 62.093, 95.2, 0.000143486
_1799_, 62.093, 95.2, 0.000143486
_1800_, 62.093, 95.2, 0.000143486
_1915_, 62.093, 95.2, 0.000143486
_1918_, 62.093, 95.2, 0.000143486
FILLER_0_33_129, 62.093, 95.2, 0.000143486
FILLER_0_34_125, 62.093, 95.2, 0.000143486
FILLER_0_34_134, 62.093, 95.2, 0.000143486
FILLER_0_34_147, 62.093, 95.2, 0.000143486
_1316_, 75.426, 95.2, 0.000143012
_1321_, 75.426, 95.2, 0.000143012
_1776_, 75.426, 95.2, 0.000143012
_1920_, 75.426, 95.2, 0.000143012
_2145_, 75.426, 95.2, 0.000143012
hold91, 75.426, 95.2, 0.000143012
FILLER_0_33_155, 75.426, 95.2, 0.000143012
_1842_, 102.093, 95.2, 0.00014513
_1848_, 102.093, 95.2, 0.00014513
_1859_, 102.093, 95.2, 0.00014513
_1924_, 102.093, 95.2, 0.00014513
_1925_, 102.093, 95.2, 0.00014513
_2148_, 102.093, 95.2, 0.00014513
hold133, 102.093, 95.2, 0.00014513
FILLER_0_33_220, 102.093, 95.2, 0.00014513
FILLER_0_35_221, 102.093, 95.2, 0.00014513
_1323_, 115.426, 95.2, 0.000147804
_1927_, 115.426, 95.2, 0.000147804
_1928_, 115.426, 95.2, 0.000147804
_2133_, 115.426, 95.2, 0.000147804
hold81, 115.426, 95.2, 0.000147804
hold132, 115.426, 95.2, 0.000147804
_1456_, 142.093, 95.2, 0.00015096
_1860_, 142.093, 95.2, 0.00015096
_1861_, 142.093, 95.2, 0.00015096
_1881_, 142.093, 95.2, 0.00015096
_1882_, 142.093, 95.2, 0.00015096
_1883_, 142.093, 95.2, 0.00015096
FILLER_0_33_306, 142.093, 95.2, 0.00015096
FILLER_0_34_312, 142.093, 95.2, 0.00015096
FILLER_0_34_318, 142.093, 95.2, 0.00015096
hold204, 155.426, 95.2, 0.000151486
FILLER_0_33_329, 155.426, 95.2, 0.000151486
_2140_, 0.46, 89.76, 0.000144579
PHY_62, 0.46, 89.76, 0.000144579
PHY_64, 0.46, 89.76, 0.000144579
hold58, 0.46, 89.76, 0.000144579
FILLER_0_33_3, 0.46, 89.76, 0.000144579
PHY_63, 179.4, 89.76, 0.000160181
PHY_65, 179.4, 89.76, 0.000160181
FILLER_0_32_381, 179.4, 89.76, 0.000160181
_1745_, 22.093, 89.76, 0.000150425
_1750_, 22.093, 89.76, 0.000150425
_1759_, 22.093, 89.76, 0.000150425
_1760_, 22.093, 89.76, 0.000150425
_1768_, 22.093, 89.76, 0.000150425
_1769_, 22.093, 89.76, 0.000150425
_1770_, 22.093, 89.76, 0.000150425
hold152, 22.093, 89.76, 0.000150425
_1747_, 35.426, 89.76, 0.000150918
_1753_, 35.426, 89.76, 0.000150918
_1754_, 35.426, 89.76, 0.000150918
_1755_, 35.426, 89.76, 0.000150918
_1756_, 35.426, 89.76, 0.000150918
_1763_, 35.426, 89.76, 0.000150918
_1767_, 35.426, 89.76, 0.000150918
_1914_, 35.426, 89.76, 0.000150918
FILLER_0_31_71, 35.426, 89.76, 0.000150918
FILLER_0_32_79, 35.426, 89.76, 0.000150918
FILLER_0_32_85, 35.426, 89.76, 0.000150918
FILLER_0_33_77, 35.426, 89.76, 0.000150918
_1777_, 62.093, 89.76, 0.000147252
_1787_, 62.093, 89.76, 0.000147252
_1810_, 62.093, 89.76, 0.000147252
FILLER_0_31_129, 62.093, 89.76, 0.000147252
FILLER_0_32_132, 62.093, 89.76, 0.000147252
_1812_, 75.426, 89.76, 0.00014633
_1822_, 75.426, 89.76, 0.00014633
_2065_, 75.426, 89.76, 0.00014633
_2066_, 75.426, 89.76, 0.00014633
FILLER_0_32_154, 75.426, 89.76, 0.00014633
_1498_, 102.093, 89.76, 0.000147957
_1499_, 102.093, 89.76, 0.000147957
_1847_, 102.093, 89.76, 0.000147957
_2150_, 102.093, 89.76, 0.000147957
hold225, 102.093, 89.76, 0.000147957
FILLER_0_31_211, 102.093, 89.76, 0.000147957
FILLER_0_32_214, 102.093, 89.76, 0.000147957
FILLER_0_32_222, 102.093, 89.76, 0.000147957
FILLER_0_33_225, 102.093, 89.76, 0.000147957
_1324_, 115.426, 89.76, 0.000152887
_1340_, 115.426, 89.76, 0.000152887
_1929_, 115.426, 89.76, 0.000152887
_2046_, 115.426, 89.76, 0.000152887
hold210, 115.426, 89.76, 0.000152887
hold233, 115.426, 89.76, 0.000152887
FILLER_0_32_262, 115.426, 89.76, 0.000152887
_1116_, 142.093, 89.76, 0.00016587
_1151_, 142.093, 89.76, 0.00016587
_1431_, 142.093, 89.76, 0.00016587
_1436_, 142.093, 89.76, 0.00016587
_1437_, 142.093, 89.76, 0.00016587
_1455_, 142.093, 89.76, 0.00016587
_2042_, 142.093, 89.76, 0.00016587
FILLER_0_31_305, 142.093, 89.76, 0.00016587
_1438_, 155.426, 89.76, 0.000168343
_1449_, 155.426, 89.76, 0.000168343
_1450_, 155.426, 89.76, 0.000168343
_1452_, 155.426, 89.76, 0.000168343
_1453_, 155.426, 89.76, 0.000168343
_1454_, 155.426, 89.76, 0.000168343
_1905_, 0.46, 84.32, 0.000146511
_2139_, 0.46, 84.32, 0.000146511
PHY_58, 0.46, 84.32, 0.000146511
PHY_60, 0.46, 84.32, 0.000146511
FILLER_0_31_3, 0.46, 84.32, 0.000146511
PHY_59, 179.4, 84.32, 0.000166873
PHY_61, 179.4, 84.32, 0.000166873
hold173, 179.4, 84.32, 0.000166873
FILLER_0_30_378, 179.4, 84.32, 0.000166873
_1741_, 22.093, 84.32, 0.000156329
_1748_, 22.093, 84.32, 0.000156329
_1752_, 22.093, 84.32, 0.000156329
_1757_, 22.093, 84.32, 0.000156329
_1758_, 22.093, 84.32, 0.000156329
clkbuf_4_5_0_i_clk, 22.093, 84.32, 0.000156329
hold151, 22.093, 84.32, 0.000156329
_1743_, 35.426, 84.32, 0.000155157
_1744_, 35.426, 84.32, 0.000155157
_1892_, 35.426, 84.32, 0.000155157
_2134_, 35.426, 84.32, 0.000155157
_2173_, 35.426, 84.32, 0.000155157
FILLER_0_30_80, 35.426, 84.32, 0.000155157
FILLER_0_31_81, 35.426, 84.32, 0.000155157
_1069_, 62.093, 84.32, 0.000157405
_1075_, 62.093, 84.32, 0.000157405
_1076_, 62.093, 84.32, 0.000157405
_1077_, 62.093, 84.32, 0.000157405
_1601_, 62.093, 84.32, 0.000157405
_2174_, 62.093, 84.32, 0.000157405
clkbuf_4_7_0_i_clk, 62.093, 84.32, 0.000157405
FILLER_0_30_130, 62.093, 84.32, 0.000157405
_1295_, 75.426, 84.32, 0.000152116
_1602_, 75.426, 84.32, 0.000152116
_1811_, 75.426, 84.32, 0.000152116
_2018_, 75.426, 84.32, 0.000152116
_2033_, 75.426, 84.32, 0.000152116
FILLER_0_29_160, 75.426, 84.32, 0.000152116
FILLER_0_30_149, 75.426, 84.32, 0.000152116
FILLER_0_30_169, 75.426, 84.32, 0.000152116
_1175_, 102.093, 84.32, 0.000155071
_1495_, 102.093, 84.32, 0.000155071
_1497_, 102.093, 84.32, 0.000155071
_2045_, 102.093, 84.32, 0.000155071
hold211, 102.093, 84.32, 0.000155071
FILLER_0_29_211, 102.093, 84.32, 0.000155071
FILLER_0_30_222, 102.093, 84.32, 0.000155071
_1325_, 115.426, 84.32, 0.000161372
_1326_, 115.426, 84.32, 0.000161372
_1506_, 115.426, 84.32, 0.000161372
_1507_, 115.426, 84.32, 0.000161372
_1508_, 115.426, 84.32, 0.000161372
_1509_, 115.426, 84.32, 0.000161372
_1510_, 115.426, 84.32, 0.000161372
_2044_, 115.426, 84.32, 0.000161372
_1463_, 142.093, 84.32, 0.000175105
_1469_, 142.093, 84.32, 0.000175105
_1481_, 142.093, 84.32, 0.000175105
_1482_, 142.093, 84.32, 0.000175105
_1483_, 142.093, 84.32, 0.000175105
_1484_, 142.093, 84.32, 0.000175105
_1485_, 142.093, 84.32, 0.000175105
FILLER_0_30_314, 142.093, 84.32, 0.000175105
_1421_, 155.426, 84.32, 0.000176034
_1447_, 155.426, 84.32, 0.000176034
_1451_, 155.426, 84.32, 0.000176034
_1464_, 155.426, 84.32, 0.000176034
_1465_, 155.426, 84.32, 0.000176034
_1466_, 155.426, 84.32, 0.000176034
_1467_, 155.426, 84.32, 0.000176034
FILLER_0_30_329, 155.426, 84.32, 0.000176034
FILLER_0_31_350, 155.426, 84.32, 0.000176034
_1903_, 0.46, 78.88, 0.000142091
PHY_54, 0.46, 78.88, 0.000142091
PHY_56, 0.46, 78.88, 0.000142091
input2, 0.46, 78.88, 0.000142091
FILLER_0_28_3, 0.46, 78.88, 0.000142091
_1423_, 179.4, 78.88, 0.00016956
PHY_55, 179.4, 78.88, 0.00016956
PHY_57, 179.4, 78.88, 0.00016956
hold155, 179.4, 78.88, 0.00016956
_1737_, 22.093, 78.88, 0.000152618
_1739_, 22.093, 78.88, 0.000152618
_1746_, 22.093, 78.88, 0.000152618
_1749_, 22.093, 78.88, 0.000152618
clkbuf_4_4_0_i_clk, 22.093, 78.88, 0.000152618
FILLER_0_27_37, 22.093, 78.88, 0.000152618
_1104_, 35.426, 78.88, 0.000154742
_1732_, 35.426, 78.88, 0.000154742
_1734_, 35.426, 78.88, 0.000154742
_1735_, 35.426, 78.88, 0.000154742
_1736_, 35.426, 78.88, 0.000154742
_1742_, 35.426, 78.88, 0.000154742
_2068_, 35.426, 78.88, 0.000154742
_2071_, 35.426, 78.88, 0.000154742
FILLER_0_29_78, 35.426, 78.88, 0.000154742
_1057_, 62.093, 78.88, 0.000150853
_1072_, 62.093, 78.88, 0.000150853
_1073_, 62.093, 78.88, 0.000150853
_1074_, 62.093, 78.88, 0.000150853
_1690_, 62.093, 78.88, 0.000150853
_2016_, 62.093, 78.88, 0.000150853
clkbuf_4_6_0_i_clk, 62.093, 78.88, 0.000150853
FILLER_0_27_127, 62.093, 78.88, 0.000150853
_1555_, 75.426, 78.88, 0.0001468
_1556_, 75.426, 78.88, 0.0001468
_2049_, 75.426, 78.88, 0.0001468
_2111_, 75.426, 78.88, 0.0001468
FILLER_0_27_158, 75.426, 78.88, 0.0001468
FILLER_0_28_168, 75.426, 78.88, 0.0001468
_1494_, 102.093, 78.88, 0.000152096
_1496_, 102.093, 78.88, 0.000152096
_1523_, 102.093, 78.88, 0.000152096
_1531_, 102.093, 78.88, 0.000152096
_1548_, 102.093, 78.88, 0.000152096
_1549_, 102.093, 78.88, 0.000152096
_1550_, 102.093, 78.88, 0.000152096
FILLER_0_27_209, 102.093, 78.88, 0.000152096
FILLER_0_28_232, 102.093, 78.88, 0.000152096
FILLER_0_29_235, 102.093, 78.88, 0.000152096
_1493_, 115.426, 78.88, 0.000158466
_1503_, 115.426, 78.88, 0.000158466
_1505_, 115.426, 78.88, 0.000158466
_1517_, 115.426, 78.88, 0.000158466
_1518_, 115.426, 78.88, 0.000158466
_1520_, 115.426, 78.88, 0.000158466
FILLER_0_28_253, 115.426, 78.88, 0.000158466
_1405_, 142.093, 78.88, 0.000169081
_1412_, 142.093, 78.88, 0.000169081
_1433_, 142.093, 78.88, 0.000169081
_1448_, 142.093, 78.88, 0.000169081
_2039_, 142.093, 78.88, 0.000169081
FILLER_0_28_309, 142.093, 78.88, 0.000169081
_1406_, 155.426, 78.88, 0.000172418
_1409_, 155.426, 78.88, 0.000172418
_1468_, 155.426, 78.88, 0.000172418
_2043_, 155.426, 78.88, 0.000172418
hold224, 155.426, 78.88, 0.000172418
FILLER_0_28_341, 155.426, 78.88, 0.000172418
FILLER_0_29_337, 155.426, 78.88, 0.000172418
FILLER_0_29_346, 155.426, 78.88, 0.000172418
_2137_, 0.46, 73.44, 0.000141067
_2138_, 0.46, 73.44, 0.000141067
PHY_50, 0.46, 73.44, 0.000141067
PHY_52, 0.46, 73.44, 0.000141067
FILLER_0_26_3, 0.46, 73.44, 0.000141067
PHY_51, 179.4, 73.44, 0.00016985
PHY_53, 179.4, 73.44, 0.00016985
hold194, 179.4, 73.44, 0.00016985
FILLER_0_25_383, 179.4, 73.44, 0.00016985
_1726_, 22.093, 73.44, 0.000145324
_1728_, 22.093, 73.44, 0.000145324
_1729_, 22.093, 73.44, 0.000145324
_1731_, 22.093, 73.44, 0.000145324
_1738_, 22.093, 73.44, 0.000145324
hold5, 22.093, 73.44, 0.000145324
hold6, 22.093, 73.44, 0.000145324
hold178, 22.093, 73.44, 0.000145324
_1071_, 35.426, 73.44, 0.000147498
_1713_, 35.426, 73.44, 0.000147498
_1714_, 35.426, 73.44, 0.000147498
_1716_, 35.426, 73.44, 0.000147498
_1718_, 35.426, 73.44, 0.000147498
_1722_, 35.426, 73.44, 0.000147498
_1724_, 35.426, 73.44, 0.000147498
_1733_, 35.426, 73.44, 0.000147498
_1740_, 35.426, 73.44, 0.000147498
_2070_, 35.426, 73.44, 0.000147498
FILLER_0_27_81, 35.426, 73.44, 0.000147498
_1053_, 62.093, 73.44, 0.000142137
_1054_, 62.093, 73.44, 0.000142137
_1055_, 62.093, 73.44, 0.000142137
_1064_, 62.093, 73.44, 0.000142137
_1065_, 62.093, 73.44, 0.000142137
FILLER_0_25_129, 62.093, 73.44, 0.000142137
FILLER_0_26_130, 62.093, 73.44, 0.000142137
_1543_, 75.426, 73.44, 0.000141734
_1552_, 75.426, 73.44, 0.000141734
_1553_, 75.426, 73.44, 0.000141734
_1559_, 75.426, 73.44, 0.000141734
_2077_, 75.426, 73.44, 0.000141734
FILLER_0_25_159, 75.426, 73.44, 0.000141734
FILLER_0_26_149, 75.426, 73.44, 0.000141734
FILLER_0_27_169, 75.426, 73.44, 0.000141734
_1501_, 102.093, 73.44, 0.000151538
_1504_, 102.093, 73.44, 0.000151538
_1513_, 102.093, 73.44, 0.000151538
_1515_, 102.093, 73.44, 0.000151538
FILLER_0_25_219, 102.093, 73.44, 0.000151538
FILLER_0_26_223, 102.093, 73.44, 0.000151538
FILLER_0_27_221, 102.093, 73.44, 0.000151538
FILLER_0_27_225, 102.093, 73.44, 0.000151538
_1490_, 115.426, 73.44, 0.000161825
_1492_, 115.426, 73.44, 0.000161825
_1516_, 115.426, 73.44, 0.000161825
_2047_, 115.426, 73.44, 0.000161825
clkbuf_4_13_0_i_clk, 115.426, 73.44, 0.000161825
hold182, 115.426, 73.44, 0.000161825
FILLER_0_26_241, 115.426, 73.44, 0.000161825
_1400_, 142.093, 73.44, 0.000173311
_1402_, 142.093, 73.44, 0.000173311
_1403_, 142.093, 73.44, 0.000173311
_1404_, 142.093, 73.44, 0.000173311
_1411_, 142.093, 73.44, 0.000173311
_1418_, 142.093, 73.44, 0.000173311
_1432_, 142.093, 73.44, 0.000173311
FILLER_0_26_299, 142.093, 73.44, 0.000173311
FILLER_0_26_322, 142.093, 73.44, 0.000173311
_1392_, 155.426, 73.44, 0.000179509
_1407_, 155.426, 73.44, 0.000179509
_1408_, 155.426, 73.44, 0.000179509
_1413_, 155.426, 73.44, 0.000179509
_1424_, 155.426, 73.44, 0.000179509
_1425_, 155.426, 73.44, 0.000179509
clkbuf_4_15_0_i_clk, 155.426, 73.44, 0.000179509
FILLER_0_27_344, 155.426, 73.44, 0.000179509
_1899_, 0.46, 68, 0.000133425
_1901_, 0.46, 68, 0.000133425
PHY_46, 0.46, 68, 0.000133425
PHY_48, 0.46, 68, 0.000133425
PHY_47, 179.4, 68, 0.000164982
PHY_49, 179.4, 68, 0.000164982
FILLER_0_23_381, 179.4, 68, 0.000164982
FILLER_0_24_380, 179.4, 68, 0.000164982
_1708_, 22.093, 68, 0.000135973
_1709_, 22.093, 68, 0.000135973
_1710_, 22.093, 68, 0.000135973
_1717_, 22.093, 68, 0.000135973
_1725_, 22.093, 68, 0.000135973
_1727_, 22.093, 68, 0.000135973
hold2, 22.093, 68, 0.000135973
FILLER_0_25_52, 22.093, 68, 0.000135973
_1024_, 35.426, 68, 0.000135678
_1078_, 35.426, 68, 0.000135678
_1342_, 35.426, 68, 0.000135678
_1711_, 35.426, 68, 0.000135678
_1715_, 35.426, 68, 0.000135678
_1719_, 35.426, 68, 0.000135678
_1721_, 35.426, 68, 0.000135678
_2118_, 35.426, 68, 0.000135678
FILLER_0_24_81, 35.426, 68, 0.000135678
FILLER_0_25_84, 35.426, 68, 0.000135678
_1037_, 62.093, 68, 0.000135782
_1049_, 62.093, 68, 0.000135782
_1051_, 62.093, 68, 0.000135782
_1067_, 62.093, 68, 0.000135782
_1068_, 62.093, 68, 0.000135782
_2069_, 62.093, 68, 0.000135782
_2076_, 62.093, 68, 0.000135782
_1542_, 75.426, 68, 0.000130923
_1558_, 75.426, 68, 0.000130923
_1560_, 75.426, 68, 0.000130923
_1561_, 75.426, 68, 0.000130923
_1486_, 102.093, 68, 0.000140476
_1488_, 102.093, 68, 0.000140476
_1491_, 102.093, 68, 0.000140476
_1500_, 102.093, 68, 0.000140476
_1502_, 102.093, 68, 0.000140476
_1538_, 102.093, 68, 0.000140476
FILLER_0_23_211, 102.093, 68, 0.000140476
FILLER_0_23_220, 102.093, 68, 0.000140476
FILLER_0_24_218, 102.093, 68, 0.000140476
FILLER_0_24_226, 102.093, 68, 0.000140476
_1018_, 115.426, 68, 0.000151602
_1401_, 115.426, 68, 0.000151602
_1443_, 115.426, 68, 0.000151602
_1457_, 115.426, 68, 0.000151602
_1471_, 115.426, 68, 0.000151602
_1489_, 115.426, 68, 0.000151602
FILLER_0_24_247, 115.426, 68, 0.000151602
FILLER_0_25_256, 115.426, 68, 0.000151602
_1370_, 142.093, 68, 0.000167967
_1387_, 142.093, 68, 0.000167967
_1388_, 142.093, 68, 0.000167967
_1389_, 142.093, 68, 0.000167967
_1414_, 142.093, 68, 0.000167967
FILLER_0_25_321, 142.093, 68, 0.000167967
_1390_, 155.426, 68, 0.000173644
_1393_, 155.426, 68, 0.000173644
_2037_, 155.426, 68, 0.000173644
clkbuf_4_14_0_i_clk, 155.426, 68, 0.000173644
FILLER_0_24_330, 155.426, 68, 0.000173644
PHY_42, 0.46, 62.56, 0.000128084
PHY_44, 0.46, 62.56, 0.000128084
hold8, 0.46, 62.56, 0.000128084
hold9, 0.46, 62.56, 0.000128084
_1358_, 179.4, 62.56, 0.000162231
PHY_43, 179.4, 62.56, 0.000162231
PHY_45, 179.4, 62.56, 0.000162231
FILLER_0_21_383, 179.4, 62.56, 0.000162231
_1027_, 22.093, 62.56, 0.000129765
_1028_, 22.093, 62.56, 0.000129765
_2117_, 22.093, 62.56, 0.000129765
hold1, 22.093, 62.56, 0.000129765
hold226, 22.093, 62.56, 0.000129765
hold229, 22.093, 62.56, 0.000129765
_1034_, 35.426, 62.56, 0.00012919
_1038_, 35.426, 62.56, 0.00012919
_1720_, 35.426, 62.56, 0.00012919
_2078_, 35.426, 62.56, 0.00012919
hold216, 35.426, 62.56, 0.00012919
hold234, 35.426, 62.56, 0.00012919
FILLER_0_22_67, 35.426, 62.56, 0.00012919
_1036_, 62.093, 62.56, 0.000132048
_1039_, 62.093, 62.56, 0.000132048
_1040_, 62.093, 62.56, 0.000132048
_1042_, 62.093, 62.56, 0.000132048
_1050_, 62.093, 62.56, 0.000132048
_2075_, 62.093, 62.56, 0.000132048
hold231, 62.093, 62.56, 0.000132048
_1144_, 75.426, 62.56, 0.000129003
_1217_, 75.426, 62.56, 0.000129003
_1540_, 75.426, 62.56, 0.000129003
_1557_, 75.426, 62.56, 0.000129003
_1563_, 75.426, 62.56, 0.000129003
_2050_, 75.426, 62.56, 0.000129003
FILLER_0_22_153, 75.426, 62.56, 0.000129003
FILLER_0_22_160, 75.426, 62.56, 0.000129003
FILLER_0_23_176, 75.426, 62.56, 0.000129003
_1092_, 102.093, 62.56, 0.000136623
_1300_, 102.093, 62.56, 0.000136623
_1383_, 102.093, 62.56, 0.000136623
_1487_, 102.093, 62.56, 0.000136623
_1511_, 102.093, 62.56, 0.000136623
FILLER_0_22_226, 102.093, 62.56, 0.000136623
FILLER_0_23_233, 102.093, 62.56, 0.000136623
_1355_, 115.426, 62.56, 0.000147862
_1435_, 115.426, 62.56, 0.000147862
_1442_, 115.426, 62.56, 0.000147862
_1458_, 115.426, 62.56, 0.000147862
FILLER_0_21_243, 115.426, 62.56, 0.000147862
FILLER_0_22_237, 115.426, 62.56, 0.000147862
FILLER_0_22_248, 115.426, 62.56, 0.000147862
FILLER_0_22_253, 115.426, 62.56, 0.000147862
FILLER_0_23_255, 115.426, 62.56, 0.000147862
_1356_, 142.093, 62.56, 0.000165824
_1366_, 142.093, 62.56, 0.000165824
_1371_, 142.093, 62.56, 0.000165824
_1372_, 142.093, 62.56, 0.000165824
_1380_, 142.093, 62.56, 0.000165824
_1381_, 142.093, 62.56, 0.000165824
FILLER_0_22_305, 142.093, 62.56, 0.000165824
FILLER_0_22_309, 142.093, 62.56, 0.000165824
_1373_, 155.426, 62.56, 0.000169227
_1374_, 155.426, 62.56, 0.000169227
_1377_, 155.426, 62.56, 0.000169227
_1378_, 155.426, 62.56, 0.000169227
hold188, 155.426, 62.56, 0.000169227
FILLER_0_23_337, 155.426, 62.56, 0.000169227
_1897_, 0.46, 57.12, 0.000126276
_2055_, 0.46, 57.12, 0.000126276
PHY_38, 0.46, 57.12, 0.000126276
PHY_40, 0.46, 57.12, 0.000126276
_1338_, 179.4, 57.12, 0.000153724
PHY_39, 179.4, 57.12, 0.000153724
PHY_41, 179.4, 57.12, 0.000153724
FILLER_0_19_379, 179.4, 57.12, 0.000153724
_1084_, 22.093, 57.12, 0.000125503
_1712_, 22.093, 57.12, 0.000125503
_2053_, 22.093, 57.12, 0.000125503
hold222, 22.093, 57.12, 0.000125503
hold223, 22.093, 57.12, 0.000125503
_1079_, 35.426, 57.12, 0.000123843
_1082_, 35.426, 57.12, 0.000123843
_2052_, 35.426, 57.12, 0.000123843
hold144, 35.426, 57.12, 0.000123843
hold215, 35.426, 57.12, 0.000123843
hold228, 35.426, 57.12, 0.000123843
FILLER_0_19_73, 35.426, 57.12, 0.000123843
_1022_, 62.093, 57.12, 0.000122847
_1035_, 62.093, 57.12, 0.000122847
_1289_, 62.093, 57.12, 0.000122847
_2032_, 62.093, 57.12, 0.000122847
_2074_, 62.093, 57.12, 0.000122847
FILLER_0_20_141, 62.093, 57.12, 0.000122847
_1131_, 75.426, 57.12, 0.000117232
_1137_, 75.426, 57.12, 0.000117232
_1562_, 75.426, 57.12, 0.000117232
hold232, 75.426, 57.12, 0.000117232
FILLER_0_19_156, 75.426, 57.12, 0.000117232
FILLER_0_20_150, 75.426, 57.12, 0.000117232
FILLER_0_20_168, 75.426, 57.12, 0.000117232
_1017_, 102.093, 57.12, 0.00013172
_1091_, 102.093, 57.12, 0.00013172
_1335_, 102.093, 57.12, 0.00013172
_1352_, 102.093, 57.12, 0.00013172
_1417_, 102.093, 57.12, 0.00013172
FILLER_0_20_230, 102.093, 57.12, 0.00013172
_1310_, 115.426, 57.12, 0.000142432
_1350_, 115.426, 57.12, 0.000142432
_1369_, 115.426, 57.12, 0.000142432
_1384_, 115.426, 57.12, 0.000142432
FILLER_0_21_255, 115.426, 57.12, 0.000142432
_1129_, 142.093, 57.12, 0.000155056
_1311_, 142.093, 57.12, 0.000155056
_1336_, 142.093, 57.12, 0.000155056
_1347_, 142.093, 57.12, 0.000155056
FILLER_0_20_321, 142.093, 57.12, 0.000155056
_1330_, 155.426, 57.12, 0.00015704
_1341_, 155.426, 57.12, 0.00015704
_1344_, 155.426, 57.12, 0.00015704
_1375_, 155.426, 57.12, 0.00015704
_1376_, 155.426, 57.12, 0.00015704
_2035_, 155.426, 57.12, 0.00015704
FILLER_0_21_340, 155.426, 57.12, 0.00015704
_1567_, 0.46, 51.68, 0.000123878
_2013_, 0.46, 51.68, 0.000123878
_2170_, 0.46, 51.68, 0.000123878
PHY_34, 0.46, 51.68, 0.000123878
PHY_36, 0.46, 51.68, 0.000123878
_1315_, 179.4, 51.68, 0.000146652
PHY_35, 179.4, 51.68, 0.000146652
PHY_37, 179.4, 51.68, 0.000146652
hold154, 179.4, 51.68, 0.000146652
FILLER_0_18_382, 179.4, 51.68, 0.000146652
_1023_, 22.093, 51.68, 0.000124913
_1026_, 22.093, 51.68, 0.000124913
_1085_, 22.093, 51.68, 0.000124913
_2031_, 22.093, 51.68, 0.000124913
_2112_, 22.093, 51.68, 0.000124913
_1029_, 35.426, 51.68, 0.000122191
_1081_, 35.426, 51.68, 0.000122191
_1269_, 35.426, 51.68, 0.000122191
_1287_, 35.426, 51.68, 0.000122191
_1606_, 35.426, 51.68, 0.000122191
_1608_, 35.426, 51.68, 0.000122191
hold143, 35.426, 51.68, 0.000122191
_1177_, 62.093, 51.68, 0.000120925
_1178_, 62.093, 51.68, 0.000120925
_1216_, 62.093, 51.68, 0.000120925
_1218_, 62.093, 51.68, 0.000120925
_1264_, 62.093, 51.68, 0.000120925
_1265_, 62.093, 51.68, 0.000120925
_1266_, 62.093, 51.68, 0.000120925
_1279_, 62.093, 51.68, 0.000120925
FILLER_0_18_122, 62.093, 51.68, 0.000120925
_1121_, 75.426, 51.68, 0.000119026
_1133_, 75.426, 51.68, 0.000119026
_1136_, 75.426, 51.68, 0.000119026
_1172_, 75.426, 51.68, 0.000119026
_1244_, 75.426, 51.68, 0.000119026
_1252_, 75.426, 51.68, 0.000119026
FILLER_0_18_157, 75.426, 51.68, 0.000119026
FILLER_0_19_169, 75.426, 51.68, 0.000119026
_1087_, 102.093, 51.68, 0.000127188
_1108_, 102.093, 51.68, 0.000127188
_1351_, 102.093, 51.68, 0.000127188
_1416_, 102.093, 51.68, 0.000127188
FILLER_0_18_219, 102.093, 51.68, 0.000127188
_1015_, 115.426, 51.68, 0.000137925
_1094_, 115.426, 51.68, 0.000137925
_1138_, 115.426, 51.68, 0.000137925
_1170_, 115.426, 51.68, 0.000137925
_1107_, 142.093, 51.68, 0.000142432
_1128_, 142.093, 51.68, 0.000142432
FILLER_0_18_303, 142.093, 51.68, 0.000142432
_1106_, 155.426, 51.68, 0.000145513
_1343_, 155.426, 51.68, 0.000145513
hold141, 155.426, 51.68, 0.000145513
FILLER_0_17_328, 155.426, 51.68, 0.000145513
_2015_, 0.46, 46.24, 0.000128108
_2171_, 0.46, 46.24, 0.000128108
PHY_30, 0.46, 46.24, 0.000128108
PHY_32, 0.46, 46.24, 0.000128108
FILLER_0_17_3, 0.46, 46.24, 0.000128108
PHY_31, 179.4, 46.24, 0.000143766
PHY_33, 179.4, 46.24, 0.000143766
hold236, 179.4, 46.24, 0.000143766
_1013_, 22.093, 46.24, 0.000133945
_2028_, 22.093, 46.24, 0.000133945
_2030_, 22.093, 46.24, 0.000133945
hold106, 22.093, 46.24, 0.000133945
hold134, 22.093, 46.24, 0.000133945
hold135, 22.093, 46.24, 0.000133945
FILLER_0_17_61, 22.093, 46.24, 0.000133945
_1271_, 35.426, 46.24, 0.000131422
_1274_, 35.426, 46.24, 0.000131422
_1278_, 35.426, 46.24, 0.000131422
_1285_, 35.426, 46.24, 0.000131422
hold149, 35.426, 46.24, 0.000131422
hold150, 35.426, 46.24, 0.000131422
FILLER_0_16_80, 35.426, 46.24, 0.000131422
_1235_, 62.093, 46.24, 0.000124932
_1237_, 62.093, 46.24, 0.000124932
_1245_, 62.093, 46.24, 0.000124932
_1253_, 62.093, 46.24, 0.000124932
_1254_, 62.093, 46.24, 0.000124932
_1267_, 62.093, 46.24, 0.000124932
FILLER_0_16_125, 62.093, 46.24, 0.000124932
FILLER_0_17_136, 62.093, 46.24, 0.000124932
FILLER_0_17_145, 62.093, 46.24, 0.000124932
_1109_, 75.426, 46.24, 0.00012084
_1173_, 75.426, 46.24, 0.00012084
_1207_, 75.426, 46.24, 0.00012084
_1208_, 75.426, 46.24, 0.00012084
_1232_, 75.426, 46.24, 0.00012084
_1233_, 75.426, 46.24, 0.00012084
_1234_, 75.426, 46.24, 0.00012084
FILLER_0_16_150, 75.426, 46.24, 0.00012084
FILLER_0_17_177, 75.426, 46.24, 0.00012084
_1014_, 102.093, 46.24, 0.000126289
_1088_, 102.093, 46.24, 0.000126289
_1093_, 102.093, 46.24, 0.000126289
_1353_, 102.093, 46.24, 0.000126289
FILLER_0_15_219, 102.093, 46.24, 0.000126289
FILLER_0_17_221, 102.093, 46.24, 0.000126289
_1140_, 115.426, 46.24, 0.000134468
_1145_, 115.426, 46.24, 0.000134468
_1306_, 115.426, 46.24, 0.000134468
FILLER_0_16_244, 115.426, 46.24, 0.000134468
_1099_, 142.093, 46.24, 0.000144821
_1118_, 142.093, 46.24, 0.000144821
_1119_, 142.093, 46.24, 0.000144821
FILLER_0_16_309, 142.093, 46.24, 0.000144821
_1095_, 155.426, 46.24, 0.000146188
_2073_, 155.426, 46.24, 0.000146188
FILLER_0_17_337, 155.426, 46.24, 0.000146188
_1012_, 0.46, 40.8, 0.00013057
_2116_, 0.46, 40.8, 0.00013057
PHY_26, 0.46, 40.8, 0.00013057
PHY_28, 0.46, 40.8, 0.00013057
FILLER_0_15_3, 0.46, 40.8, 0.00013057
_1112_, 179.4, 40.8, 0.000156864
_1115_, 179.4, 40.8, 0.000156864
PHY_27, 179.4, 40.8, 0.000156864
PHY_29, 179.4, 40.8, 0.000156864
_1243_, 22.093, 40.8, 0.000136753
_1693_, 22.093, 40.8, 0.000136753
_1705_, 22.093, 40.8, 0.000136753
_1934_, 22.093, 40.8, 0.000136753
clkbuf_4_1_0_i_clk, 22.093, 40.8, 0.000136753
hold218, 22.093, 40.8, 0.000136753
FILLER_0_15_60, 22.093, 40.8, 0.000136753
_1239_, 35.426, 40.8, 0.000135486
_1242_, 35.426, 40.8, 0.000135486
_1258_, 35.426, 40.8, 0.000135486
_1259_, 35.426, 40.8, 0.000135486
_1272_, 35.426, 40.8, 0.000135486
_1273_, 35.426, 40.8, 0.000135486
_1275_, 35.426, 40.8, 0.000135486
_1276_, 35.426, 40.8, 0.000135486
_1277_, 35.426, 40.8, 0.000135486
FILLER_0_14_68, 35.426, 40.8, 0.000135486
_1212_, 62.093, 40.8, 0.000127444
_1219_, 62.093, 40.8, 0.000127444
_1221_, 62.093, 40.8, 0.000127444
_1222_, 62.093, 40.8, 0.000127444
_1223_, 62.093, 40.8, 0.000127444
_1228_, 62.093, 40.8, 0.000127444
FILLER_0_13_133, 62.093, 40.8, 0.000127444
FILLER_0_14_125, 62.093, 40.8, 0.000127444
FILLER_0_15_137, 62.093, 40.8, 0.000127444
FILLER_0_15_144, 62.093, 40.8, 0.000127444
_1179_, 75.426, 40.8, 0.00012198
_1182_, 75.426, 40.8, 0.00012198
_1210_, 75.426, 40.8, 0.00012198
_1211_, 75.426, 40.8, 0.00012198
_1220_, 75.426, 40.8, 0.00012198
FILLER_0_13_158, 75.426, 40.8, 0.00012198
FILLER_0_14_163, 75.426, 40.8, 0.00012198
FILLER_0_15_165, 75.426, 40.8, 0.00012198
FILLER_0_15_169, 75.426, 40.8, 0.00012198
_1089_, 102.093, 40.8, 0.000128417
_1090_, 102.093, 40.8, 0.000128417
_1299_, 102.093, 40.8, 0.000128417
FILLER_0_13_216, 102.093, 40.8, 0.000128417
FILLER_0_15_225, 102.093, 40.8, 0.000128417
_1176_, 115.426, 40.8, 0.000138628
_1181_, 115.426, 40.8, 0.000138628
_1331_, 115.426, 40.8, 0.000138628
FILLER_0_14_247, 115.426, 40.8, 0.000138628
FILLER_0_14_253, 115.426, 40.8, 0.000138628
_1097_, 142.093, 40.8, 0.000156047
_1148_, 142.093, 40.8, 0.000156047
_1149_, 142.093, 40.8, 0.000156047
_1152_, 142.093, 40.8, 0.000156047
_1153_, 142.093, 40.8, 0.000156047
FILLER_0_14_316, 142.093, 40.8, 0.000156047
_1111_, 155.426, 40.8, 0.000162162
_1117_, 155.426, 40.8, 0.000162162
_1123_, 155.426, 40.8, 0.000162162
_1154_, 155.426, 40.8, 0.000162162
_1155_, 155.426, 40.8, 0.000162162
_1156_, 155.426, 40.8, 0.000162162
_1162_, 155.426, 40.8, 0.000162162
_1163_, 155.426, 40.8, 0.000162162
FILLER_0_14_335, 155.426, 40.8, 0.000162162
_1703_, 0.46, 35.36, 0.000136908
_2113_, 0.46, 35.36, 0.000136908
PHY_22, 0.46, 35.36, 0.000136908
PHY_24, 0.46, 35.36, 0.000136908
FILLER_0_13_3, 0.46, 35.36, 0.000136908
_1570_, 179.4, 35.36, 0.000156072
PHY_23, 179.4, 35.36, 0.000156072
PHY_25, 179.4, 35.36, 0.000156072
hold99, 179.4, 35.36, 0.000156072
_1241_, 22.093, 35.36, 0.000148816
_1250_, 22.093, 35.36, 0.000148816
clkbuf_4_0_0_i_clk, 22.093, 35.36, 0.000148816
hold82, 22.093, 35.36, 0.000148816
hold84, 22.093, 35.36, 0.000148816
FILLER_0_11_42, 22.093, 35.36, 0.000148816
_1240_, 35.426, 35.36, 0.000150221
_1248_, 35.426, 35.36, 0.000150221
_1251_, 35.426, 35.36, 0.000150221
_1260_, 35.426, 35.36, 0.000150221
_1263_, 35.426, 35.36, 0.000150221
_1598_, 35.426, 35.36, 0.000150221
_1600_, 35.426, 35.36, 0.000150221
hold177, 35.426, 35.36, 0.000150221
FILLER_0_12_73, 35.426, 35.36, 0.000150221
FILLER_0_12_81, 35.426, 35.36, 0.000150221
_1214_, 62.093, 35.36, 0.000146025
_1215_, 62.093, 35.36, 0.000146025
_1226_, 62.093, 35.36, 0.000146025
_1590_, 62.093, 35.36, 0.000146025
_1592_, 62.093, 35.36, 0.000146025
_1597_, 62.093, 35.36, 0.000146025
_1679_, 62.093, 35.36, 0.000146025
FILLER_0_12_137, 62.093, 35.36, 0.000146025
_1183_, 75.426, 35.36, 0.000143028
_1184_, 75.426, 35.36, 0.000143028
_1185_, 75.426, 35.36, 0.000143028
_1206_, 75.426, 35.36, 0.000143028
_1213_, 75.426, 35.36, 0.000143028
_1225_, 75.426, 35.36, 0.000143028
_1227_, 75.426, 35.36, 0.000143028
_1651_, 75.426, 35.36, 0.000143028
hold172, 75.426, 35.36, 0.000143028
_1307_, 102.093, 35.36, 0.000138867
_1308_, 102.093, 35.36, 0.000138867
hold175, 102.093, 35.36, 0.000138867
FILLER_0_11_220, 102.093, 35.36, 0.000138867
FILLER_0_12_224, 102.093, 35.36, 0.000138867
_1348_, 115.426, 35.36, 0.000143021
FILLER_0_11_246, 115.426, 35.36, 0.000143021
_1165_, 142.093, 35.36, 0.000157941
_1188_, 142.093, 35.36, 0.000157941
_1193_, 142.093, 35.36, 0.000157941
_1194_, 142.093, 35.36, 0.000157941
_1195_, 142.093, 35.36, 0.000157941
_1578_, 142.093, 35.36, 0.000157941
FILLER_0_12_297, 142.093, 35.36, 0.000157941
FILLER_0_12_305, 142.093, 35.36, 0.000157941
FILLER_0_13_320, 142.093, 35.36, 0.000157941
_1124_, 155.426, 35.36, 0.000162977
_1150_, 155.426, 35.36, 0.000162977
_1157_, 155.426, 35.36, 0.000162977
_1159_, 155.426, 35.36, 0.000162977
_1160_, 155.426, 35.36, 0.000162977
_1196_, 155.426, 35.36, 0.000162977
_1197_, 155.426, 35.36, 0.000162977
_1575_, 155.426, 35.36, 0.000162977
_1617_, 155.426, 35.36, 0.000162977
_1698_, 0.46, 29.92, 0.000131549
_2011_, 0.46, 29.92, 0.000131549
PHY_18, 0.46, 29.92, 0.000131549
PHY_20, 0.46, 29.92, 0.000131549
hold168, 0.46, 29.92, 0.000131549
FILLER_0_11_3, 0.46, 29.92, 0.000131549
PHY_19, 179.4, 29.92, 0.000158159
PHY_21, 179.4, 29.92, 0.000158159
hold130, 179.4, 29.92, 0.000158159
_1238_, 22.093, 29.92, 0.00013865
_1249_, 22.093, 29.92, 0.00013865
_1687_, 22.093, 29.92, 0.00013865
_1689_, 22.093, 29.92, 0.00013865
_1699_, 22.093, 29.92, 0.00013865
_1930_, 22.093, 29.92, 0.00013865
_2110_, 22.093, 29.92, 0.00013865
hold207, 22.093, 29.92, 0.00013865
_1653_, 35.426, 29.92, 0.000141862
_2029_, 35.426, 29.92, 0.000141862
_2064_, 35.426, 29.92, 0.000141862
hold18, 35.426, 29.92, 0.000141862
hold19, 35.426, 29.92, 0.000141862
FILLER_0_11_83, 35.426, 29.92, 0.000141862
_1589_, 62.093, 29.92, 0.000144258
_1591_, 62.093, 29.92, 0.000144258
_1593_, 62.093, 29.92, 0.000144258
_2062_, 62.093, 29.92, 0.000144258
hold190, 62.093, 29.92, 0.000144258
hold191, 62.093, 29.92, 0.000144258
hold203, 62.093, 29.92, 0.000144258
_1202_, 75.426, 29.92, 0.000141254
_1203_, 75.426, 29.92, 0.000141254
_1205_, 75.426, 29.92, 0.000141254
_1675_, 75.426, 29.92, 0.000141254
_2027_, 75.426, 29.92, 0.000141254
hold72, 75.426, 29.92, 0.000141254
hold171, 75.426, 29.92, 0.000141254
FILLER_0_9_152, 75.426, 29.92, 0.000141254
_1332_, 102.093, 29.92, 0.00014182
_1349_, 102.093, 29.92, 0.00014182
_1659_, 102.093, 29.92, 0.00014182
FILLER_0_10_208, 102.093, 29.92, 0.00014182
_1301_, 115.426, 29.92, 0.000150629
_1657_, 115.426, 29.92, 0.000150629
_1661_, 115.426, 29.92, 0.000150629
_2060_, 115.426, 29.92, 0.000150629
hold45, 115.426, 29.92, 0.000150629
hold46, 115.426, 29.92, 0.000150629
FILLER_0_10_247, 115.426, 29.92, 0.000150629
_1166_, 142.093, 29.92, 0.000166201
_1167_, 142.093, 29.92, 0.000166201
_2026_, 142.093, 29.92, 0.000166201
hold197, 142.093, 29.92, 0.000166201
hold198, 142.093, 29.92, 0.000166201
hold202, 142.093, 29.92, 0.000166201
_1161_, 155.426, 29.92, 0.000167103
_1164_, 155.426, 29.92, 0.000167103
_1576_, 155.426, 29.92, 0.000167103
_1577_, 155.426, 29.92, 0.000167103
_1579_, 155.426, 29.92, 0.000167103
_1580_, 155.426, 29.92, 0.000167103
_1581_, 155.426, 29.92, 0.000167103
hold192, 155.426, 29.92, 0.000167103
_2010_, 0.46, 24.48, 0.00012962
_2169_, 0.46, 24.48, 0.00012962
PHY_14, 0.46, 24.48, 0.00012962
PHY_16, 0.46, 24.48, 0.00012962
FILLER_0_8_3, 0.46, 24.48, 0.00012962
PHY_15, 179.4, 24.48, 0.00014744
PHY_17, 179.4, 24.48, 0.00014744
FILLER_0_8_378, 179.4, 24.48, 0.00014744
_1649_, 22.093, 24.48, 0.000131248
_1931_, 22.093, 24.48, 0.000131248
_1935_, 22.093, 24.48, 0.000131248
_2002_, 22.093, 24.48, 0.000131248
_2094_, 22.093, 24.48, 0.000131248
hold208, 22.093, 24.48, 0.000131248
_1650_, 35.426, 24.48, 0.000132073
_1652_, 35.426, 24.48, 0.000132073
_1683_, 35.426, 24.48, 0.000132073
_1960_, 35.426, 24.48, 0.000132073
_2109_, 35.426, 24.48, 0.000132073
hold25, 35.426, 24.48, 0.000132073
hold205, 35.426, 24.48, 0.000132073
_1654_, 62.093, 24.48, 0.000129115
_1656_, 62.093, 24.48, 0.000129115
_1677_, 62.093, 24.48, 0.000129115
hold28, 62.093, 24.48, 0.000129115
hold33, 62.093, 24.48, 0.000129115
FILLER_0_7_133, 62.093, 24.48, 0.000129115
_1204_, 75.426, 24.48, 0.000127377
_1611_, 75.426, 24.48, 0.000127377
_1612_, 75.426, 24.48, 0.000127377
_1634_, 75.426, 24.48, 0.000127377
_1646_, 75.426, 24.48, 0.000127377
_1655_, 75.426, 24.48, 0.000127377
_1941_, 75.426, 24.48, 0.000127377
hold32, 75.426, 24.48, 0.000127377
_1610_, 102.093, 24.48, 0.000138739
_2079_, 102.093, 24.48, 0.000138739
_2096_, 102.093, 24.48, 0.000138739
hold66, 102.093, 24.48, 0.000138739
hold67, 102.093, 24.48, 0.000138739
hold77, 102.093, 24.48, 0.000138739
FILLER_0_9_233, 102.093, 24.48, 0.000138739
_1585_, 115.426, 24.48, 0.000149853
_1665_, 115.426, 24.48, 0.000149853
clkbuf_4_8_0_i_clk, 115.426, 24.48, 0.000149853
clkbuf_4_9_0_i_clk, 115.426, 24.48, 0.000149853
hold30, 115.426, 24.48, 0.000149853
hold128, 115.426, 24.48, 0.000149853
FILLER_0_9_253, 115.426, 24.48, 0.000149853
_1629_, 142.093, 24.48, 0.000151884
_2059_, 142.093, 24.48, 0.000151884
_2086_, 142.093, 24.48, 0.000151884
hold17, 142.093, 24.48, 0.000151884
hold36, 142.093, 24.48, 0.000151884
hold37, 142.093, 24.48, 0.000151884
_1618_, 155.426, 24.48, 0.000153218
_2057_, 155.426, 24.48, 0.000153218
_2058_, 155.426, 24.48, 0.000153218
hold68, 155.426, 24.48, 0.000153218
hold201, 155.426, 24.48, 0.000153218
FILLER_0_7_324, 155.426, 24.48, 0.000153218
_2054_, 0.46, 19.04, 0.000130912
PHY_10, 0.46, 19.04, 0.000130912
PHY_12, 0.46, 19.04, 0.000130912
PHY_11, 179.4, 19.04, 0.000145512
PHY_13, 179.4, 19.04, 0.000145512
FILLER_0_5_381, 179.4, 19.04, 0.000145512
_1647_, 22.093, 19.04, 0.000131246
_1648_, 22.093, 19.04, 0.000131246
_1932_, 22.093, 19.04, 0.000131246
_1945_, 22.093, 19.04, 0.000131246
_2165_, 22.093, 19.04, 0.000131246
hold122, 22.093, 19.04, 0.000131246
_1686_, 35.426, 19.04, 0.000130557
_1998_, 35.426, 19.04, 0.000130557
_1999_, 35.426, 19.04, 0.000130557
_2001_, 35.426, 19.04, 0.000130557
_2164_, 35.426, 19.04, 0.000130557
hold20, 35.426, 19.04, 0.000130557
FILLER_0_6_64, 35.426, 19.04, 0.000130557
FILLER_0_6_85, 35.426, 19.04, 0.000130557
_1936_, 62.093, 19.04, 0.00012865
_1938_, 62.093, 19.04, 0.00012865
_1986_, 62.093, 19.04, 0.00012865
_2095_, 62.093, 19.04, 0.00012865
hold34, 62.093, 19.04, 0.00012865
FILLER_0_6_136, 62.093, 19.04, 0.00012865
FILLER_0_6_141, 62.093, 19.04, 0.00012865
_1638_, 75.426, 19.04, 0.000127627
_1937_, 75.426, 19.04, 0.000127627
_2091_, 75.426, 19.04, 0.000127627
_2093_, 75.426, 19.04, 0.000127627
hold55, 75.426, 19.04, 0.000127627
FILLER_0_6_153, 75.426, 19.04, 0.000127627
_1615_, 102.093, 19.04, 0.000131675
_1616_, 102.093, 19.04, 0.000131675
_1631_, 102.093, 19.04, 0.000131675
_1658_, 102.093, 19.04, 0.000131675
_1660_, 102.093, 19.04, 0.000131675
hold43, 102.093, 19.04, 0.000131675
FILLER_0_6_210, 102.093, 19.04, 0.000131675
_1942_, 115.426, 19.04, 0.000137898
_1949_, 115.426, 19.04, 0.000137898
_2097_, 115.426, 19.04, 0.000137898
_2101_, 115.426, 19.04, 0.000137898
hold59, 115.426, 19.04, 0.000137898
_1621_, 142.093, 19.04, 0.000152368
_1628_, 142.093, 19.04, 0.000152368
_1966_, 142.093, 19.04, 0.000152368
clkbuf_4_10_0_i_clk, 142.093, 19.04, 0.000152368
clkbuf_4_11_0_i_clk, 142.093, 19.04, 0.000152368
FILLER_0_6_309, 142.093, 19.04, 0.000152368
_1619_, 155.426, 19.04, 0.000150532
_1620_, 155.426, 19.04, 0.000150532
_1624_, 155.426, 19.04, 0.000150532
_2080_, 155.426, 19.04, 0.000150532
_2081_, 155.426, 19.04, 0.000150532
FILLER_0_5_323, 155.426, 19.04, 0.000150532
FILLER_0_6_323, 155.426, 19.04, 0.000150532
FILLER_0_7_337, 155.426, 19.04, 0.000150532
_2007_, 0.46, 13.6, 0.000128878
_2167_, 0.46, 13.6, 0.000128878
PHY_6, 0.46, 13.6, 0.000128878
PHY_8, 0.46, 13.6, 0.000128878
FILLER_0_5_3, 0.46, 13.6, 0.000128878
PHY_7, 179.4, 13.6, 0.000141026
PHY_9, 179.4, 13.6, 0.000141026
_1614_, 22.093, 13.6, 0.000129306
_1933_, 22.093, 13.6, 0.000129306
_2003_, 22.093, 13.6, 0.000129306
hold123, 22.093, 13.6, 0.000129306
hold165, 22.093, 13.6, 0.000129306
hold206, 22.093, 13.6, 0.000129306
FILLER_0_3_47, 22.093, 13.6, 0.000129306
_1995_, 35.426, 13.6, 0.000129612
_1997_, 35.426, 13.6, 0.000129612
_2163_, 35.426, 13.6, 0.000129612
hold120, 35.426, 13.6, 0.000129612
hold121, 35.426, 13.6, 0.000129612
FILLER_0_5_83, 35.426, 13.6, 0.000129612
_1632_, 62.093, 13.6, 0.000128983
_1678_, 62.093, 13.6, 0.000128983
_1982_, 62.093, 13.6, 0.000128983
_1984_, 62.093, 13.6, 0.000128983
_1987_, 62.093, 13.6, 0.000128983
_2151_, 62.093, 13.6, 0.000128983
hold41, 62.093, 13.6, 0.000128983
hold219, 62.093, 13.6, 0.000128983
_1642_, 75.426, 13.6, 0.000127866
_1676_, 75.426, 13.6, 0.000127866
_2089_, 75.426, 13.6, 0.000127866
hold42, 75.426, 13.6, 0.000127866
FILLER_0_3_156, 75.426, 13.6, 0.000127866
_1636_, 102.093, 13.6, 0.000131312
_1944_, 102.093, 13.6, 0.000131312
_2088_, 102.093, 13.6, 0.000131312
hold44, 102.093, 13.6, 0.000131312
_1663_, 115.426, 13.6, 0.000135902
_1670_, 115.426, 13.6, 0.000135902
_2098_, 115.426, 13.6, 0.000135902
_2099_, 115.426, 13.6, 0.000135902
hold31, 115.426, 13.6, 0.000135902
FILLER_0_4_247, 115.426, 13.6, 0.000135902
FILLER_0_4_253, 115.426, 13.6, 0.000135902
FILLER_0_5_258, 115.426, 13.6, 0.000135902
_1627_, 142.093, 13.6, 0.000140765
_1969_, 142.093, 13.6, 0.000140765
_2084_, 142.093, 13.6, 0.000140765
hold26, 142.093, 13.6, 0.000140765
_1622_, 155.426, 13.6, 0.000142453
_2082_, 155.426, 13.6, 0.000142453
_2083_, 155.426, 13.6, 0.000142453
hold27, 155.426, 13.6, 0.000142453
hold74, 155.426, 13.6, 0.000142453
FILLER_0_3_333, 155.426, 13.6, 0.000142453
FILLER_0_4_325, 155.426, 13.6, 0.000142453
_2006_, 0.46, 8.16, 0.000126921
PHY_2, 0.46, 8.16, 0.000126921
PHY_4, 0.46, 8.16, 0.000126921
FILLER_0_3_3, 0.46, 8.16, 0.000126921
PHY_3, 179.4, 8.16, 0.00013896
PHY_5, 179.4, 8.16, 0.00013896
_2005_, 22.093, 8.16, 0.000128543
_2166_, 22.093, 8.16, 0.000128543
FILLER_0_2_53, 22.093, 8.16, 0.000128543
_1662_, 35.426, 8.16, 0.000128362
_1993_, 35.426, 8.16, 0.000128362
hold164, 35.426, 8.16, 0.000128362
FILLER_0_1_76, 35.426, 8.16, 0.000128362
FILLER_0_2_64, 35.426, 8.16, 0.000128362
_1664_, 62.093, 8.16, 0.000129417
_1943_, 62.093, 8.16, 0.000129417
_1985_, 62.093, 8.16, 0.000129417
_2105_, 62.093, 8.16, 0.000129417
_2160_, 62.093, 8.16, 0.000129417
_1980_, 75.426, 8.16, 0.000127706
_1981_, 75.426, 8.16, 0.000127706
_2104_, 75.426, 8.16, 0.000127706
hold23, 75.426, 8.16, 0.000127706
FILLER_0_2_164, 75.426, 8.16, 0.000127706
_1950_, 102.093, 8.16, 0.000128844
_1972_, 102.093, 8.16, 0.000128844
hold60, 102.093, 8.16, 0.000128844
hold102, 102.093, 8.16, 0.000128844
FILLER_0_3_221, 102.093, 8.16, 0.000128844
FILLER_0_3_225, 102.093, 8.16, 0.000128844
_1666_, 115.426, 8.16, 0.000132963
_1953_, 115.426, 8.16, 0.000132963
_1954_, 115.426, 8.16, 0.000132963
_1958_, 115.426, 8.16, 0.000132963
_2154_, 115.426, 8.16, 0.000132963
FILLER_0_2_248, 115.426, 8.16, 0.000132963
FILLER_0_2_253, 115.426, 8.16, 0.000132963
_1625_, 142.093, 8.16, 0.000137358
_1626_, 142.093, 8.16, 0.000137358
_1961_, 142.093, 8.16, 0.000137358
hold51, 142.093, 8.16, 0.000137358
hold98, 142.093, 8.16, 0.000137358
hold108, 142.093, 8.16, 0.000137358
hold52, 155.426, 8.16, 0.000138453
hold64, 155.426, 8.16, 0.000138453
hold65, 155.426, 8.16, 0.000138453
hold71, 155.426, 8.16, 0.000138453
hold94, 155.426, 8.16, 0.000138453
FILLER_0_1_331, 155.426, 8.16, 0.000138453
FILLER_0_2_333, 155.426, 8.16, 0.000138453
PHY_0, 0.46, 2.72, 0.000125676
input3, 0.46, 2.72, 0.000125676
PHY_1, 179.4, 2.72, 0.00013897
_2004_, 22.093, 2.72, 0.000125762
FILLER_0_0_53, 22.093, 2.72, 0.000125762
FILLER_0_1_51, 22.093, 2.72, 0.000125762
_1992_, 35.426, 2.72, 0.000125741
hold110, 35.426, 2.72, 0.000125741
FILLER_0_0_81, 35.426, 2.72, 0.000125741
_1940_, 62.093, 2.72, 0.000126733
_1983_, 62.093, 2.72, 0.000126733
hold112, 62.093, 2.72, 0.000126733
hold113, 62.093, 2.72, 0.000126733
FILLER_0_0_125, 62.093, 2.72, 0.000126733
FILLER_0_0_136, 62.093, 2.72, 0.000126733
FILLER_0_0_147, 62.093, 2.72, 0.000126733
FILLER_0_1_142, 62.093, 2.72, 0.000126733
_1976_, 75.426, 2.72, 0.000127229
_1979_, 75.426, 2.72, 0.000127229
_2159_, 75.426, 2.72, 0.000127229
input1, 75.426, 2.72, 0.000127229
hold114, 75.426, 2.72, 0.000127229
_1947_, 102.093, 2.72, 0.000130861
_1952_, 102.093, 2.72, 0.000130861
_2153_, 102.093, 2.72, 0.000130861
hold101, 102.093, 2.72, 0.000130861
FILLER_0_0_213, 102.093, 2.72, 0.000130861
_1951_, 115.426, 2.72, 0.000134113
_1956_, 115.426, 2.72, 0.000134113
_2155_, 115.426, 2.72, 0.000134113
hold13, 115.426, 2.72, 0.000134113
hold107, 115.426, 2.72, 0.000134113
FILLER_0_0_249, 115.426, 2.72, 0.000134113
_1964_, 142.093, 2.72, 0.000136881
_1965_, 142.093, 2.72, 0.000136881
hold93, 142.093, 2.72, 0.000136881
hold97, 142.093, 2.72, 0.000136881
FILLER_0_0_325, 155.426, 2.72, 0.000137925
FILLER_0_0_333, 155.426, 2.72, 0.000137925
FILLER_0_0_349, 155.426, 2.72, 0.000137925

